08-05 15:03:44.927   431  1392 I 02d10/HiView-SysEventSource: Recycle: recycle resource
08-05 15:03:44.927   431  1392 I 02d10/HiView-SysEventService: Convert2SysEvent: domain is COMMONEVENT, eventName is PUBLISH.
08-05 15:03:44.927  1543  1543 I 02200/JsApp: Launcher_Default tag: LauncherAbilityManager --> getShortcutInfo bundleName: ohos.acts.multimedia.video.videoplayer
08-05 15:03:44.928  1543  1625 I 01120/BundleMgrService: [launcher_service.cpp(GetShortcutInfos):321] GetShortcutInfos called
08-05 15:03:44.928   431  1392 I 02d01/EventLogger: IsInterestedPipelineEvent: event coming! id:0x0, eventName:PUBLISH
08-05 15:03:44.928   431  1392 I 02d01/EventLogger: IsInterestedPipelineEvent: event time:1501945424928 jsonExtraInfo is {"domain_":"COMMONEVENT","name_":"PUBLISH","type_":2,"time_":1501945424921,"tz_":"+0000","pid_":451,"tid_":1401,"uid_":5523,"USER_ID":-1,"PUBLISHER_BUNDLE_NAME":"","PID":451,"UID":5523,"EVENT_NAME":"usual.event.PACKAGE_ADDED","level_":"MINOR","id_":"6955946142703127993","info_":""}
08-05 15:03:44.928   431  1392 W 02d01/EventLogger: IsInterestedPipelineEvent: event: id:0x0, eventName:PUBLISH : EventLogger don't care and don't block other processes
08-05 15:03:44.928   431  1392 I 02d10/HiView-SysEventSource: Recycle: recycle resource
08-05 15:03:44.928   451  1208 I 02f01/AccessTokenKit: [VerifyAccessToken]:VerifyAccessToken called
08-05 15:03:44.928   451  1208 I 02f01/AccessTokenKit: [VerifyAccessToken]:tokenID=537843943, permissionName=ohos.permission.GET_BUNDLE_INFO_PRIVILEGED
08-05 15:03:44.928   560   635 I 02f01/AccessTokenManagerStub: [OnRemoteRequest]:OnRemoteRequest called, code: 65296
08-05 15:03:44.928   560   635 I 02f01/AccessTokenManagerService: [VerifyAccessToken]:called, tokenID: 0x200ed8e7, permissionName: ohos.permission.GET_BUNDLE_INFO_PRIVILEGED
08-05 15:03:44.928   560   635 I 02f01/PermissionManager: [VerifyAccessToken]:VerifyAccessToken called, tokenID: 537843943, permissionName: ohos.permission.GET_BUNDLE_INFO_PRIVILEGED
08-05 15:03:44.929   451  1208 I 01120/BundleMgrService: [bundle_util.cpp(GetUserIdByCallingUid):249] get calling uid(20010013)
08-05 15:03:44.929   283  1405 I 08800/CesFwk: [common_event_listener.cpp:(OnReceiveEvent):123] end
08-05 15:03:44.929  1543  1543 I 02200/JsApp: Launcher_Default tag: FormModel --> getFormsInfoByBundleName bundleName: ohos.acts.multimedia.video.videoplayer
08-05 15:03:44.929  1543  1543 I 02200/JsApp: Launcher_Default tag: FormManager --> getFormsInfoByApp bundle: ohos.acts.multimedia.video.videoplayer
08-05 15:03:44.929  1543  1543 I 01151/FmskitNative: [napi_form_host.cpp(NAPI_GetFormsInfo:3268)]NAPI_GetFormsInfo called.
08-05 15:03:44.929  1543  1543 I 01151/FmskitNative: [napi_form_host.cpp(NAPI_GetFormsInfo:3278)]NAPI_GetFormsInfo, argc = [1]
08-05 15:03:44.929  1543  1543 I 01151/FmskitNative: [napi_form_host.cpp(NAPI_GetFormsInfo:3284)]NAPI_GetFormsInfo, bundleName=ohos.acts.multimedia.video.videoplayer.
08-05 15:03:44.929  1543  1543 I 01151/FmskitNative: [napi_form_host.cpp(GetGlobalAbility:70)]GetGlobalAbility, ability
08-05 15:03:44.929  1543  1543 I 01151/FmskitNative: [napi_form_host.cpp(GetGlobalAbility:77)]GetGlobalAbility, Use Local tmp Ability for Stage Module
08-05 15:03:44.929  1543  1543 I 01151/FmskitNative: [napi_form_host.cpp(GetFormsInfoPromise:3178)]GetFormsInfoPromise, promise.
08-05 15:03:44.929  1543  1626 I 01151/FmskitNative: [napi_form_host.cpp(operator():3150)]NAPI_GetFormsInfo byApp execute callback
08-05 15:03:44.929  1543  1626 I 02200/Ability: [ability.cpp(GetFormsInfoByApp:3476)]GetFormsInfoByApp called.
08-05 15:03:44.929  1543  1626 I 01151/FmskitNative: [form_mgr.cpp(GetRecoverStatus:361)]GetRecoverStatus called.
08-05 15:03:44.929  1543  1626 I 01151/FmskitNative: [form_mgr.cpp(GetFormsInfoByApp:706)]GetFormsInfoByApp start.
08-05 15:03:44.930   560   666 I 02f01/SqliteStorage: [RefreshAll]:commit transaction.
08-05 15:03:44.930   451  1434 I 02f01/AccessTokenKit: [VerifyAccessToken]:VerifyAccessToken called
08-05 15:03:44.930   451  1434 I 02f01/AccessTokenKit: [VerifyAccessToken]:tokenID=537358819, permissionName=ohos.permission.GET_BUNDLE_INFO
08-05 15:03:44.930   451  1221 I 01120/FormMgrService: [form_mgr_stub.cpp(OnRemoteRequest:125)]FormMgrStub::OnReceived, code = 3028, flags= 0.
08-05 15:03:44.930   451  1221 I 01120/FormMgrService: [form_mgr_stub.cpp(HandleGetFormsInfoByApp:764)]HandleGetFormsInfoByApp called.
08-05 15:03:44.930   451  1221 I 01120/FormMgrService: [form_mgr_service.cpp(GetFormsInfoByApp:668)]GetFormsInfoByApp called.
08-05 15:03:44.930  1543  1628 I 01120/BundleMgrService: [launcher_service.cpp(GetAbilityList):114] GetAbilityList called
08-05 15:03:44.930   451  1221 I 02f01/AccessTokenKit: [VerifyAccessToken]:VerifyAccessToken called
08-05 15:03:44.930   451  1221 I 02f01/AccessTokenKit: [VerifyAccessToken]:tokenID=537843943, permissionName=ohos.permission.GET_BUNDLE_INFO_PRIVILEGED
08-05 15:03:44.931   451  2812 I 02f01/AccessTokenKit: [VerifyAccessToken]:VerifyAccessToken called
08-05 15:03:44.931   451  2812 I 02f01/AccessTokenKit: [VerifyAccessToken]:tokenID=537843943, permissionName=ohos.permission.GET_BUNDLE_INFO_PRIVILEGED
08-05 15:03:44.931  1543  1543 I 03900/NAPI: [native_api.cpp(napi_call_function)] engine: 00000000933AA840, nativeRecv: 0000000000000000, nativeFunc: 00000000934407E0, nativeArgv: 00000000CACE0878, resultValue: 0000000094F52840
08-05 15:03:44.931   560  1891 I 02f01/AccessTokenManagerStub: [OnRemoteRequest]:OnRemoteRequest called, code: 65296
08-05 15:03:44.931   560  1891 I 02f01/AccessTokenManagerService: [VerifyAccessToken]:called, tokenID: 0x200ed8e7, permissionName: ohos.permission.GET_BUNDLE_INFO_PRIVILEGED
08-05 15:03:44.931   560  1891 I 02f01/PermissionManager: [VerifyAccessToken]:VerifyAccessToken called, tokenID: 537843943, permissionName: ohos.permission.GET_BUNDLE_INFO_PRIVILEGED
08-05 15:03:44.931   560   560 I 02f01/AccessTokenManagerStub: [OnRemoteRequest]:OnRemoteRequest called, code: 65296
08-05 15:03:44.931   451  1221 E 01120/FormMgrService: [form_info_mgr.cpp(GetFormsInfoByBundle:446)]no forms found.
08-05 15:03:44.931   560   560 I 02f01/AccessTokenManagerService: [VerifyAccessToken]:called, tokenID: 0x200ed8e7, permissionName: ohos.permission.GET_BUNDLE_INFO_PRIVILEGED
08-05 15:03:44.931   560   560 I 02f01/PermissionManager: [VerifyAccessToken]:VerifyAccessToken called, tokenID: 537843943, permissionName: ohos.permission.GET_BUNDLE_INFO_PRIVILEGED
08-05 15:03:44.931   560   635 I 02f01/AccessTokenManagerStub: [OnRemoteRequest]:OnRemoteRequest called, code: 65296
08-05 15:03:44.931   560   635 I 02f01/AccessTokenManagerService: [VerifyAccessToken]:called, tokenID: 0x200771e3, permissionName: ohos.permission.GET_BUNDLE_INFO
08-05 15:03:44.931  1543  1626 E 01120/FormMgrService: [form_mgr_proxy.cpp(GetFormsInfo:738)]GetFormsInfo, failed to read reply result
08-05 15:03:44.931   560   635 I 02f01/PermissionManager: [VerifyAccessToken]:VerifyAccessToken called, tokenID: 537358819, permissionName: ohos.permission.GET_BUNDLE_INFO
08-05 15:03:44.931  1543  1626 E 01120/FormMgrService: [form_mgr_proxy.cpp(GetFormsInfoByApp:1080)]GetFormsInfoByApp, failed to GetAllFormsInfo: 2293766
08-05 15:03:44.931   451  2812 I 01120/BundleMgrService: [bundle_util.cpp(GetUserIdByCallingUid):249] get calling uid(20010013)
08-05 15:03:44.931  1543  1543 I 01151/FmskitNative: [napi_form_host.cpp(operator():2993)]operator(), promise complete
08-05 15:03:44.932  1543  1543 E 02200/JsApp: Launcher_Default tag: FormModel --> getFormsInfoByBundleName err: {"code":5,"message":"failed to obtain the bundle information"}
08-05 15:03:44.932  1543  1543 W 02200/JsApp: AppStorage: setOrCreate('formMgrItem') with newValue == undefined not allowed.
08-05 15:03:44.932  2834  2834 I 0a002/PARAM: [param_request.c:49]ParameterDeinit 
08-05 15:03:44.932  2834  2834 I 0a002/PARAM: [param_base.c:170]CloseParamWorkSpace 0x7fa7aecf80
08-05 15:03:44.933  2834  2834 I 0a002/PARAM: [param_request.c:49]ParameterDeinit 
08-05 15:03:44.933  2834  2834 I 0a002/PARAM: [param_base.c:170]CloseParamWorkSpace 0x7fa7aecf80
08-05 15:03:44.933   451  2812 W 01510/BinderInvoker: <private>(<private>) write fd : <private>
08-05 15:03:44.933  1543  1628 W 01510/BinderInvoker: <private>:<private> : fd = <private>
08-05 15:03:44.933  1543  1625 E 01120/BundleMgrService: [launcher_service.cpp(GetShortcutInfos):338] ShortcutInfo is not exist in system
08-05 15:03:44.934  1543  1625 E 01120/BundleMgrService: [js_launcher.cpp(InnerJSGetShortcutInfos):886] GetShortcutInfos call error
08-05 15:03:44.935   451  2812 I 01120/BundleMgrService: [bundle_mgr_host.cpp(HandleGetBundleInfo):293] name ohos.acts.multimedia.video.videoplayer, flag 0
08-05 15:03:44.935   451   451 E 01120/BundleMgrService: [bundle_mgr_host_impl.cpp(QueryExtensionAbilityInfos):1251] no valid extension info can be inquired
08-05 15:03:44.935   451  1434 E 01120/BundleMgrService: [bundle_permission_mgr.cpp(VerifyCallingPermission):563] permission ohos.permission.GET_BUNDLE_INFO: PERMISSION_DENIED
08-05 15:03:44.935   451  1434 I 02f01/AccessTokenKit: [VerifyAccessToken]:VerifyAccessToken called
08-05 15:03:44.935   451  1434 I 02f01/AccessTokenKit: [VerifyAccessToken]:tokenID=537358819, permissionName=ohos.permission.GET_BUNDLE_INFO_PRIVILEGED
08-05 15:03:44.935   560   635 I 02f01/AccessTokenManagerStub: [OnRemoteRequest]:OnRemoteRequest called, code: 65296
08-05 15:03:44.935   560   635 I 02f01/AccessTokenManagerService: [VerifyAccessToken]:called, tokenID: 0x200771e3, permissionName: ohos.permission.GET_BUNDLE_INFO_PRIVILEGED
08-05 15:03:44.935   560   635 I 02f01/PermissionManager: [VerifyAccessToken]:VerifyAccessToken called, tokenID: 537358819, permissionName: ohos.permission.GET_BUNDLE_INFO_PRIVILEGED
08-05 15:03:44.936   451  2812 I 02f01/AccessTokenKit: [VerifyAccessToken]:VerifyAccessToken called
08-05 15:03:44.936   451  2812 I 02f01/AccessTokenKit: [VerifyAccessToken]:tokenID=537843943, permissionName=ohos.permission.GET_BUNDLE_INFO
08-05 15:03:44.936   451  1434 E 01120/BundleMgrService: [bundle_data_mgr.cpp(QueryAbilityInfos):452] no matching abilityInfo
08-05 15:03:44.936   560   635 I 02f01/AccessTokenManagerStub: [OnRemoteRequest]:OnRemoteRequest called, code: 65296
08-05 15:03:44.936  1535  1666 E 01120/BundleMgrService: [bundle_mgr_proxy.cpp(GetParcelableInfosFromAshmem):2687] ReadParcelableInfo failed
08-05 15:03:44.936  1535  1666 E 01120/BundleMgrService: [bundle_mgr_proxy.cpp(QueryAbilityInfos):831] fail to QueryAbilityInfos mutiparam from server
08-05 15:03:44.936   560   635 I 02f01/AccessTokenManagerService: [VerifyAccessToken]:called, tokenID: 0x200ed8e7, permissionName: ohos.permission.GET_BUNDLE_INFO
08-05 15:03:44.936   560   635 I 02f01/PermissionManager: [VerifyAccessToken]:VerifyAccessToken called, tokenID: 537843943, permissionName: ohos.permission.GET_BUNDLE_INFO
08-05 15:03:44.936   451  2812 E 01120/BundleMgrService: [bundle_permission_mgr.cpp(VerifyCallingPermission):563] permission ohos.permission.GET_BUNDLE_INFO: PERMISSION_DENIED
08-05 15:03:44.936   451  2812 I 02f01/AccessTokenKit: [VerifyAccessToken]:VerifyAccessToken called
08-05 15:03:44.936   451  2812 I 02f01/AccessTokenKit: [VerifyAccessToken]:tokenID=537843943, permissionName=ohos.permission.GET_BUNDLE_INFO_PRIVILEGED
08-05 15:03:44.936   560   635 I 02f01/AccessTokenManagerStub: [OnRemoteRequest]:OnRemoteRequest called, code: 65296
08-05 15:03:44.936   560   635 I 02f01/AccessTokenManagerService: [VerifyAccessToken]:called, tokenID: 0x200ed8e7, permissionName: ohos.permission.GET_BUNDLE_INFO_PRIVILEGED
08-05 15:03:44.936   560   635 I 02f01/PermissionManager: [VerifyAccessToken]:VerifyAccessToken called, tokenID: 537843943, permissionName: ohos.permission.GET_BUNDLE_INFO_PRIVILEGED
08-05 15:03:44.937   451  2812 I 01120/BundleMgrService: [bundle_util.cpp(GetUserIdByCallingUid):249] get calling uid(20010013)
08-05 15:03:44.937   304  1213 E 01120/BundleMgrService: [bundle_mgr_proxy.cpp(GetParcelableInfos):2659] readParcelableInfo failed
08-05 15:03:44.937   304  1213 E 01120/BundleMgrService: [bundle_mgr_proxy.cpp(QueryExtensionAbilityInfos):2196] fail to obtain extensionInfos
08-05 15:03:44.937  1535  1790 E 02200/JsApp: SystemUI_Default tag: SourceLoader-BundleParseUtil --> queryAbilityWithBundleName, queryAbilityByWant error: 1
08-05 15:03:44.937  1535  1790 E 01120/BundleMgrService: [bundle_mgr.cpp(GetStringFromNAPI):1189] GetStringFromNAPI type mismatch!
08-05 15:03:44.937  1535  1790 E 01120/BundleMgrService: [bundle_mgr.cpp(GetStringFromNAPI):1189] GetStringFromNAPI type mismatch!
08-05 15:03:44.937  1535  1790 E 01120/BundleMgrService: [bundle_mgr.cpp(GetStringFromNAPI):1189] GetStringFromNAPI type mismatch!
08-05 15:03:44.937  1535  1790 E 01120/BundleMgrService: [bundle_mgr.cpp(GetStringFromNAPI):1189] GetStringFromNAPI type mismatch!
08-05 15:03:44.937  1535  1790 E 01120/BundleMgrService: [bundle_mgr.cpp(GetStringFromNAPI):1189] GetStringFromNAPI type mismatch!
08-05 15:03:44.937  1535  1790 E 01120/BundleMgrService: [bundle_mgr.cpp(ParseStringArray):1393] args not array
08-05 15:03:44.937  1535  1790 I 01120/BundleMgrService: [bundle_mgr.cpp(ParseInt):1212] valuetype=3.
08-05 15:03:44.938  1535  1790 I 01120/BundleMgrService: [bundle_mgr.cpp(ParseInt):1216] param=20.
08-05 15:03:44.938  1535  1790 I 01120/BundleMgrService: [bundle_mgr.cpp(ParseInt):1212] valuetype=3.
08-05 15:03:44.938  1535  1790 I 01120/BundleMgrService: [bundle_mgr.cpp(ParseInt):1216] param=34.
08-05 15:03:44.938  1535  1790 I 01120/BundleMgrService: [bundle_mgr.cpp(ParseInt):1212] valuetype=3.
08-05 15:03:44.938  1535  1790 I 01120/BundleMgrService: [bundle_mgr.cpp(ParseInt):1216] param=100.
08-05 15:03:44.939   243  2811 W 01510/IPCObjectProxy: <private>: handle = 56 call OnRemoteDied
08-05 15:03:44.939   451  2812 I 02f01/AccessTokenKit: [VerifyAccessToken]:VerifyAccessToken called
08-05 15:03:44.939   451  2812 I 02f01/AccessTokenKit: [VerifyAccessToken]:tokenID=537358819, permissionName=ohos.permission.GET_BUNDLE_INFO
08-05 15:03:44.939   560   635 I 02f01/AccessTokenManagerStub: [OnRemoteRequest]:OnRemoteRequest called, code: 65296
08-05 15:03:44.939   560   635 I 02f01/AccessTokenManagerService: [VerifyAccessToken]:called, tokenID: 0x200771e3, permissionName: ohos.permission.GET_BUNDLE_INFO
08-05 15:03:44.939   560   635 I 02f01/PermissionManager: [VerifyAccessToken]:VerifyAccessToken called, tokenID: 537358819, permissionName: ohos.permission.GET_BUNDLE_INFO
08-05 15:03:44.939   451  2812 E 01120/BundleMgrService: [bundle_permission_mgr.cpp(VerifyCallingPermission):563] permission ohos.permission.GET_BUNDLE_INFO: PERMISSION_DENIED
08-05 15:03:44.939   451  2812 I 02f01/AccessTokenKit: [VerifyAccessToken]:VerifyAccessToken called
08-05 15:03:44.939   451  2812 I 02f01/AccessTokenKit: [VerifyAccessToken]:tokenID=537358819, permissionName=ohos.permission.GET_BUNDLE_INFO_PRIVILEGED
08-05 15:03:44.939   243  2811 I 0a003/PARAM_WATCHER: [watcher_manager.cpp:98]DelWatcher watcherId 63 prefix debug.hitrace.tags.enableflags
08-05 15:03:44.939  1543  1543 I 01120/BundleMgrService: [js_launcher.cpp(ConvertApplicationInfo):240] ConvertApplicationInfo entryDir=/data/app/el1/bundle/public/ohos.acts.multimedia.video.videoplayer/ohos.acts.multimedia.video.videoplayer.
08-05 15:03:44.939   560   635 I 02f01/AccessTokenManagerStub: [OnRemoteRequest]:OnRemoteRequest called, code: 65296
08-05 15:03:44.939   560   635 I 02f01/AccessTokenManagerService: [VerifyAccessToken]:called, tokenID: 0x200771e3, permissionName: ohos.permission.GET_BUNDLE_INFO_PRIVILEGED
08-05 15:03:44.939   560   666 I 02f01/SqliteStorage: [RefreshAll]:commit transaction.
08-05 15:03:44.939   560   635 I 02f01/PermissionManager: [VerifyAccessToken]:VerifyAccessToken called, tokenID: 537358819, permissionName: ohos.permission.GET_BUNDLE_INFO_PRIVILEGED
08-05 15:03:44.939  1543  1543 I 02200/JsApp: Launcher_Default tag: LauncherAbilityManager --> getLauncherAbilityInfo length: 1
08-05 15:03:44.940   451  2812 E 01120/BundleMgrService: [bundle_data_mgr.cpp(QueryExtensionAbilityInfos):2460] no matching abilityInfo
08-05 15:03:44.940   451  2812 E 01120/BundleMgrService: [bundle_mgr_host_impl.cpp(QueryExtensionAbilityInfos):1192] QueryExtensionAbilityInfos is failed
08-05 15:03:44.940  1543  1543 I 02200/JsApp: Launcher_Default tag: ResourceManager --> getAppNameSync getResourceManager cacheKey: 16777216ohos.acts.multimedia.video.videoplayer
08-05 15:03:44.940   243  2811 W 01510/IPCObjectProxy: not databus dbinder, need do nothing
08-05 15:03:44.940  1535  1664 E 01120/BundleMgrService: [bundle_mgr_proxy.cpp(GetParcelableInfos):2659] readParcelableInfo failed
08-05 15:03:44.940   243  2811 W 01510/IPCObjectProxy: destroy, desc: IPCObjectProxy56
08-05 15:03:44.940  1535  1664 E 01120/BundleMgrService: [bundle_mgr_proxy.cpp(QueryExtensionAbilityInfos):2140] fail to obtain extensionInfos
08-05 15:03:44.940   244   244 I 01800/SAMGR: SystemAbilityManagerStub::OnReceived, code = 12, callerPid = 1543, flags= 0
08-05 15:03:44.940  1535  1790 E 02200/JsApp: SystemUI_Default tag: SourceLoader-BundleParseUtil --> queryAbilityWithBundleName, queryExtensionAbilityInfos error: 1
08-05 15:03:44.941  1535  1790 I 02200/JsApp: SystemUI_Default tag: PluginDataSourceManager --> abilityInfos: []
08-05 15:03:44.941   244   244 I 01800/SAMGR: found service : 401.
08-05 15:03:44.941  1543  1543 I 01510/IPCProcessSkeleton: sptr<OHOS::IRemoteObject> OHOS::IPCProcessSkeleton::FindOrNewObject(int) 170: handle:18, proto:0
08-05 15:03:44.941   431  1384 I 02d10/HiView-SysEventSource: Parser: parser result domain_=SAMGR eventName_=SAMGR_GETSA_FREQUENCY
08-05 15:03:44.941  1543  1543 I 01120/BundleMgrService: [bundle_mgr_proxy.cpp(BundleMgrProxy):66] create bundle mgr proxy instance
08-05 15:03:44.942   451  2812 I 01120/BundleMgrService: [bundle_mgr_host.cpp(HandleGetBundleInfo):293] name ohos.acts.multimedia.video.videoplayer, flag 0
08-05 15:03:44.942   431  1392 I 02d10/HiView-SysEventService: Convert2SysEvent: domain is SAMGR, eventName is SAMGR_GETSA_FREQUENCY.
08-05 15:03:44.943   451  2812 I 02f01/AccessTokenKit: [VerifyAccessToken]:VerifyAccessToken called
08-05 15:03:44.943   451  2812 I 02f01/AccessTokenKit: [VerifyAccessToken]:tokenID=537843943, permissionName=ohos.permission.GET_BUNDLE_INFO
08-05 15:03:44.943   560   635 I 02f01/AccessTokenManagerStub: [OnRemoteRequest]:OnRemoteRequest called, code: 65296
08-05 15:03:44.943   560   635 I 02f01/AccessTokenManagerService: [VerifyAccessToken]:called, tokenID: 0x200ed8e7, permissionName: ohos.permission.GET_BUNDLE_INFO
08-05 15:03:44.943   560   635 I 02f01/PermissionManager: [VerifyAccessToken]:VerifyAccessToken called, tokenID: 537843943, permissionName: ohos.permission.GET_BUNDLE_INFO
08-05 15:03:44.943   431  1392 I 02d01/EventLogger: IsInterestedPipelineEvent: event coming! id:0x0, eventName:SAMGR_GETSA_FREQUENCY
08-05 15:03:44.943   431  1392 I 02d01/EventLogger: IsInterestedPipelineEvent: event time:1501945424943 jsonExtraInfo is {"domain_":"SAMGR","name_":"SAMGR_GETSA_FREQUENCY","type_":2,"time_":1501945424941,"tz_":"+0000","pid_":244,"tid_":244,"uid_":5555,"CALLER_PID":1543,"SAID":401,"level_":"MINOR","tag_":"statistic","id_":"12496438405264982927","info_":""}
08-05 15:03:44.943   431  1392 W 02d01/EventLogger: IsInterestedPipelineEvent: event: id:0x0, eventName:SAMGR_GETSA_FREQUENCY : EventLogger don't care and don't block other processes
08-05 15:03:44.943   431  1392 I 02d10/HiView-SysEventSource: Recycle: recycle resource
08-05 15:03:44.943   451  2812 E 01120/BundleMgrService: [bundle_permission_mgr.cpp(VerifyCallingPermission):563] permission ohos.permission.GET_BUNDLE_INFO: PERMISSION_DENIED
08-05 15:03:44.943   451  2812 I 02f01/AccessTokenKit: [VerifyAccessToken]:VerifyAccessToken called
08-05 15:03:44.943   451  2812 I 02f01/AccessTokenKit: [VerifyAccessToken]:tokenID=537843943, permissionName=ohos.permission.GET_BUNDLE_INFO_PRIVILEGED
08-05 15:03:44.944   560   635 I 02f01/AccessTokenManagerStub: [OnRemoteRequest]:OnRemoteRequest called, code: 65296
08-05 15:03:44.944   560   635 I 02f01/AccessTokenManagerService: [VerifyAccessToken]:called, tokenID: 0x200ed8e7, permissionName: ohos.permission.GET_BUNDLE_INFO_PRIVILEGED
08-05 15:03:44.944   560   635 I 02f01/PermissionManager: [VerifyAccessToken]:VerifyAccessToken called, tokenID: 537843943, permissionName: ohos.permission.GET_BUNDLE_INFO_PRIVILEGED
08-05 15:03:44.952   560   666 I 02f01/SqliteStorage: [RefreshAll]:commit transaction.
08-05 15:03:44.967  1543  1543 I 01120/BundleMgrService: [bundle_mgr_proxy.cpp(~BundleMgrProxy):71] destroy create bundle mgr proxy instance
08-05 15:03:44.967  1543  1543 E 01150/AppkitNative: [context_impl.cpp(GetHapModuleInfo:478)]ContextImpl::GetHapModuleInfo, hapModuleInfo is empty
08-05 15:03:44.967  1543  1543 I 02200/Runtime: [js_runtime.cpp(LoadSystemModule:969)]JsRuntime::LoadSystemModule(application.Context)
08-05 15:03:44.967  1543  1543 I 03900/NAPI: [ark_native_engine_impl.cpp(operator())] load module application.Context success, module already exists
08-05 15:03:44.967  1543  1543 I 02200/Runtime: [js_runtime.cpp(PrintVmLog:461)]ArkLog: EcmaVM::ExecutePromisePendingJob can not reentrant
08-05 15:03:44.968  1543  1543 E 02200/JsApp: Launcher_Default tag: LauncherAbilityManager --> getShortcutInfo error: 1
08-05 15:03:44.968  1543  1543 I 02200/JsApp: Launcher_Default tag: ResourceManager --> getAppNameSync resMgrName: entry_MainAbility
08-05 15:03:44.968   244   244 I 01800/SAMGR: SystemAbilityManagerStub::OnReceived, code = 12, callerPid = 1543, flags= 0
08-05 15:03:44.969   244   244 I 01800/SAMGR: found service : 401.
08-05 15:03:44.969  1543  1543 I 01510/IPCProcessSkeleton: sptr<OHOS::IRemoteObject> OHOS::IPCProcessSkeleton::FindOrNewObject(int) 170: handle:18, proto:0
08-05 15:03:44.969  1543  1543 I 01120/BundleMgrService: [bundle_mgr_proxy.cpp(BundleMgrProxy):66] create bundle mgr proxy instance
08-05 15:03:44.970   431  1384 I 02d10/HiView-SysEventSource: Parser: parser result domain_=SAMGR eventName_=SAMGR_GETSA_FREQUENCY
08-05 15:03:44.970   431  1392 I 02d10/HiView-SysEventService: Convert2SysEvent: domain is SAMGR, eventName is SAMGR_GETSA_FREQUENCY.
08-05 15:03:44.970   451  2812 I 01120/BundleMgrService: [bundle_mgr_host.cpp(HandleGetBundleInfo):293] name ohos.acts.multimedia.video.videoplayer, flag 0
08-05 15:03:44.970   451  2812 I 02f01/AccessTokenKit: [VerifyAccessToken]:VerifyAccessToken called
08-05 15:03:44.970   451  2812 I 02f01/AccessTokenKit: [VerifyAccessToken]:tokenID=537843943, permissionName=ohos.permission.GET_BUNDLE_INFO
08-05 15:03:44.970   431  1392 I 02d01/EventLogger: IsInterestedPipelineEvent: event coming! id:0x0, eventName:SAMGR_GETSA_FREQUENCY
08-05 15:03:44.971   431  1392 I 02d01/EventLogger: IsInterestedPipelineEvent: event time:1501945424971 jsonExtraInfo is {"domain_":"SAMGR","name_":"SAMGR_GETSA_FREQUENCY","type_":2,"time_":1501945424969,"tz_":"+0000","pid_":244,"tid_":244,"uid_":5555,"CALLER_PID":1543,"SAID":401,"level_":"MINOR","tag_":"statistic","id_":"14166362993498597292","info_":""}
08-05 15:03:44.971   560   635 I 02f01/AccessTokenManagerStub: [OnRemoteRequest]:OnRemoteRequest called, code: 65296
08-05 15:03:44.971   431  1392 W 02d01/EventLogger: IsInterestedPipelineEvent: event: id:0x0, eventName:SAMGR_GETSA_FREQUENCY : EventLogger don't care and don't block other processes
08-05 15:03:44.971   560   635 I 02f01/AccessTokenManagerService: [VerifyAccessToken]:called, tokenID: 0x200ed8e7, permissionName: ohos.permission.GET_BUNDLE_INFO
08-05 15:03:44.971   560   635 I 02f01/PermissionManager: [VerifyAccessToken]:VerifyAccessToken called, tokenID: 537843943, permissionName: ohos.permission.GET_BUNDLE_INFO
08-05 15:03:44.971   431  1392 I 02d10/HiView-SysEventSource: Recycle: recycle resource
08-05 15:03:44.971   451  2812 E 01120/BundleMgrService: [bundle_permission_mgr.cpp(VerifyCallingPermission):563] permission ohos.permission.GET_BUNDLE_INFO: PERMISSION_DENIED
08-05 15:03:44.971   451  2812 I 02f01/AccessTokenKit: [VerifyAccessToken]:VerifyAccessToken called
08-05 15:03:44.971   451  2812 I 02f01/AccessTokenKit: [VerifyAccessToken]:tokenID=537843943, permissionName=ohos.permission.GET_BUNDLE_INFO_PRIVILEGED
08-05 15:03:44.971   560   635 I 02f01/AccessTokenManagerStub: [OnRemoteRequest]:OnRemoteRequest called, code: 65296
08-05 15:03:44.971   560   635 I 02f01/AccessTokenManagerService: [VerifyAccessToken]:called, tokenID: 0x200ed8e7, permissionName: ohos.permission.GET_BUNDLE_INFO_PRIVILEGED
08-05 15:03:44.971   560   635 I 02f01/PermissionManager: [VerifyAccessToken]:VerifyAccessToken called, tokenID: 537843943, permissionName: ohos.permission.GET_BUNDLE_INFO_PRIVILEGED
08-05 15:03:44.992  1543  1543 I 01120/BundleMgrService: [bundle_mgr_proxy.cpp(~BundleMgrProxy):71] destroy create bundle mgr proxy instance
08-05 15:03:44.993  1543  1543 E 01150/AppkitNative: [context_impl.cpp(GetHapModuleInfo:478)]ContextImpl::GetHapModuleInfo, hapModuleInfo is empty
08-05 15:03:44.993  1543  1543 I 02200/Runtime: [js_runtime.cpp(LoadSystemModule:969)]JsRuntime::LoadSystemModule(application.Context)
08-05 15:03:44.993  1543  1543 I 03900/NAPI: [ark_native_engine_impl.cpp(operator())] load module application.Context success, module already exists
08-05 15:03:44.993  1543  1543 I 02200/Runtime: [js_runtime.cpp(PrintVmLog:461)]ArkLog: EcmaVM::ExecutePromisePendingJob can not reentrant
08-05 15:03:44.994  1543  1543 I 02200/JsApp: Launcher_Default tag: AppResourceCacheManager --> setCache cacheKey: 16777218ohos.acts.multimedia.video.videoplayer, cacheType: icon
08-05 15:03:44.996  1543  1543 I 02200/JsApp: Launcher_Default tag: AppModel --> installationSubscriberCallBack abilityInfos: [{"appName":"entry_MainAbility","isSystemApp":true,"isUninstallAble":true,"appIconId":16777218,"appLabelId":16777216,"bundleName":"ohos.acts.multimedia.video.videoplayer","abilityName":"ohos.acts.multimedia.video.videoplayer.MainAbility","installTime":"Sat Aug 05 2017 15:03:44 GMT+0000"}]
08-05 15:03:44.996  1543  1543 I 02200/JsApp: Launcher_Default tag: AppModel --> removeItem bundleName: ohos.acts.multimedia.video.videoplayer
08-05 15:03:44.996  1543  1543 I 02200/JsApp: Launcher_Default tag: PageDesktopViewModel --> getAppList start
08-05 15:03:44.996  1543  1543 I 02200/JsApp: Launcher_Default tag: AppModel --> getAppList start
08-05 15:03:44.996  1543  1543 I 02200/JsApp: Launcher_Default tag: AppModel --> getAppList bundleInfoList length: 15
08-05 15:03:44.998  1543  1543 E 02200/JsApp: SubscribableHandler: get 'length'.
08-05 15:03:44.998  1543  1543 I 02200/JsApp: Launcher_Default tag: PageDesktopViewModel --> removeBottomBarInfo bottomAppList length: 4
08-05 15:03:44.998  1543  1543 E 02200/JsApp: SubscribableHandler: get 'length'.
08-05 15:03:44.998  1543  1543 E 02200/JsApp: SubscribableHandler: get 'length'.
08-05 15:03:44.998  1543  1543 E 02200/JsApp: SubscribableHandler: get '0'.
08-05 15:03:44.998  1543  1543 E 02200/JsApp: SubscribableHandler: get '0'.
08-05 15:03:44.999  1543  1543 E 02200/JsApp: SubscribableHandler: get '0'.
08-05 15:03:44.999  1543  1543 E 02200/JsApp: SubscribableHandler: get '0'.
08-05 15:03:44.999  1543  1543 E 02200/JsApp: SubscribableHandler: get '0'.
08-05 15:03:44.999  1543  1543 E 02200/JsApp: SubscribableHandler: get '0'.
08-05 15:03:44.999  1543  1543 E 02200/JsApp: SubscribableHandler: get '0'.
08-05 15:03:44.999  1543  1543 E 02200/JsApp: SubscribableHandler: get '0'.
08-05 15:03:44.999  1543  1543 E 02200/JsApp: SubscribableHandler: get '0'.
08-05 15:03:44.999  1543  1543 E 02200/JsApp: SubscribableHandler: get '0'.
08-05 15:03:44.999  1543  1543 E 02200/JsApp: SubscribableHandler: get '0'.
08-05 15:03:44.999  1543  1543 E 02200/JsApp: SubscribableHandler: get 'length'.
08-05 15:03:44.999  1543  1543 E 02200/JsApp: SubscribableHandler: get '1'.
08-05 15:03:44.999  1543  1543 E 02200/JsApp: SubscribableHandler: get '1'.
08-05 15:03:44.999  1543  1543 E 02200/JsApp: SubscribableHandler: get '1'.
08-05 15:03:44.999  1543  1543 E 02200/JsApp: SubscribableHandler: get '1'.
08-05 15:03:44.999  1543  1543 E 02200/JsApp: SubscribableHandler: get '1'.
08-05 15:03:44.999  1543  1543 E 02200/JsApp: SubscribableHandler: get '1'.
08-05 15:03:44.999  1543  1543 E 02200/JsApp: SubscribableHandler: get '1'.
08-05 15:03:45.000  1543  1543 E 02200/JsApp: SubscribableHandler: get '1'.
08-05 15:03:45.000  1543  1543 E 02200/JsApp: SubscribableHandler: get '1'.
08-05 15:03:45.000  1543  1543 E 02200/JsApp: SubscribableHandler: get '1'.
08-05 15:03:45.000  1543  1543 E 02200/JsApp: SubscribableHandler: get '1'.
08-05 15:03:45.000  1543  1543 E 02200/JsApp: SubscribableHandler: get '1'.
08-05 15:03:45.000  1543  1543 E 02200/JsApp: SubscribableHandler: get 'length'.
08-05 15:03:45.000  1543  1543 E 02200/JsApp: SubscribableHandler: get '2'.
08-05 15:03:45.000  1543  1543 E 02200/JsApp: SubscribableHandler: get '2'.
08-05 15:03:45.000  1543  1543 E 02200/JsApp: SubscribableHandler: get '2'.
08-05 15:03:45.000  1543  1543 E 02200/JsApp: SubscribableHandler: get '2'.
08-05 15:03:45.000  1543  1543 E 02200/JsApp: SubscribableHandler: get '2'.
08-05 15:03:45.000  1543  1543 E 02200/JsApp: SubscribableHandler: get '2'.
08-05 15:03:45.000  1543  1543 E 02200/JsApp: SubscribableHandler: get '2'.
08-05 15:03:45.000  1543  1543 E 02200/JsApp: SubscribableHandler: get '2'.
08-05 15:03:45.000  1543  1543 E 02200/JsApp: SubscribableHandler: get '2'.
08-05 15:03:45.000  1543  1543 E 02200/JsApp: SubscribableHandler: get '2'.
08-05 15:03:45.001  1543  1543 E 02200/JsApp: SubscribableHandler: get '2'.
08-05 15:03:45.001  1543  1543 E 02200/JsApp: SubscribableHandler: get '2'.
08-05 15:03:45.001  1543  1543 E 02200/JsApp: SubscribableHandler: get 'length'.
08-05 15:03:45.001  1543  1543 E 02200/JsApp: SubscribableHandler: get '3'.
08-05 15:03:45.001  1543  1543 E 02200/JsApp: SubscribableHandler: get '3'.
08-05 15:03:45.001  1543  1543 E 02200/JsApp: SubscribableHandler: get '3'.
08-05 15:03:45.001  1543  1543 E 02200/JsApp: SubscribableHandler: get '3'.
08-05 15:03:45.001  1543  1543 E 02200/JsApp: SubscribableHandler: get '3'.
08-05 15:03:45.001  1543  1543 E 02200/JsApp: SubscribableHandler: get '3'.
08-05 15:03:45.001  1543  1543 E 02200/JsApp: SubscribableHandler: get '3'.
08-05 15:03:45.001  1543  1543 E 02200/JsApp: SubscribableHandler: get '3'.
08-05 15:03:45.001  1543  1543 E 02200/JsApp: SubscribableHandler: get '3'.
08-05 15:03:45.001  1543  1543 E 02200/JsApp: SubscribableHandler: get '3'.
08-05 15:03:45.001  1543  1543 E 02200/JsApp: SubscribableHandler: get '3'.
08-05 15:03:45.001  1543  1543 E 02200/JsApp: SubscribableHandler: get 'length'.
08-05 15:03:45.002  1543  1543 I 02200/JsApp: Launcher_Default tag: FileUtils --> writeStringToFile number: 3256
08-05 15:03:45.003  1543  1543 I 02200/JsApp: Launcher_Default tag: PageDesktopViewModel --> getAppList:11
08-05 15:03:45.003  1543  1543 I 02200/JsApp: Launcher_Default tag: PageDesktopViewModel --> getAppList folderInfoList length: 0
08-05 15:03:45.003  1543  1543 I 02200/JsApp: Launcher_Default tag: FormListInfoCacheManager --> getCache key: formListInfo
08-05 15:03:45.003  1543  1543 I 02200/JsApp: Launcher_Default tag: FormModel --> getAllFormsInfoFromRdb start
08-05 15:03:45.003  1543  1543 I 02200/JsApp: Launcher_Default tag: RdbStoreManager --> getAllFormInfos start
08-05 15:03:45.004  1543  1543 I 01650/AppDataMgrJsKit: RdbPredicatesProxy::New constructor ref:0000000000000000
08-05 15:03:45.005  1543  1543 E 01650/NativeRDB: ::FillSharedBlockOpt: Processed all rows after optimization.
08-05 15:03:45.005  1543  1543 E 01650/NativeRDB: ::GoToFirstRow: AbsResultSet::GoToFirstRow return ret is wrong!
08-05 15:03:45.005  1543  1543 E 01650/AppDataMgrJsKit: GoToFirstRow failed code:1001
08-05 15:03:45.005  1543  1543 I 02200/JsApp: Launcher_Default tag: RdbStoreManager --> getAllFormInfos before isLast:false
08-05 15:03:45.005  1543  1543 E 01650/APP_DATA_FWK_NATIVE: SharedBlock: close ashmem
08-05 15:03:45.005  1543  1543 I 02200/JsApp: Launcher_Default tag: RdbStoreManager --> getAllFormInfos end
08-05 15:03:45.006  1543  1543 I 02200/JsApp: Launcher_Default tag: PageDesktopViewModel --> updateLayoutInfo layoutDescription:{"pageCount":1,"row":6,"column":5}
08-05 15:03:45.006  1543  1543 I 02200/JsApp: Launcher_Default tag: PageDesktopViewModel --> updateLayoutInfo mGridConfig:{"id":0,"layout":"6X5","name":"6X5","value":1,"row":6,"column":5,"checked":false}
08-05 15:03:45.007  1543  1543 I 02200/JsApp: Launcher_Default tag: PageDesktopViewModel --> updateAppItemLayoutInfo isPositionValid: x:0 y:2 page:0
08-05 15:03:45.008  1543  1543 I 02200/JsApp: Launcher_Default tag: FileUtils --> writeStringToFile number: 1070
08-05 15:03:45.009  1543  1543 I 02200/JsApp: Launcher_Default tag: PageDesktopViewModel --> pagingFiltering appListInfo length:11
08-05 15:03:45.009  1543  1543 E 02200/JsApp: SubscribableHandler: get 'Symbol(_____is_observed_object__)'.
08-05 15:03:45.021  2838  2838 I 0a002/PARAM: [param_request.c:43]ParameterInit 
08-05 15:03:45.021  2838  2838 I 0a002/PARAM: [param_base.c:120]InitParamWorkSpace 0x7f9f61ef80
08-05 15:03:45.021  2838  2838 I 0a002/PARAM: [param_base.c:97]InitParamSecurity dac success
08-05 15:03:45.023  2838  2838 I 0a002/PARAM: [param_base.c:97]InitParamSecurity selinux success
08-05 15:03:45.024  2838  2838 I 0a002/PARAM: [param_selinux.c:140]SelinuxGetAllLabel count 30
08-05 15:03:45.037  2838  2838 I 0a002/PARAM: [param_request.c:43]ParameterInit 
08-05 15:03:45.037  2838  2838 I 0a002/PARAM: [param_base.c:120]InitParamWorkSpace 0x7fab7daf80
08-05 15:03:45.037  2838  2838 I 0a002/PARAM: [param_base.c:97]InitParamSecurity dac success
08-05 15:03:45.039  2838  2838 I 0a002/PARAM: [param_base.c:97]InitParamSecurity selinux success
08-05 15:03:45.040  2838  2838 I 0a002/PARAM: [param_selinux.c:140]SelinuxGetAllLabel count 30
08-05 15:03:45.051   570  1304 I 015c0/dsoftbus: [CONN]wait g_sendCond
08-05 15:03:45.139  2839  2839 I 0a002/PARAM: [param_request.c:43]ParameterInit 
08-05 15:03:45.139  2839  2839 I 0a002/PARAM: [param_base.c:120]InitParamWorkSpace 0x7fab4bcf80
08-05 15:03:45.139  2839  2839 I 0a002/PARAM: [param_base.c:97]InitParamSecurity dac success
08-05 15:03:45.144  2839  2839 I 0a002/PARAM: [param_base.c:97]InitParamSecurity selinux success
08-05 15:03:45.146  2839  2839 I 0a002/PARAM: [param_selinux.c:140]SelinuxGetAllLabel count 30
08-05 15:03:45.172  2839  2839 I 0a002/PARAM: [param_request.c:43]ParameterInit 
08-05 15:03:45.173  2839  2839 I 0a002/PARAM: [param_base.c:120]InitParamWorkSpace 0x7fb26e6f80
08-05 15:03:45.173  2839  2839 I 0a002/PARAM: [param_base.c:97]InitParamSecurity dac success
08-05 15:03:45.175  2839  2839 I 0a002/PARAM: [param_base.c:97]InitParamSecurity selinux success
08-05 15:03:45.177  2839  2839 I 0a002/PARAM: [param_selinux.c:140]SelinuxGetAllLabel count 30
08-05 15:03:45.282  2840  2840 I 0a002/PARAM: [param_request.c:43]ParameterInit 
08-05 15:03:45.282  2840  2840 I 0a002/PARAM: [param_base.c:120]InitParamWorkSpace 0x7fa15c2f80
08-05 15:03:45.282  2840  2840 I 0a002/PARAM: [param_base.c:97]InitParamSecurity dac success
08-05 15:03:45.286  2840  2840 I 0a002/PARAM: [param_base.c:97]InitParamSecurity selinux success
08-05 15:03:45.288  2840  2840 I 0a002/PARAM: [param_selinux.c:140]SelinuxGetAllLabel count 30
08-05 15:03:45.314  2840  2840 I 0a002/PARAM: [param_request.c:43]ParameterInit 
08-05 15:03:45.314  2840  2840 I 0a002/PARAM: [param_base.c:120]InitParamWorkSpace 0x7f80102f80
08-05 15:03:45.314  2840  2840 I 0a002/PARAM: [param_base.c:97]InitParamSecurity dac success
08-05 15:03:45.317  2840  2840 I 0a002/PARAM: [param_base.c:97]InitParamSecurity selinux success
08-05 15:03:45.319  2840  2840 I 0a002/PARAM: [param_selinux.c:140]SelinuxGetAllLabel count 30
08-05 15:03:45.477  2841  2841 I 0a002/PARAM: [param_request.c:43]ParameterInit 
08-05 15:03:45.478  2841  2841 I 0a002/PARAM: [param_base.c:120]InitParamWorkSpace 0x7f90d7ff80
08-05 15:03:45.478  2841  2841 I 0a002/PARAM: [param_base.c:97]InitParamSecurity dac success
08-05 15:03:45.483  2841  2841 I 0a002/PARAM: [param_base.c:97]InitParamSecurity selinux success
08-05 15:03:45.485  2841  2841 I 0a002/PARAM: [param_selinux.c:140]SelinuxGetAllLabel count 30
08-05 15:03:45.513  2841  2841 I 0a002/PARAM: [param_request.c:43]ParameterInit 
08-05 15:03:45.513  2841  2841 I 0a002/PARAM: [param_base.c:120]InitParamWorkSpace 0x7fac858f80
08-05 15:03:45.513  2841  2841 I 0a002/PARAM: [param_base.c:97]InitParamSecurity dac success
08-05 15:03:45.516  2841  2841 I 0a002/PARAM: [param_base.c:97]InitParamSecurity selinux success
08-05 15:03:45.517  2841  2841 I 0a002/PARAM: [param_selinux.c:140]SelinuxGetAllLabel count 30
08-05 15:03:45.919   572  2837 I 01630/DistributedDB: Task pool thread exit, cur:1 idle:1, genericTaskCount:0, queuedTaskCount:0.
08-05 15:03:46.051   570  1304 I 015c0/dsoftbus: [CONN]wait g_sendCond
08-05 15:03:46.145  2843  2843 I 0a002/PARAM: [param_request.c:43]ParameterInit 
08-05 15:03:46.145  2843  2843 I 0a002/PARAM: [param_base.c:120]InitParamWorkSpace 0x7f996a4f80
08-05 15:03:46.145  2843  2843 I 0a002/PARAM: [param_base.c:97]InitParamSecurity dac success
08-05 15:03:46.148  2843  2843 I 0a002/PARAM: [param_base.c:97]InitParamSecurity selinux success
08-05 15:03:46.151  2843  2843 I 0a002/PARAM: [param_selinux.c:140]SelinuxGetAllLabel count 30
08-05 15:03:46.176  2843  2843 I 0a002/PARAM: [param_request.c:43]ParameterInit 
08-05 15:03:46.176  2843  2843 I 0a002/PARAM: [param_base.c:120]InitParamWorkSpace 0x7f91904f80
08-05 15:03:46.176  2843  2843 I 0a002/PARAM: [param_base.c:97]InitParamSecurity dac success
08-05 15:03:46.179  2843  2843 I 0a002/PARAM: [param_base.c:97]InitParamSecurity selinux success
08-05 15:03:46.181  2843  2843 I 0a002/PARAM: [param_selinux.c:140]SelinuxGetAllLabel count 30
08-05 15:03:46.848  2844  2844 I 0a002/PARAM: [param_request.c:43]ParameterInit 
08-05 15:03:46.848  2844  2844 I 0a002/PARAM: [param_base.c:120]InitParamWorkSpace 0x7f984c3f80
08-05 15:03:46.848  2844  2844 I 0a002/PARAM: [param_base.c:97]InitParamSecurity dac success
08-05 15:03:46.851  2844  2844 I 0a002/PARAM: [param_base.c:97]InitParamSecurity selinux success
08-05 15:03:46.854  2844  2844 I 0a002/PARAM: [param_selinux.c:140]SelinuxGetAllLabel count 30
08-05 15:03:46.878  2844  2844 I 0a002/PARAM: [param_request.c:43]ParameterInit 
08-05 15:03:46.879  2844  2844 I 0a002/PARAM: [param_base.c:120]InitParamWorkSpace 0x7f93d1bf80
08-05 15:03:46.879  2844  2844 I 0a002/PARAM: [param_base.c:97]InitParamSecurity dac success
08-05 15:03:46.881  2844  2844 I 0a002/PARAM: [param_base.c:97]InitParamSecurity selinux success
08-05 15:03:46.883  2844  2844 I 0a002/PARAM: [param_selinux.c:140]SelinuxGetAllLabel count 30
08-05 15:03:47.052   570  1304 I 015c0/dsoftbus: [CONN]wait g_sendCond
08-05 15:03:47.565  2845  2845 I 0a002/PARAM: [param_request.c:43]ParameterInit 
08-05 15:03:47.565  2845  2845 I 0a002/PARAM: [param_base.c:120]InitParamWorkSpace 0x7fb4bfbf80
08-05 15:03:47.566  2845  2845 I 0a002/PARAM: [param_base.c:97]InitParamSecurity dac success
08-05 15:03:47.569  2845  2845 I 0a002/PARAM: [param_base.c:97]InitParamSecurity selinux success
08-05 15:03:47.571  2845  2845 I 0a002/PARAM: [param_selinux.c:140]SelinuxGetAllLabel count 30
08-05 15:03:47.597  2845  2845 I 0a002/PARAM: [param_request.c:43]ParameterInit 
08-05 15:03:47.597  2845  2845 I 0a002/PARAM: [param_base.c:120]InitParamWorkSpace 0x7fa1b80f80
08-05 15:03:47.597  2845  2845 I 0a002/PARAM: [param_base.c:97]InitParamSecurity dac success
08-05 15:03:47.600  2845  2845 I 0a002/PARAM: [param_base.c:97]InitParamSecurity selinux success
08-05 15:03:47.601  2845  2845 I 0a002/PARAM: [param_selinux.c:140]SelinuxGetAllLabel count 30
08-05 15:03:48.052   570  1304 I 015c0/dsoftbus: [CONN]wait g_sendCond
08-05 15:03:48.248  2846  2846 I 0a002/PARAM: [param_request.c:43]ParameterInit 
08-05 15:03:48.248  2846  2846 I 0a002/PARAM: [param_base.c:120]InitParamWorkSpace 0x7fa8c66f80
08-05 15:03:48.248  2846  2846 I 0a002/PARAM: [param_base.c:97]InitParamSecurity dac success
08-05 15:03:48.251  2846  2846 I 0a002/PARAM: [param_base.c:97]InitParamSecurity selinux success
08-05 15:03:48.254  2846  2846 I 0a002/PARAM: [param_selinux.c:140]SelinuxGetAllLabel count 30
08-05 15:03:48.284  2847  2847 I 0a002/PARAM: [param_request.c:43]ParameterInit 
08-05 15:03:48.284  2847  2847 I 0a002/PARAM: [param_base.c:120]InitParamWorkSpace 0x7f84604f80
08-05 15:03:48.284  2847  2847 I 0a002/PARAM: [param_base.c:97]InitParamSecurity dac success
08-05 15:03:48.287  2847  2847 I 0a002/PARAM: [param_base.c:97]InitParamSecurity selinux success
08-05 15:03:48.289  2847  2847 I 0a002/PARAM: [param_selinux.c:140]SelinuxGetAllLabel count 30
08-05 15:03:48.292  2846  2846 I 0a002/PARAM: [param_request.c:49]ParameterDeinit 
08-05 15:03:48.292  2846  2846 I 0a002/PARAM: [param_base.c:170]CloseParamWorkSpace 0x7fa8c66f80
08-05 15:03:48.447  2848  2848 I 0a002/PARAM: [param_request.c:43]ParameterInit 
08-05 15:03:48.447  2848  2848 I 0a002/PARAM: [param_base.c:120]InitParamWorkSpace 0x7faf221f80
08-05 15:03:48.447  2848  2848 I 0a002/PARAM: [param_base.c:97]InitParamSecurity dac success
08-05 15:03:48.450  2848  2848 I 0a002/PARAM: [param_base.c:97]InitParamSecurity selinux success
08-05 15:03:48.453  2848  2848 I 0a002/PARAM: [param_selinux.c:140]SelinuxGetAllLabel count 30
08-05 15:03:48.718  2848  2848 I 0a002/PARAM: [param_request.c:43]ParameterInit 
08-05 15:03:48.719  2848  2848 I 0a002/PARAM: [param_base.c:120]InitParamWorkSpace 0x7fa8b23f80
08-05 15:03:48.719  2848  2848 I 0a002/PARAM: [param_base.c:97]InitParamSecurity dac success
08-05 15:03:48.721  2848  2848 I 0a002/PARAM: [param_base.c:97]InitParamSecurity selinux success
08-05 15:03:48.722  2848  2848 I 0a002/PARAM: [param_selinux.c:140]SelinuxGetAllLabel count 30
08-05 15:03:48.722  2848  2848 I 0a002/PARAM: [param_request.c:43]ParameterInit 
08-05 15:03:48.722  2848  2848 I 0a002/PARAM: [param_base.c:120]InitParamWorkSpace 0x7fa8b23f80
08-05 15:03:48.725  2848  2848 I 01610/ZDDS: KvStoreThreadPoolImpl::Start: start
08-05 15:03:48.726  2848  2848 I 01610/ZDDS: KvStoreThreadPoolImpl::Start: start
08-05 15:03:48.730  2848  2848 I 02b05/ImageCode: [ImageUtil]success to register plugin server
08-05 15:03:48.733  2848  2848 I 01000/AbilityManagerService: [ability_command.cpp(AbilityManagerShellCommand:75)]argv_[0]: aa
08-05 15:03:48.733  2848  2848 I 01000/AbilityManagerService: [ability_command.cpp(AbilityManagerShellCommand:75)]argv_[1]: start
08-05 15:03:48.733  2848  2848 I 01000/AbilityManagerService: [ability_command.cpp(AbilityManagerShellCommand:75)]argv_[2]: -d
08-05 15:03:48.733  2848  2848 I 01000/AbilityManagerService: [ability_command.cpp(AbilityManagerShellCommand:75)]argv_[3]: 123
08-05 15:03:48.733  2848  2848 I 01000/AbilityManagerService: [ability_command.cpp(AbilityManagerShellCommand:75)]argv_[4]: -a
08-05 15:03:48.733  2848  2848 I 01000/AbilityManagerService: [ability_command.cpp(AbilityManagerShellCommand:75)]argv_[5]: ohos.acts.multimedia.video.videoplayer.MainAbility
08-05 15:03:48.733  2848  2848 I 01000/AbilityManagerService: [ability_command.cpp(AbilityManagerShellCommand:75)]argv_[6]: -b
08-05 15:03:48.733  2848  2848 I 01000/AbilityManagerService: [ability_command.cpp(AbilityManagerShellCommand:75)]argv_[7]: ohos.acts.multimedia.video.videoplayer
08-05 15:03:48.733  2848  2848 I 01510/IPCWorkThreadPool: 61: SpawnThread Name= 0IPC
08-05 15:03:48.733  2848  2848 I 01510/IPCWorkThreadPool: 73: SpawnThread, now idleThreadNum_ =<private>
08-05 15:03:48.733  2848  2848 I 01510/IPCWorkThread: void OHOS::IPCWorkThread::Start(int, int, std::string) 87: create thread = 0IPC2848_2848, policy=<private>, proto=<private>
08-05 15:03:48.734  2848  2857 I 01510/IPCWorkThread: void OHOS::IPCWorkThread::ThreadHandler() 44: proto_=<private>
08-05 15:03:48.734  2848  2857 I 01510/IPCWorkThreadPool: 61: SpawnThread Name= 1IPC
08-05 15:03:48.734  2848  2857 I 01510/IPCWorkThreadPool: 73: SpawnThread, now idleThreadNum_ =<private>
08-05 15:03:48.734  2848  2848 W 01510/IPCObjectProxy: create, desc: 
08-05 15:03:48.734  2848  2857 I 01510/IPCWorkThread: void OHOS::IPCWorkThread::Start(int, int, std::string) 87: create thread = 1IPC2848_2857, policy=<private>, proto=<private>
08-05 15:03:48.734  2848  2848 W 01510/IPCObjectProxy: no databus session attach to this handle, maybe need update
08-05 15:03:48.734   244   244 E 01510/IPCObjectStub: IPCObjectStub::ProcessProto called, type = 0, normal stub object
08-05 15:03:48.734  2848  2848 W 01510/IPCObjectProxy: it is normal binder, not dbinder
08-05 15:03:48.734  2848  2858 I 01510/IPCWorkThread: void OHOS::IPCWorkThread::ThreadHandler() 44: proto_=<private>
08-05 15:03:48.734  2848  2848 I 01510/IPCProcessSkeleton: sptr<OHOS::IRemoteObject> OHOS::IPCProcessSkeleton::FindOrNewObject(int) 170: handle:0, proto:0
08-05 15:03:48.734   244   244 I 01800/SAMGR: SystemAbilityManagerStub::OnReceived, code = 12, callerPid = 2848, flags= 0
08-05 15:03:48.735   244   244 I 01800/SAMGR: found service : 180.
08-05 15:03:48.735  2848  2848 W 01510/IPCObjectProxy: create, desc: 
08-05 15:03:48.735  2848  2848 W 01510/IPCObjectProxy: no databus session attach to this handle, maybe need update
08-05 15:03:48.735   431  1384 I 02d10/HiView-SysEventSource: Parser: parser result domain_=SAMGR eventName_=SAMGR_GETSA_FREQUENCY
08-05 15:03:48.735   451   451 E 01510/IPCObjectStub: IPCObjectStub::ProcessProto called, type = 0, normal stub object
08-05 15:03:48.735  2848  2848 W 01510/IPCObjectProxy: it is normal binder, not dbinder
08-05 15:03:48.735  2848  2848 I 01510/IPCProcessSkeleton: sptr<OHOS::IRemoteObject> OHOS::IPCProcessSkeleton::FindOrNewObject(int) 170: handle:1, proto:0
08-05 15:03:48.736   431  1392 I 02d10/HiView-SysEventService: Convert2SysEvent: domain is SAMGR, eventName is SAMGR_GETSA_FREQUENCY.
08-05 15:03:48.736  2848  2848 I 01000/AbilityManagerService: [ability_command.cpp(MakeWantFromCmd:708)]option: 100, optopt: 0, optind: 3
08-05 15:03:48.736  2848  2848 I 01000/AbilityManagerService: [ability_command.cpp(MakeWantFromCmd:708)]option: 97, optopt: 0, optind: 5
08-05 15:03:48.736  2848  2848 I 01000/AbilityManagerService: [ability_command.cpp(MakeWantFromCmd:708)]option: 98, optopt: 0, optind: 7
08-05 15:03:48.736  2848  2848 I 01000/AbilityManagerService: [ability_command.cpp(MakeWantFromCmd:708)]option: -1, optopt: 0, optind: 7
08-05 15:03:48.736  2848  2848 I 0a003/PARAM_WATCHER: [watcher_manager_kits.cpp:130]AddWatcher keyPrefix debug.hitrace.tags.enableflags
08-05 15:03:48.736  2848  2848 W 01510/IPCObjectStub: create, desc: OHOS.Startup.IWatcher
08-05 15:03:48.736   431  1392 I 02d01/EventLogger: IsInterestedPipelineEvent: event coming! id:0x0, eventName:SAMGR_GETSA_FREQUENCY
08-05 15:03:48.736   431  1392 I 02d01/EventLogger: IsInterestedPipelineEvent: event time:1501945428736 jsonExtraInfo is {"domain_":"SAMGR","name_":"SAMGR_GETSA_FREQUENCY","type_":2,"time_":1501945428735,"tz_":"+0000","pid_":244,"tid_":244,"uid_":5555,"CALLER_PID":2848,"SAID":180,"level_":"MINOR","tag_":"statistic","id_":"12496438405264982927","info_":""}
08-05 15:03:48.736   431  1392 W 02d01/EventLogger: IsInterestedPipelineEvent: event: id:0x0, eventName:SAMGR_GETSA_FREQUENCY : EventLogger don't care and don't block other processes
08-05 15:03:48.736   431  1392 I 02d10/HiView-SysEventSource: Recycle: recycle resource
08-05 15:03:48.736   244   244 I 01800/SAMGR: SystemAbilityManagerStub::OnReceived, code = 12, callerPid = 2848, flags= 0
08-05 15:03:48.737   244   244 I 01800/SAMGR: found service : 3901.
08-05 15:03:48.737  2848  2848 W 01510/IPCObjectProxy: create, desc: 
08-05 15:03:48.737   431  1384 I 02d10/HiView-SysEventSource: Parser: parser result domain_=SAMGR eventName_=SAMGR_GETSA_FREQUENCY
08-05 15:03:48.737  2848  2848 W 01510/IPCObjectProxy: no databus session attach to this handle, maybe need update
08-05 15:03:48.738   431  1392 I 02d10/HiView-SysEventService: Convert2SysEvent: domain is SAMGR, eventName is SAMGR_GETSA_FREQUENCY.
08-05 15:03:48.738   431  1392 I 02d01/EventLogger: IsInterestedPipelineEvent: event coming! id:0x0, eventName:SAMGR_GETSA_FREQUENCY
08-05 15:03:48.738   431  1392 I 02d01/EventLogger: IsInterestedPipelineEvent: event time:1501945428738 jsonExtraInfo is {"domain_":"SAMGR","name_":"SAMGR_GETSA_FREQUENCY","type_":2,"time_":1501945428737,"tz_":"+0000","pid_":244,"tid_":244,"uid_":5555,"CALLER_PID":2848,"SAID":3901,"level_":"MINOR","tag_":"statistic","id_":"16398678400466186701","info_":""}
08-05 15:03:48.738   431  1392 W 02d01/EventLogger: IsInterestedPipelineEvent: event: id:0x0, eventName:SAMGR_GETSA_FREQUENCY : EventLogger don't care and don't block other processes
08-05 15:03:48.738   431  1392 I 02d10/HiView-SysEventSource: Recycle: recycle resource
08-05 15:03:48.738   243  2811 E 01510/IPCObjectStub: IPCObjectStub::ProcessProto called, type = 0, normal stub object
08-05 15:03:48.738  2848  2848 W 01510/IPCObjectProxy: it is normal binder, not dbinder
08-05 15:03:48.738  2848  2848 I 01510/IPCProcessSkeleton: sptr<OHOS::IRemoteObject> OHOS::IPCProcessSkeleton::FindOrNewObject(int) 170: handle:2, proto:0
08-05 15:03:48.739   243  2811 W 01510/IPCObjectProxy: create, desc: 
08-05 15:03:48.739   243  2811 W 01510/IPCObjectProxy: no databus session attach to this handle, maybe need update
08-05 15:03:48.739  2848  2848 E 01510/IPCObjectStub: IPCObjectStub::ProcessProto called, type = 0, normal stub object
08-05 15:03:48.739   243  2811 W 01510/IPCObjectProxy: it is normal binder, not dbinder
08-05 15:03:48.739   243  2811 I 01510/IPCProcessSkeleton: sptr<OHOS::IRemoteObject> OHOS::IPCProcessSkeleton::FindOrNewObject(int) 170: handle:56, proto:0
08-05 15:03:48.739  2848  2858 I 03301/HitraceMeter: ParameterChange enableflags 0
