08-05 15:03:48.867  2859  2859 I 03900/Ace: [system_properties.cpp(SetDeviceOrientation)-(-2)] SetDeviceOrientation, no change info: 0
08-05 15:03:48.867  2859  2860 E 01510/IPCObjectStub: IPCObjectStub::ProcessProto called, type = 0, normal stub object
08-05 15:03:48.868   569  1769 W 01510/IPCObjectProxy: it is normal binder, not dbinder
08-05 15:03:48.868   569  1769 I 01510/IPCProcessSkeleton: sptr<OHOS::IRemoteObject> OHOS::IPCProcessSkeleton::FindOrNewObject(int) 170: handle:20, proto:0
08-05 15:03:48.868   431  1392 I 02d01/EventLogger: IsInterestedPipelineEvent: event coming! id:0x0, eventName:SAMGR_GETSA_FREQUENCY
08-05 15:03:48.868   431  1392 I 02d01/EventLogger: IsInterestedPipelineEvent: event time:1501945428868 jsonExtraInfo is {"domain_":"SAMGR","name_":"SAMGR_GETSA_FREQUENCY","type_":2,"time_":1501945428866,"tz_":"+0000","pid_":244,"tid_":244,"uid_":5555,"CALLER_PID":2859,"SAID":1901,"level_":"MINOR","tag_":"statistic","id_":"10264122998297393518","info_":""}
08-05 15:03:48.868   431  1392 W 02d01/EventLogger: IsInterestedPipelineEvent: event: id:0x0, eventName:SAMGR_GETSA_FREQUENCY : EventLogger don't care and don't block other processes
08-05 15:03:48.868   431  1392 I 02d10/HiView-SysEventSource: Recycle: recycle resource
08-05 15:03:48.868  2868  2868 I 0a002/PARAM: [param_base.c:97]InitParamSecurity selinux success
08-05 15:03:48.868  2859  2859 I 02200/Ability: [ability_context.cpp(GetResourceManager:350)]GetResourceManager begin appcontext->GetResourceManager.
08-05 15:03:48.868  2859  2859 I 02200/Ability: [ability_context.cpp(GetResourceManager:352)]GetResourceManager end appcontext->GetResourceManager.
08-05 15:03:48.868  2859  2869 W 01510/IPCObjectProxy: create, desc: 
08-05 15:03:48.869  2859  2859 I 03900/Ace: [localization.cpp(SetLocaleImpl)-(-2)] SetLocale language tag: zh-Hans-, select language: zh-CN
08-05 15:03:48.869  2859  2859 I 01150/AppkitNative: [context_deal.cpp(HapModuleInfoRequestInit:1189)]ContextDeal::HapModuleInfoRequestInit begin
08-05 15:03:48.869  2859  2859 I 01150/AppkitNative: [context_deal.cpp(GetBundleManager:231)]ContextDeal::GetBundleManager
08-05 15:03:48.869  2859  2869 W 01510/IPCObjectProxy: no databus session attach to this handle, maybe need update
08-05 15:03:48.869   244   244 I 01800/SAMGR: SystemAbilityManagerStub::OnReceived, code = 12, callerPid = 2859, flags= 0
08-05 15:03:48.869  2868  2868 I 0a002/PARAM: [param_selinux.c:140]SelinuxGetAllLabel count 30
08-05 15:03:48.870  2859  2870 I 01510/IPCWorkThread: void OHOS::IPCWorkThread::ThreadHandler() 44: proto_=<private>
08-05 15:03:48.870   283  1678 E 01510/IPCObjectStub: IPCObjectStub::ProcessProto called, type = 0, normal stub object
08-05 15:03:48.870   244   244 I 01800/SAMGR: found service : 401.
08-05 15:03:48.871  2859  2859 W 01510/IPCObjectProxy: create, desc: 
08-05 15:03:48.871   431  1384 I 02d10/HiView-SysEventSource: Parser: parser result domain_=SAMGR eventName_=SAMGR_GETSA_FREQUENCY
08-05 15:03:48.871  2859  2859 W 01510/IPCObjectProxy: no databus session attach to this handle, maybe need update
08-05 15:03:48.871   451  2812 E 01510/IPCObjectStub: IPCObjectStub::ProcessProto called, type = 0, normal stub object
08-05 15:03:48.871  2859  2859 W 01510/IPCObjectProxy: it is normal binder, not dbinder
08-05 15:03:48.871   431  1392 I 02d10/HiView-SysEventService: Convert2SysEvent: domain is SAMGR, eventName is SAMGR_GETSA_FREQUENCY.
08-05 15:03:48.871  2859  2859 I 01510/IPCProcessSkeleton: sptr<OHOS::IRemoteObject> OHOS::IPCProcessSkeleton::FindOrNewObject(int) 170: handle:12, proto:0
08-05 15:03:48.871  2859  2859 I 01120/BundleMgrService: [bundle_mgr_proxy.cpp(BundleMgrProxy):66] create bundle mgr proxy instance
08-05 15:03:48.872  2859  2859 I 01120/BundleMgrService: [bundle_mgr_proxy.cpp(GetHapModuleInfo):1074] begin to GetHapModuleInfo of ohos.acts.multimedia.video.videoplayer
08-05 15:03:48.872   431  1392 I 02d01/EventLogger: IsInterestedPipelineEvent: event coming! id:0x0, eventName:SAMGR_GETSA_FREQUENCY
08-05 15:03:48.872   431  1392 I 02d01/EventLogger: IsInterestedPipelineEvent: event time:1501945428872 jsonExtraInfo is {"domain_":"SAMGR","name_":"SAMGR_GETSA_FREQUENCY","type_":2,"time_":1501945428870,"tz_":"+0000","pid_":244,"tid_":244,"uid_":5555,"CALLER_PID":2859,"SAID":401,"level_":"MINOR","tag_":"statistic","id_":"7406244329763211222","info_":""}
08-05 15:03:48.872   431  1392 W 02d01/EventLogger: IsInterestedPipelineEvent: event: id:0x0, eventName:SAMGR_GETSA_FREQUENCY : EventLogger don't care and don't block other processes
08-05 15:03:48.872   451  2812 I 01120/BundleMgrService: [bundle_util.cpp(GetUserIdByCallingUid):249] get calling uid(20010035)
08-05 15:03:48.872   431  1392 I 02d10/HiView-SysEventSource: Recycle: recycle resource
08-05 15:03:48.873  2859  2869 W 01510/IPCObjectProxy: it is normal binder, not dbinder
08-05 15:03:48.873  2859  2869 I 01510/IPCProcessSkeleton: sptr<OHOS::IRemoteObject> OHOS::IPCProcessSkeleton::FindOrNewObject(int) 170: handle:11, proto:0
08-05 15:03:48.873  2859  2859 I 01150/AppkitNative: [context_deal.cpp(HapModuleInfoRequestInit:1207)]ContextDeal::HapModuleInfoRequestInit end
08-05 15:03:48.873  2859  2859 I 01120/BundleMgrService: [bundle_mgr_proxy.cpp(~BundleMgrProxy):71] destroy create bundle mgr proxy instance
08-05 15:03:48.873  2859  2859 W 01510/IPCObjectProxy: not databus dbinder, need do nothing
08-05 15:03:48.874  2859  2859 W 01510/IPCObjectProxy: destroy, desc: IPCObjectProxy12
08-05 15:03:48.874  2859  2859 I 01150/AppkitNative: [context_deal.cpp(GetBundleManager:231)]ContextDeal::GetBundleManager
08-05 15:03:48.874   244   244 I 01800/SAMGR: SystemAbilityManagerStub::OnReceived, code = 12, callerPid = 2859, flags= 0
08-05 15:03:48.874  2859  2869 I 00000/Drawing: InitializeEglContext: Creating EGLContext!!!
08-05 15:03:48.874   283  1678 I 01700/RSS: ResSchedService::ReportData from ipc receive data resType = 14, value = 2869.
08-05 15:03:48.874   283   627 I 01700/RSS: FrameAwarePlugin:DispatchResource type:14, value:2869
08-05 15:03:48.875   244   244 I 01800/SAMGR: found service : 401.
08-05 15:03:48.875   283   627 I 01700/RSS: FrameAwarePlugin::OnDispatchResource success.
08-05 15:03:48.875   283   632 I 01702/CgroupAdjuster: AdjustProcessGroup for 2859, source : 11
08-05 15:03:48.875  2859  2859 W 01510/IPCObjectProxy: create, desc: 
08-05 15:03:48.875  2859  2859 W 01510/IPCObjectProxy: no databus session attach to this handle, maybe need update
08-05 15:03:48.875   451  2812 E 01510/IPCObjectStub: IPCObjectStub::ProcessProto called, type = 0, normal stub object
08-05 15:03:48.876  2859  2859 W 01510/IPCObjectProxy: it is normal binder, not dbinder
08-05 15:03:48.876   431  1384 I 02d10/HiView-SysEventSource: Parser: parser result domain_=SAMGR eventName_=SAMGR_GETSA_FREQUENCY
08-05 15:03:48.876  2859  2859 I 01510/IPCProcessSkeleton: sptr<OHOS::IRemoteObject> OHOS::IPCProcessSkeleton::FindOrNewObject(int) 170: handle:12, proto:0
08-05 15:03:48.876  2859  2859 I 01120/BundleMgrService: [bundle_mgr_proxy.cpp(BundleMgrProxy):66] create bundle mgr proxy instance
08-05 15:03:48.876   431  1392 I 02d10/HiView-SysEventService: Convert2SysEvent: domain is SAMGR, eventName is SAMGR_GETSA_FREQUENCY.
08-05 15:03:48.877   451  2812 I 01120/BundleMgrService: [bundle_util.cpp(GetUserIdByCallingUid):249] get calling uid(20010035)
08-05 15:03:48.877   431  1392 I 02d01/EventLogger: IsInterestedPipelineEvent: event coming! id:0x0, eventName:SAMGR_GETSA_FREQUENCY
08-05 15:03:48.877   431  1392 I 02d01/EventLogger: IsInterestedPipelineEvent: event time:1501945428877 jsonExtraInfo is {"domain_":"SAMGR","name_":"SAMGR_GETSA_FREQUENCY","type_":2,"time_":1501945428874,"tz_":"+0000","pid_":244,"tid_":244,"uid_":5555,"CALLER_PID":2859,"SAID":401,"level_":"MINOR","tag_":"statistic","id_":"14166362993498597292","info_":""}
08-05 15:03:48.877   431  1392 W 02d01/EventLogger: IsInterestedPipelineEvent: event: id:0x0, eventName:SAMGR_GETSA_FREQUENCY : EventLogger don't care and don't block other processes
08-05 15:03:48.877   431  1392 I 02d10/HiView-SysEventSource: Recycle: recycle resource
08-05 15:03:48.877  2859  2859 I 01150/AppkitNative: [context_deal.cpp(GetHapModuleInfo:727)]ContextDeal::GetHapModuleInfo end
08-05 15:03:48.878  2859  2859 I 01120/BundleMgrService: [bundle_mgr_proxy.cpp(~BundleMgrProxy):71] destroy create bundle mgr proxy instance
08-05 15:03:48.878  2859  2859 W 01510/IPCObjectProxy: not databus dbinder, need do nothing
08-05 15:03:48.878  2859  2859 W 01510/IPCObjectProxy: destroy, desc: IPCObjectProxy12
08-05 15:03:48.878  2859  2859 W 03900/Ace: [ace_ability.cpp(GetFrontendType)-(-2)] frontend type not supported. return default frontend: JS frontend.
08-05 15:03:48.879   569   569 E 01400/OHOS::RS: RsDebug RSComposerAdapter::CreateLayer: node(1937030250511) has no available buffer.
08-05 15:03:48.879   569   569 E 01400/OHOS::RS: RSPhysicalScreenProcessor::ProcessSurface: failed to createLayer for node(id: 1937030250511)
08-05 15:03:48.882   569   569 E 01400/OHOS::ROSEN: RsDebug RSSurfaceOhosRaster::FlushFrame fence:72
08-05 15:03:48.882   569   569 E 01400/Composer: SetScreenClientInfo: SetScreenClientDamage failed, ret is -5
08-05 15:03:48.888  2868  2868 I 0a002/PARAM: [param_request.c:43]ParameterInit 
08-05 15:03:48.888  2868  2868 I 0a002/PARAM: [param_base.c:120]InitParamWorkSpace 0x7f8806ff80
08-05 15:03:48.888  2868  2868 I 0a002/PARAM: [param_base.c:97]InitParamSecurity dac success
08-05 15:03:48.890  2868  2868 I 0a002/PARAM: [param_base.c:97]InitParamSecurity selinux success
08-05 15:03:48.892  2868  2868 I 0a002/PARAM: [param_selinux.c:140]SelinuxGetAllLabel count 30
08-05 15:03:48.893   569   569 E 01400/OHOS::RS: RsDebug RSComposerAdapter::CreateLayer: node(1937030250511) has no available buffer.
08-05 15:03:48.893   569   569 E 01400/OHOS::RS: RSPhysicalScreenProcessor::ProcessSurface: failed to createLayer for node(id: 1937030250511)
08-05 15:03:48.896   569   569 E 01400/OHOS::ROSEN: RsDebug RSSurfaceOhosRaster::FlushFrame fence:65
08-05 15:03:48.896   569   569 E 01400/Composer: SetScreenClientInfo: SetScreenClientDamage failed, ret is -5
08-05 15:03:48.907   569   569 E 01400/OHOS::RS: RsDebug RSComposerAdapter::CreateLayer: node(1937030250511) has no available buffer.
08-05 15:03:48.907   569   569 E 01400/OHOS::RS: RSPhysicalScreenProcessor::ProcessSurface: failed to createLayer for node(id: 1937030250511)
08-05 15:03:48.910   569   569 E 01400/OHOS::ROSEN: RsDebug RSSurfaceOhosRaster::FlushFrame fence:74
08-05 15:03:48.911   569   569 E 01400/Composer: SetScreenClientInfo: SetScreenClientDamage failed, ret is -5
08-05 15:03:48.913  2859  2859 I 03900/Ace: [ace_engine.cpp(AddContainer)-(-2)] AddContainer 0
08-05 15:03:48.913  2859  2859 I 03900/Ace: [hdc_register.cpp(LoadRegisterSo)-(-2)] LoadRegisterSo
08-05 15:03:48.921  2859  2859 I 03900/Ace: [hdc_register.cpp(StartHdcRegister)-(-2)] Start Hdc Register
08-05 15:03:48.922  2859  2874 I 03900/Ace: [<private>(<private>)] jdwp_process start.
08-05 15:03:48.922   569   569 E 01400/OHOS::RS: RsDebug RSComposerAdapter::CreateLayer: node(1937030250511) has no available buffer.
08-05 15:03:48.922   569   569 E 01400/OHOS::RS: RSPhysicalScreenProcessor::ProcessSurface: failed to createLayer for node(id: 1937030250511)
08-05 15:03:48.922  2859  2874 I 03900/Ace: [<private>(<private>)] HdcJdwpSimulator Connect begin
08-05 15:03:48.925   569   569 E 01400/OHOS::ROSEN: RsDebug RSSurfaceOhosRaster::FlushFrame fence:73
08-05 15:03:48.925   569   569 E 01400/Composer: SetScreenClientInfo: SetScreenClientDamage failed, ret is -5
08-05 15:03:48.927  2859  2874 I 03900/Ace: [<private>(<private>)] ConnectJdwp:0 error:Unknown system error 0
08-05 15:03:48.927  2859  2874 I 03900/Ace: [<private>(<private>)] ConnectJdwp send pid:2859, pkgName:ohos.acts.multimedia.video.videoplayer, msglen:46, 
08-05 15:03:48.927  2859  2874 I 03900/Ace: [<private>(<private>)] ConnectJdwp send JS msg:.
08-05 15:03:48.927  2859  2874 I 03900/Ace: [<private>(<private>)] HdcJdwpSimulator::SendToStream: ., 46
08-05 15:03:48.927  2859  2874 I 03900/Ace: [<private>(<private>)] SendToStream buf:.
08-05 15:03:48.927  2859  2874 I 03900/Ace: [<private>(<private>)] FinishWriteCallback:0 error:Unknown system error 0
08-05 15:03:48.934  2859  2859 I 03900/Ace: [connect_server_manager.cpp(StartConnectServer)-(-2)] Start connect server
08-05 15:03:48.934  2859  2859 I 03900/Ace: [<private>(<private>)] StartServer: <private>
08-05 15:03:48.934  2859  2859 I 03900/Ace: [<private>(<private>)] StartServer Continue.
08-05 15:03:48.934  2859  2859 I 03900/Ace: [connect_server_manager.cpp(AddInstance)-(-2)] AddInstance 0
08-05 15:03:48.934  2859  2859 I 03900/Ace: [<private>(<private>)] Add message to information buffer.
08-05 15:03:48.934  2859  2875 I 03900/Ace: [<private>(<private>)] HandleDebugManager
08-05 15:03:48.934  2859  2875 I 03900/Ace: [<private>(<private>)] App Connect Server Run: <private><private>
08-05 15:03:48.936   569   569 E 01400/OHOS::RS: RsDebug RSComposerAdapter::CreateLayer: node(1937030250511) has no available buffer.
08-05 15:03:48.936   569   569 E 01400/OHOS::RS: RSPhysicalScreenProcessor::ProcessSurface: failed to createLayer for node(id: 1937030250511)
08-05 15:03:48.939   569   569 E 01400/OHOS::ROSEN: RsDebug RSSurfaceOhosRaster::FlushFrame fence:79
08-05 15:03:48.939   569   569 E 01400/Composer: SetScreenClientInfo: SetScreenClientDamage failed, ret is -5
08-05 15:03:48.944  2859  2859 I 03900/Ace: [js_frontend.cpp(Initialize)-(0)] JsFrontend initialize begin.
08-05 15:03:48.945  2859  2859 I 03900/Ace: [js_frontend.cpp(Initialize)-(0)] JsFrontend initialize end.
08-05 15:03:48.945  2859  2859 I 01150/AppkitNative: [context_impl.cpp(CreateDirIfNotExist:518)]createDir: create directory if not exists.
08-05 15:03:48.945  2859  2859 I 01150/AppkitNative: [context_impl.cpp(CreateDirIfNotExist:518)]createDir: create directory if not exists.
08-05 15:03:48.945  2859  2859 E 04200/WindowImpl: <1266>IsDecorEnable: get decor enable 0
08-05 15:03:48.945  2859  2859 I 03900/Ace: [flutter_ace_view.cpp(CreateView)-(-2)] software render: true
08-05 15:03:48.945  2859  2859 I 03900/Ace: [flutter_ace_view.cpp(CreateView)-(-2)] use platform as ui thread: false
08-05 15:03:48.945  2859  2872 I 03900/Ace: [ark_js_runtime.cpp(Initialize)-(0)] Ark: create jsvm
08-05 15:03:48.945  2859  2872 I 03900/Ace: [ark_js_runtime.cpp(Initialize)-(0)] ArkJSRuntime::Initialize ark properties = -1
08-05 15:03:48.946  2859  2872 I 03900/Ace: [jsi_base_utils.cpp(PrintLog)-(0)] Ark runtime::Ark Auto adapter memory pool capacity:738197504
08-05 15:03:48.946  2859  2872 I 03900/Ace: [jsi_base_utils.cpp(PrintLog)-(0)] Ark runtime::CreateEcmaVM: isWorker = 0, vmCount = 1
08-05 15:03:48.947  2859  2872 I 03900/Ace: [jsi_base_utils.cpp(PrintLog)-(0)] Ark runtime::EcmaVM Initialize
08-05 15:03:48.949  2859  2872 I 03900/Ace: [jsi_base_utils.cpp(PrintLog)-(0)] Ark runtime::heap initialize: heap size = 268435456, semispace capacity = 2097152, nonmovablespace capacity = 4194304, snapshotspace capacity = 4194304, machinecodespace capacity = 8388608, oldspace capacity = 247463936, globallimit = 266338304, gcThreadNum = 2
08-05 15:03:48.951   569   569 E 01400/OHOS::RS: RsDebug RSComposerAdapter::CreateLayer: node(1937030250511) has no available buffer.
08-05 15:03:48.951   569   569 E 01400/OHOS::RS: RSPhysicalScreenProcessor::ProcessSurface: failed to createLayer for node(id: 1937030250511)
08-05 15:03:48.952  2859  2859 E 03900/flutter: [ERROR:third_party/flutter/engine/flutter/shell/platform/ohos/ohos_surface_software.cc(44)] OhosSurfaceSoftware Constructor
08-05 15:03:48.952   569  1769 W 01510/IPCObjectStub: create, desc: IVSyncConnection
08-05 15:03:48.952  2859  2859 W 01510/IPCObjectProxy: create, desc: 
08-05 15:03:48.952  2859  2859 W 01510/IPCObjectProxy: no databus session attach to this handle, maybe need update
08-05 15:03:48.953   569  1769 E 01510/IPCObjectStub: IPCObjectStub::ProcessProto called, type = 0, normal stub object
08-05 15:03:48.953  2859  2859 W 01510/IPCObjectProxy: it is normal binder, not dbinder
08-05 15:03:48.953  2859  2859 I 01510/IPCProcessSkeleton: sptr<OHOS::IRemoteObject> OHOS::IPCProcessSkeleton::FindOrNewObject(int) 170: handle:12, proto:0
08-05 15:03:48.953   569  1769 W 01510/BinderInvoker: <private>(<private>) write fd : <private>
08-05 15:03:48.953  2859  2859 W 01510/BinderInvoker: <private>:<private> : fd = <private>
08-05 15:03:48.954  2859  2859 E 01130/EventRunner: Run: Do not call, if event runner is deposited
08-05 15:03:48.954   569   569 E 01400/OHOS::ROSEN: RsDebug RSSurfaceOhosRaster::FlushFrame fence:81
08-05 15:03:48.954   569   569 E 01400/Composer: SetScreenClientInfo: SetScreenClientDamage failed, ret is -5
08-05 15:03:48.955  2859  2859 I 03900/Ace: [flutter_ace_view.cpp(SurfaceCreated)-(-2)] >>> FlutterAceView::SurfaceCreated, pWnd:0000000092320A80
08-05 15:03:48.955  2859  2859 I 03900/Ace: [flutter_ace_view.cpp(SurfaceCreated)-(-2)] FlutterAceView::SurfaceCreated, GetPlatformView
08-05 15:03:48.955  2859  2859 I 03900/Ace: [flutter_ace_view.cpp(SurfaceCreated)-(-2)] <<< FlutterAceView::SurfaceCreated, end
08-05 15:03:48.955  2859  2859 I 03900/Ace: [ace_container.cpp(AddAssetPath)-(-2)] Push AssetProvider to queue.
08-05 15:03:48.955  2859  2859 I 03900/Ace: [window.cpp(Window)-(-2)] Window Created success.
08-05 15:03:48.957  2859  2859 I 03900/Ace: [ace_container.cpp(InitWindowCallback)-(0)] AceContainer InitWindowCallback
08-05 15:03:48.958  2859  2876 W 03900/Ace: [manifest_widget.cpp(WidgetParse)-(0)] Widget Format is invalid
08-05 15:03:48.958  2859  2876 W 03900/Ace: [pipeline_context.cpp(SetRootRect)-(0)] the view scale is zero or root element is nullptr
08-05 15:03:48.963  2859  2876 I 03900/Ace: [frame_report.cpp(LoadLibrary)-(0)] frame-ace:[LoadLibrary]dlopen libframe_ui_intf.so success
08-05 15:03:48.965   569   569 E 01400/OHOS::RS: RsDebug RSComposerAdapter::CreateLayer: node(1937030250511) has no available buffer.
08-05 15:03:48.965   569   569 E 01400/OHOS::RS: RSPhysicalScreenProcessor::ProcessSurface: failed to createLayer for node(id: 1937030250511)
08-05 15:03:48.968   569   569 E 01400/OHOS::ROSEN: RsDebug RSSurfaceOhosRaster::FlushFrame fence:77
08-05 15:03:48.969   569   569 E 01400/Composer: SetScreenClientInfo: SetScreenClientDamage failed, ret is -5
08-05 15:03:48.980   569   569 E 01400/OHOS::RS: RsDebug RSComposerAdapter::CreateLayer: node(1937030250511) has no available buffer.
08-05 15:03:48.980   569   569 E 01400/OHOS::RS: RSPhysicalScreenProcessor::ProcessSurface: failed to createLayer for node(id: 1937030250511)
08-05 15:03:48.983  2859  2869 I 01400/OpenGLWrapper: <59>Init: initialized ver=1.4
08-05 15:03:48.983   569   569 E 01400/OHOS::ROSEN: RsDebug RSSurfaceOhosRaster::FlushFrame fence:76
08-05 15:03:48.983   569   569 E 01400/Composer: SetScreenClientInfo: SetScreenClientDamage failed, ret is -5
08-05 15:03:48.985  2859  2872 I 03900/Ace: [<private>(<private>)] StartDebug: <private>
08-05 15:03:48.986  2859  2876 E 06604/ueaClient-RmeCoreSched: [Init]: rtgEnabled! scheme Open!ret: 1
08-05 15:03:48.986  2859  2876 I 06604/ueaClient-FrameMsgMgr: [Init]:inited success!
08-05 15:03:48.986  2859  2876 I 06604/ueaClient-FrameUiIntf: [Init]:ret:1, inited:1
08-05 15:03:48.990  2859  2872 I 03900/Ace: [<private>(<private>)] StartDebug Continue
08-05 15:03:48.991  2859  2890 I 03900/Ace: [<private>(<private>)] HandleClient
08-05 15:03:48.991  2859  2890 I 03900/Ace: [<private>(<private>)] WsServer RunServer: 28590PandaDebugger
08-05 15:03:48.994  2859  2859 I 03900/Ace: [resource_adapter_impl.cpp(Init)-(0)] AddRes result=1, UpdateResConfig result=0, ori=0, dpi=240, device=0
08-05 15:03:48.994  2859  2859 I 03900/Ace: [js_accessibility_manager.cpp(InitializeCallback)-(0)] JsAccessibilityManager::InitializeCallback
08-05 15:03:48.994   569   569 E 01400/OHOS::RS: RsDebug RSComposerAdapter::CreateLayer: node(1937030250511) has no available buffer.
08-05 15:03:48.994   569   569 E 01400/OHOS::RS: RSPhysicalScreenProcessor::ProcessSurface: failed to createLayer for node(id: 1937030250511)
08-05 15:03:48.995   244   244 I 01800/SAMGR: SystemAbilityManagerStub::OnReceived, code = 12, callerPid = 2859, flags= 0
08-05 15:03:48.996   244   244 I 01800/SAMGR: found service : 801.
08-05 15:03:48.996   431  1384 I 02d10/HiView-SysEventSource: Parser: parser result domain_=SAMGR eventName_=SAMGR_GETSA_FREQUENCY
08-05 15:03:48.997   431  1392 I 02d10/HiView-SysEventService: Convert2SysEvent: domain is SAMGR, eventName is SAMGR_GETSA_FREQUENCY.
08-05 15:03:48.997   431  1392 I 02d01/EventLogger: IsInterestedPipelineEvent: event coming! id:0x0, eventName:SAMGR_GETSA_FREQUENCY
08-05 15:03:48.998   431  1392 I 02d01/EventLogger: IsInterestedPipelineEvent: event time:1501945428998 jsonExtraInfo is {"domain_":"SAMGR","name_":"SAMGR_GETSA_FREQUENCY","type_":2,"time_":1501945428995,"tz_":"+0000","pid_":244,"tid_":244,"uid_":5555,"CALLER_PID":2859,"SAID":801,"level_":"MINOR","tag_":"statistic","id_":"12496438405264982927","info_":""}
08-05 15:03:48.998   431  1392 W 02d01/EventLogger: IsInterestedPipelineEvent: event: id:0x0, eventName:SAMGR_GETSA_FREQUENCY : EventLogger don't care and don't block other processes
08-05 15:03:48.998   431  1392 I 02d10/HiView-SysEventSource: Recycle: recycle resource
08-05 15:03:48.998   569   569 E 01400/OHOS::ROSEN: RsDebug RSSurfaceOhosRaster::FlushFrame fence:62
08-05 15:03:48.998   569   569 E 01400/Composer: SetScreenClientInfo: SetScreenClientDamage failed, ret is -5
08-05 15:03:48.998  2859  2859 W 01510/IPCObjectProxy: create, desc: 
08-05 15:03:48.999  2859  2859 W 01510/IPCObjectProxy: no databus session attach to this handle, maybe need update
08-05 15:03:48.999  2859  2876 I 03900/Ace: [ace_container.cpp(operator())-(0)] UIContent load theme
08-05 15:03:48.999   304  1677 E 01510/IPCObjectStub: IPCObjectStub::ProcessProto called, type = 0, normal stub object
08-05 15:03:49.000  2859  2859 W 01510/IPCObjectProxy: it is normal binder, not dbinder
08-05 15:03:49.000  2859  2859 I 01510/IPCProcessSkeleton: sptr<OHOS::IRemoteObject> OHOS::IPCProcessSkeleton::FindOrNewObject(int) 170: handle:13, proto:0
08-05 15:03:49.001  2859  2859 W 01510/IPCObjectStub: create, desc: ohos.accessibility.IAccessibleAbilityManagerStateObserver
08-05 15:03:49.001   304  1677 W 01510/IPCObjectProxy: create, desc: 
08-05 15:03:49.002   304  1677 W 01510/IPCObjectProxy: no databus session attach to this handle, maybe need update
08-05 15:03:49.002  2859  2876 W 03900/Ace: [flutter_asset_manager.cpp(GetAsset)-(0)] find asset failed, assetName = resources/styles/default.json
08-05 15:03:49.002  2859  2859 E 01510/IPCObjectStub: IPCObjectStub::ProcessProto called, type = 0, normal stub object
08-05 15:03:49.003   304  1677 W 01510/IPCObjectProxy: it is normal binder, not dbinder
08-05 15:03:49.003   304  1677 I 01510/IPCProcessSkeleton: sptr<OHOS::IRemoteObject> OHOS::IPCProcessSkeleton::FindOrNewObject(int) 170: handle:9, proto:0
08-05 15:03:49.003   304  1213 I 05200/accessibility: [accessibility_account_data.cpp(AddStateCallback:102)]
08-05 15:03:49.003   304  1213 I 05200/accessibility: [accessible_ability_manager_service.cpp(operator():246)]AccessibleAbilityManagerService::RegisterStateObserver successfully
08-05 15:03:49.003   304  1213 I 05200/accessibility: [accessibility_account_data.cpp(GetAccessibilityState:41)]
08-05 15:03:49.003  2859  2876 I 03900/Ace: [resource_adapter_impl.cpp(GetTheme)-(0)] theme themeId=125829872, ret=7, attr size=0, pattern size=0
08-05 15:03:49.003  2859  2876 W 03900/Ace: [resource_adapter_impl.cpp(GetTheme)-(0)] theme resource get failed, use default theme config.
08-05 15:03:49.003  2859  2859 I 03900/Ace: [js_accessibility_manager.cpp(SubscribeStateObserver)-(0)] JsAccessibilityManager::SubscribeStateObserver
08-05 15:03:49.004  2859  2876 I 03900/Ace: [ace_ability.cpp(operator())-(0)] Init Rosen Backend
08-05 15:03:49.004  2859  2859 I 03900/Ace: [js_accessibility_manager.cpp(SubscribeStateObserver)-(0)] JsAccessibilityManager::SubscribeStateObserver:1
08-05 15:03:49.004  2859  2876 I 03900/Ace: [root_component.cpp(SetupElementTree)-(0)] First build for element tree.
08-05 15:03:49.004  2859  2859 I 03900/Ace: [flutter_ace_view.cpp(SurfaceChanged)-(-2)] FlutterAceView::SurfaceChanged, GetPlatformView
08-05 15:03:49.004  2859  2876 I 03900/Ace: [root_component.cpp(CreateRenderNode)-(0)] CreateRenderRoot.
08-05 15:03:49.004  2859  2859 I 03900/Ace: [flutter_ace_view.cpp(SurfaceChanged)-(-2)] FlutterAceView::SurfaceChanged, call NotifyChanged
08-05 15:03:49.004  2859  2859 I 03900/Ace: [flutter_ace_view.cpp(SurfaceChanged)-(-2)] <<< FlutterAceView::SurfaceChanged, end
08-05 15:03:49.004  2859  2859 I 03900/Ace: [ace_container.cpp(RunPage)-(0)] RunPage content=[<private>]
08-05 15:03:49.004  2859  2859 I 03900/Ace: [ace_ability.cpp(OnStart)-(-2)] AceAbility::OnStart called End
08-05 15:03:49.004  2859  2859 I 01150/AppkitNative: [ohos_application.cpp(OnAbilityStart:230)]OHOSApplication::OnAbilityStart: called
08-05 15:03:49.004  2859  2859 I 02200/Ability: [ability_impl.cpp(Start:97)]Start end.
08-05 15:03:49.004  2859  2859 I 02200/Ability: [ability_impl.cpp(CheckAndRestore:551)]AbilityImpl::CheckAndRestore called start
08-05 15:03:49.004  2859  2859 E 02200/Ability: [ability_impl.cpp(CheckAndRestore:553)]AbilityImpl::CheckAndRestore hasSaveData_ is false
08-05 15:03:49.004  2859  2859 I 02200/Ability: [page_ability_impl.cpp(AbilityTransaction:96)]PageAbilityImpl::AbilityTransaction begin
08-05 15:03:49.004  2859  2859 I 02200/Ability: [ability_impl.cpp(SerUriString:521)]SerUriString begin.
08-05 15:03:49.004  2859  2859 I 02200/Ability: [ability_impl.cpp(SerUriString:527)]SerUriString end.
08-05 15:03:49.004  2859  2859 I 02200/Ability: [ability.cpp(RequsetFocus:3731)]RequsetFocus called.
08-05 15:03:49.004  2859  2859 I 02200/Ability: [ability_window.cpp(OnPostAbilityForeground:152)]AbilityWindow::OnPostAbilityForeground called.
08-05 15:03:49.004  2859  2859 I 02200/Ability: [ability_window.cpp(OnPostAbilityForeground:159)]OnPostAbilityForeground begin windowScene_->GoForeground, sceneFlag:0.
08-05 15:03:49.004  2859  2859 I 04200/WindowScene: <104>GoForeground: GoForeground reason:0
08-05 15:03:49.004  2859  2859 I 04200/WindowImpl: <934>Show: [Client] Window [name:videoplayer0, id:11] Show, reason:0
08-05 15:03:49.004  2859  2859 I 04200/WindowImpl: <736>UpdateTitleButtonVisibility: [Client] UpdateTitleButtonVisibility
08-05 15:03:49.005   451  1399 I 04200/WindowManagerService: <378>HandleAddWindow: [WMS] Add:    11    1    1    1 [   0    0    0    0]
08-05 15:03:49.005  2859  2876 W 03900/Ace: [render_node.cpp(RSNodeAddChild)-(0)] Child render_node has no RSNode, creating now.
08-05 15:03:49.005   451  1399 I 04200/WindowNodeContainer: <904>NotifyDockWindowStateChanged: [Immersive] begin isEnable: 0
08-05 15:03:49.005   451  1399 I 04200/WindowManagerAgentController: <48>UpdateSystemBarRegionTints: UpdateSystemBarRegionTints, tints size: 1
08-05 15:03:49.005  2859  2876 W 03900/Ace: [render_node.cpp(RSNodeAddChild)-(0)] Child render_node has no RSNode, creating now.
08-05 15:03:49.006   451  1399 I 04200/DisplayGroupController: <75>AddWindowNodeOnWindowTree: add node in node vector of root, displayId: 0 windowId: 7, rootType: 1
08-05 15:03:49.006  1535  1537 I 04200/WindowManagerAgentStub: <31>OnRemoteRequest: WindowManagerAgentStub::OnRemoteRequest code is 2
08-05 15:03:49.006   451  1399 I 04200/DisplayGroupController: <75>AddWindowNodeOnWindowTree: add node in node vector of root, displayId: 0 windowId: 8, rootType: 1
08-05 15:03:49.006  2859  2876 W 03900/Ace: [render_node.cpp(RSNodeAddChild)-(0)] Child render_node has no RSNode, creating now.
08-05 15:03:49.006   451  1399 I 04200/DisplayGroupController: <75>AddWindowNodeOnWindowTree: add node in node vector of root, displayId: 0 windowId: 2, rootType: 1
08-05 15:03:49.006   451  1399 I 04200/DisplayGroupController: <75>AddWindowNodeOnWindowTree: add node in node vector of root, displayId: 0 windowId: 11, rootType: 0
08-05 15:03:49.006  1535  1537 I 04200/WindowManager: <234>NotifySystemBarChanged: type:2116, enable:0,backgroundColor:66000000, contentColor:e5ffffff region:[2065940064, 85, -1813683072, 127]
08-05 15:03:49.006   451  1399 I 04200/DisplayGroupController: <75>AddWindowNodeOnWindowTree: add node in node vector of root, displayId: 0 windowId: 3, rootType: 2
08-05 15:03:49.006  2859  2876 I 03900/Ace: [app_theme.cpp(Build)-(0)] Build AppTheme error, no theme resource, use prebuild color!
08-05 15:03:49.006   451  1399 I 04200/WindowLayoutPolicy: <920>GetVirtualPixelRatio: GetVirtualPixel success. displayId:0, vpr:1.500000
08-05 15:03:49.006   451  1399 I 04200/WindowLayoutPolicy: <529>GetSystemSizeLimits: maxWidth: 3840, maxHeight: 3840, minWidth: 360, minHeight: 480 maxRatio: 340282346638528859811704183484516925440.000000, minRatio: 0.000000
08-05 15:03:49.006   451  1399 I 04200/WindowLayoutPolicy: <585>UpdateWindowSizeLimits: maxWidth: 3840, maxHeight: 3840, minWidth: 360, minHeight: 480, maxRatio: 8.000000, minRatio: 0.093750
08-05 15:03:49.006  2859  2876 I 03900/Ace: [pipeline_context.cpp(SetupRootElement)-(0)] rosen ui director call set root.
08-05 15:03:49.006   451  1399 I 04200/WindowLayoutPolicyCascade: <302>UpdateLayoutRect: Id:11, avoid:1 parLimit:0 floating:0, sub:0, deco:0, type:1, requestRect:[123, 218, 475, 844]
08-05 15:03:49.006   451  1399 I 04200/WindowLayoutPolicyCascade: <261>ApplyWindowRectConstraints: Before apply constraints winRect:[0, 30, 720, 1178]
08-05 15:03:49.006   451  1399 I 04200/WindowLayoutPolicyCascade: <276>ApplyWindowRectConstraints: After apply constraints winRect:[0, 30, 720, 1178]
08-05 15:03:49.006  2859  2876 I 03900/Ace: [pipeline_context.cpp(SetupRootElement)-(0)] SetupRootElement success!
08-05 15:03:49.006   451  1399 I 04200/WindowLayoutPolicy: <920>GetVirtualPixelRatio: GetVirtualPixel success. displayId:0, vpr:1.500000
08-05 15:03:49.006   451  1399 I 04200/WindowLayoutPolicy: <347>UpdateClientRectAndResetReason: notify client id: 11, windowRect:[0, 30, 720, 1178], reason: 0
08-05 15:03:49.006  2859  2876 I 03900/Ace: [pipeline_context.cpp(OnSurfaceChanged)-(0)] PipelineContext: OnSurfaceChanged start.
08-05 15:03:49.006  2859  2876 I 03900/Ace: [pipeline_context.cpp(OnSurfaceChanged)-(0)] Surface size changed, [0 * 0]
08-05 15:03:49.006   451  1399 E 04200/AvoidAreaController: <70>AddOrRemoveOverlayWindowIfNeed: IsOverlayWindow Failed.
08-05 15:03:49.006   451  1399 I 04200/WindowNodeContainer: <737>GetExpectImmersiveProperty: Top immersive window id: 11. Use full immersive prop
08-05 15:03:49.006   451  1399 I 04200/WindowNodeContainer: <803>NotifyIfSystemBarTintChanged: System bar prop update, Type: 2108, Visible: 1, Color: 66000000 | e5ffffff
08-05 15:03:49.006  2859  2876 I 03900/Ace: [pipeline_context.cpp(OnSurfaceChanged)-(0)] Surface is ready.
08-05 15:03:49.006   451  1399 I 04200/WindowNodeContainer: <803>NotifyIfSystemBarTintChanged: System bar prop update, Type: 2112, Visible: 1, Color: 66000000 | e5ffffff
08-05 15:03:49.006   451  1399 I 04200/WindowManagerAgentController: <48>UpdateSystemBarRegionTints: UpdateSystemBarRegionTints, tints size: 2
08-05 15:03:49.006   451  1434 I 04201/DisplayManagerStub: <35>OnRemoteRequest: OnRemoteRequest code is 1
08-05 15:03:49.006   451  1399 I 04200/WindowNodeContainer: <1115>DumpScreenWindowTree: -------- dump window info begin---------
08-05 15:03:49.006   451  1399 I 04200/WindowNodeContainer: <1116>DumpScreenWindowTree: WindowName DisplayId WinId Type Mode Flag ZOrd Orientation abilityToken [   x    y    w    h]
08-05 15:03:49.006   451  1399 I 04200/WindowNodeContainer: <1126>DumpScreenWindowTree: ScreenLock         0     2 2110    1    0    4           0 1 [   0    0  720 1280]
08-05 15:03:49.006   451  1399 I 04200/WindowNodeContainer: <1126>DumpScreenWindowTree: SystemUi_N         0     8 2112  102    1    3           0 1 [   0 1208  720   72]
08-05 15:03:49.007   451  1399 I 04200/WindowNodeContainer: <1126>DumpScreenWindowTree: SystemUi_S         0     7 2108  102    1    2           0 1 [   0    0  720   30]
08-05 15:03:49.007   451  1399 I 04200/WindowNodeContainer: <1126>DumpScreenWindowTree: videoplaye         0    11    1    1    1    1           0 1 [   0   30  720 1178]
08-05 15:03:49.007   451  1399 I 04200/WindowNodeContainer: <1126>DumpScreenWindowTree:  EntryView         0     3 2001    1    0    0           0 1 [   0    0  720 1280]
08-05 15:03:49.007   451  1399 I 04200/WindowNodeContainer: <1130>DumpScreenWindowTree: -------- dump window info end  ---------
08-05 15:03:49.007  1535  1537 I 04200/WindowManagerAgentStub: <31>OnRemoteRequest: WindowManagerAgentStub::OnRemoteRequest code is 2
08-05 15:03:49.007   451  1399 I 04200/WindowManagerAgentController: <61>NotifyAccessibilityWindowInfo: NotifyAccessibilityWindowInfo
08-05 15:03:49.007  1535  1537 I 04200/WindowManager: <234>NotifySystemBarChanged: type:2108, enable:1,backgroundColor:66000000, contentColor:e5ffffff region:[0, 0, 720, 30]
08-05 15:03:49.007  1535  1537 I 04200/WindowManager: <234>NotifySystemBarChanged: type:2112, enable:1,backgroundColor:66000000, contentColor:e5ffffff region:[0, 1208, 720, 72]
08-05 15:03:49.007  2859  2876 I 0a003/PARAM_WATCHER: [watcher_manager_kits.cpp:130]AddWatcher keyPrefix debug.graphic.frame
08-05 15:03:49.007  2859  2870 I 04201/DisplayManager: <554>UpdateDisplayInfoLocked: displayId:0.
08-05 15:03:49.007  2859  2870 I 04201/DisplayManager: <561>UpdateDisplayInfoLocked: get screen in screen map
08-05 15:03:49.007  2859  2870 I 04200/WindowImpl: <1650>UpdateRect: winId:11, rect[0, 30, 720, 1178], reason:0
08-05 15:03:49.007  2859  2870 I 04200/WindowImpl: <1662>UpdateRect: sizeChange callback size: 1
08-05 15:03:49.007  2859  2876 W 01510/IPCObjectStub: create, desc: OHOS.Startup.IWatcher
08-05 15:03:49.007   243  2811 W 01510/IPCObjectProxy: create, desc: 
08-05 15:03:49.007   243  2811 W 01510/IPCObjectProxy: no databus session attach to this handle, maybe need update
08-05 15:03:49.007  1535  1789 I 04200/JsWindowListener: <84>OnSystemBarPropertyChange: [NAPI]OnSystemBarPropertyChange
08-05 15:03:49.008  1535  1789 I 04200/JsWindowListener: <84>OnSystemBarPropertyChange: [NAPI]OnSystemBarPropertyChange
08-05 15:03:49.008   451  1399 I 04200/WindowNodeContainer: <190>AddWindowNode: AddWindowNode windowId: 11 end
08-05 15:03:49.008   451  1399 I 04200/WindowRoot: <405>DestroyLeakStartingWindow: DestroyLeakStartingWindow is called
08-05 15:03:49.008  1535  1535 I 04200/JsWindowUtils: <297>CreateJsSystemBarRegionTintObject: [NAPI]Type 2116 [0 #66000000 #E5FFFFFF] [2065940064 85 2481284224 127]
08-05 15:03:49.008  1535  1535 I 04200/JsWindowListener: <33>CallJsMethod: [NAPI]CallJsMethod methodName = systemBarTintChange
08-05 15:03:49.008  1543  1676 I 04200/WindowImpl: <2054>UpdateFocusStatus: window focus status: 0, id: 3
08-05 15:03:49.009  1535  1535 I 00000/JsDisplayManager: <87>OnGetDefaultDisplay: JsDisplayManager::OnGetDefaultDisplay is called
08-05 15:03:49.009  1543  1672 I 03900/Ace: [ui_content_impl.cpp(UnFocus)-(-1)] UIContentImpl: window unFocus
08-05 15:03:49.009   569   569 E 01400/OHOS::RS: RsDebug RSComposerAdapter::CreateLayer: node(1937030250511) has no available buffer.
08-05 15:03:49.009   569   569 E 01400/OHOS::RS: RSPhysicalScreenProcessor::ProcessSurface: failed to createLayer for node(id: 1937030250511)
08-05 15:03:49.009  1543  1543 I 03900/Ace: [jsi_declarative_engine.cpp(OnInactive)-(0)] JsiDeclarativeEngine OnInactive called.
08-05 15:03:49.009  1543  1543 I 03900/Ace: [pipeline_context.cpp(OnVirtualKeyboardAreaChange)-(0)] OnVirtualKeyboardAreaChange positionY:0.000000 safeArea:1280.000000 offsetFix:-640.000000
08-05 15:03:49.009  1535  1535 I 04200/JsWindowUtils: <297>CreateJsSystemBarRegionTintObject: [NAPI]Type 2108 [1 #66000000 #E5FFFFFF] [0 0 720 30]
08-05 15:03:49.009  1543  1543 W 03900/Ace: [pipeline_context.cpp(WindowFocus)-(0)] WindowFocus failed, Window modal is not container.
08-05 15:03:49.009  1535  1535 I 04200/JsWindowUtils: <297>CreateJsSystemBarRegionTintObject: [NAPI]Type 2112 [1 #66000000 #E5FFFFFF] [0 1208 720 72]
08-05 15:03:49.009  1535  1535 I 04200/JsWindowListener: <33>CallJsMethod: [NAPI]CallJsMethod methodName = systemBarTintChange
08-05 15:03:49.008   367   389 I 04200/WindowManagerAgentStub: <31>OnRemoteRequest: WindowManagerAgentStub::OnRemoteRequest code is 1
08-05 15:03:49.009   367   389 W 01510/IPCObjectProxy: create, desc: 
08-05 15:03:49.009  1535  1535 I 00000/JsDisplayManager: <87>OnGetDefaultDisplay: JsDisplayManager::OnGetDefaultDisplay is called
08-05 15:03:49.010   367   389 W 01510/IPCObjectProxy: no databus session attach to this handle, maybe need update
08-05 15:03:49.010   451  1434 E 01510/IPCObjectStub: IPCObjectStub::ProcessProto called, type = 0, normal stub object
08-05 15:03:49.010   367   389 W 01510/IPCObjectProxy: it is normal binder, not dbinder
08-05 15:03:49.010   367   389 I 01510/IPCProcessSkeleton: sptr<OHOS::IRemoteObject> OHOS::IPCProcessSkeleton::FindOrNewObject(int) 170: handle:9, proto:0
08-05 15:03:49.010   367   389 I 04200/WindowManager: <536>UpdateFocusChangeInfo: window focus change: 0, id: 3
08-05 15:03:49.010   451  1434 I 04201/DisplayManagerStub: <35>OnRemoteRequest: OnRemoteRequest code is 0
08-05 15:03:49.010   367   389 I 04200/WindowManager: <219>NotifyUnfocused: NotifyUnfocused [3; 0; 1543; 20010013; 2001; 00000000BB631660]
08-05 15:03:49.010   451  1434 I 04201/AbstractScreenController: <195>GetDefaultAbstractScreenId, screen:0
08-05 15:03:49.010   451  1434 I 04201/DisplayManagerService: <146>GetDefaultDisplayInfo: GetDefaultDisplayInfo 0
08-05 15:03:49.010   367  1679 I 01c00/SclockKit: [screenlock_system_ability.cpp(OnUnfocused:167)]ScreenLockSystemAbility::ScreenLockFocusChangedListener OnUnfocused.
08-05 15:03:49.010  1535  1535 I 04201/DisplayManager: <554>UpdateDisplayInfoLocked: displayId:0.
08-05 15:03:49.010  1535  1535 I 04201/DisplayManager: <561>UpdateDisplayInfoLocked: get screen in screen map
08-05 15:03:49.010   367  1679 W 01510/IPCObjectProxy: not databus dbinder, need do nothing
08-05 15:03:49.010  1535  1535 I 00000/JsDisplay: <78>CreateJsDisplayObject: JsDisplay::CreateJsDisplay is called
08-05 15:03:49.010  1535  1535 I 00000/JsDisplay: <67>FindJsDisplayObject: [NAPI]Try to find display 0 in g_JsDisplayMap
08-05 15:03:49.010   367  1679 W 01510/IPCObjectProxy: destroy, desc: IPCObjectProxy9
08-05 15:03:49.010  1535  1535 I 00000/JsDisplay: <82>CreateJsDisplayObject: [NAPI]FindJsDisplayObject 0
08-05 15:03:49.010  1535  1535 I 02200/Runtime: [js_runtime_utils.cpp(Resolve:151)]AsyncTask::Resolve is called
08-05 15:03:49.011  1535  1535 I 02200/Runtime: [js_runtime_utils.cpp(Resolve:164)]AsyncTask::Resolve is called end.
08-05 15:03:49.011  1535  1535 I 00000/JsDisplayManager: <103>operator(): JsDisplayManager::OnGetDefaultDisplay success
08-05 15:03:49.011   451   451 I 04201/DisplayManagerStub: <35>OnRemoteRequest: OnRemoteRequest code is 0
08-05 15:03:49.011   451   451 I 04201/AbstractScreenController: <195>GetDefaultAbstractScreenId, screen:0
08-05 15:03:49.011   451   451 I 04201/DisplayManagerService: <146>GetDefaultDisplayInfo: GetDefaultDisplayInfo 0
08-05 15:03:49.011  1535  1535 I 04201/DisplayManager: <554>UpdateDisplayInfoLocked: displayId:0.
08-05 15:03:49.011  1535  1535 I 04201/DisplayManager: <561>UpdateDisplayInfoLocked: get screen in screen map
08-05 15:03:49.011  1535  1535 I 00000/JsDisplay: <78>CreateJsDisplayObject: JsDisplay::CreateJsDisplay is called
08-05 15:03:49.011  1535  1535 I 00000/JsDisplay: <67>FindJsDisplayObject: [NAPI]Try to find display 0 in g_JsDisplayMap
08-05 15:03:49.011  1535  1535 I 00000/JsDisplay: <82>CreateJsDisplayObject: [NAPI]FindJsDisplayObject 0
08-05 15:03:49.011  1535  1535 I 02200/Runtime: [js_runtime_utils.cpp(Resolve:151)]AsyncTask::Resolve is called
08-05 15:03:49.012  1535  1535 I 02200/JsApp: SystemUI_Default tag: StatusBarVM --> onTintStateChange, tintState: {"isEnable":true,"region":{"left":0,"top":0,"width":720,"height":30},"backgroundColor":"#66000000","contentColor":"#E5FFFFFF"}
08-05 15:03:49.012  1535  1535 I 02200/JsApp: SystemUI_Default tag: StatusBarVM --> setStatusBarEnable, isEnable true
08-05 15:03:49.012   569   569 E 01400/OHOS::ROSEN: RsDebug RSSurfaceOhosRaster::FlushFrame fence:55
08-05 15:03:49.012  1535  1535 I 02200/JsApp: SystemUI_Default tag: StatusBarVM --> changeBackground, backgroundColor: #66000000 region: {"left":0,"top":0,"width":720,"height":30}
08-05 15:03:49.012  1535  1535 E 02200/JsApp: SubscribableHandler: get 'showHorizontal'.
08-05 15:03:49.012   569   569 E 01400/Composer: SetScreenClientInfo: SetScreenClientDamage failed, ret is -5
08-05 15:03:49.012  1535  1535 E 02200/JsApp: SubscribableHandler: get 'left'.
08-05 15:03:49.012  1535  1535 I 02200/JsApp: SystemUI_Default tag: StatusBarVM --> changeBackground, data: {"backgroundColor":"#66000000","width":720}
08-05 15:03:49.012   451  1399 I 04200/WindowManagerAgentController: <61>NotifyAccessibilityWindowInfo: NotifyAccessibilityWindowInfo
08-05 15:03:49.012  1535  1535 I 02200/JsApp: SystemUI_Default tag: StatusBarVM --> changeContent, contentColor: #E5FFFFFF region: {"left":0,"top":0,"width":720,"height":30}
08-05 15:03:49.012  1535  1535 E 02200/JsApp: SubscribableHandler: get 'showHorizontal'.
08-05 15:03:49.012  1535  1535 E 02200/JsApp: SubscribableHandler: get 'left'.
08-05 15:03:49.012  1535  1535 I 02200/JsApp: SystemUI_Default tag: StatusBarVM --> changeContent, data: {"contentColor":"#E5FFFFFF","width":720}
08-05 15:03:49.013   451  1399 W 04200/WindowNodeContainer: <511>UpdateFocusStatus: current focus window: windowId: 11, windowName: videoplayer0
08-05 15:03:49.013  1535  1535 I 02200/JsApp: SystemUI_Default tag: StatusBarVM --> changeComponentContent, id signal area: {"left":36,"top":0,"width":181.75,"height":36}
08-05 15:03:49.013  1535  1535 E 02200/JsApp: SubscribableHandler: get 'showHorizontal'.
08-05 15:03:49.013  1535  1535 E 02200/JsApp: SubscribableHandler: get 'left'.
08-05 15:03:49.013  2859  2870 I 04200/WindowImpl: <2054>UpdateFocusStatus: window focus status: 1, id: 11
08-05 15:03:49.013  1535  1535 E 02200/JsApp: SubscribableHandler: get 'showHorizontal'.
08-05 15:03:49.013  1535  1535 I 02200/JsApp: SystemUI_Default tag: StatusBarVM --> setComponentContent, id signal contentColor: #E5FFFFFF
08-05 15:03:49.013  2859  2870 I 04200/WindowImpl: <2185>UpdateActiveStatus: window active status: 1, id: 11
08-05 15:03:49.013   451  1399 I 04200/WindowNodeContainer: <545>UpdateBrightness: brightness: [-1.000000, -1.000000]
08-05 15:03:49.013  1543  1676 I 04200/WindowImpl: <2185>UpdateActiveStatus: window active status: 0, id: 3
08-05 15:03:49.013  1535  1535 I 02200/JsApp: SystemUI_Default tag: StatusBarVM --> changeComponentContent, id wifi area: {"left":217.75,"top":0,"width":0,"height":36}
08-05 15:03:49.013  1535  1535 E 02200/JsApp: SubscribableHandler: get 'showHorizontal'.
08-05 15:03:49.013   451  1399 I 04200/WindowRoot: <444>PostProcessAddWindowNode: windowId:11, name:videoplayer0, orientation:0, type:1, isMainWindow:1
08-05 15:03:49.013  1535  1535 E 02200/JsApp: SubscribableHandler: get 'left'.
08-05 15:03:49.014   451  1399 I 04201/AbstractScreenController: <162>GetAbstractScreen: screenId: 0
08-05 15:03:49.014   451  1399 I 04201/AbstractScreenController: <620>skip setting orientation. screen 0 orientation 0
08-05 15:03:49.014  1535  1535 E 02200/JsApp: SubscribableHandler: get 'showHorizontal'.
08-05 15:03:49.014   451  1399 I 04200/WindowController: <698>FlushWindowInfo: FlushWindowInfo
08-05 15:03:49.014  1535  1535 I 02200/JsApp: SystemUI_Default tag: StatusBarVM --> setComponentContent, id wifi contentColor: #E5FFFFFF
08-05 15:03:49.014   451  1399 I 04200/InputWindowMonitor: <76>UpdateInputWindowByDisplayId: update display info to IMS, displayId: 0
08-05 15:03:49.014   451  1399 I 02800/InputManagerImpl: in PrintDisplayInfo, logicalInfo,width:0,height:0,focusWindowId:11
08-05 15:03:49.014   451  1399 I 02800/InputManagerImpl: in PrintDisplayInfo, windowsInfos,num:5
08-05 15:03:49.014   451  1399 I 02800/InputManagerImpl: in PrintDisplayInfo, windowsInfos,id:2,pid:1516,uid:10003,area.x:0,area.y:0,area.width:720,area.height:1280,defaultHotAreas.size:1,pointerHotAreas.size:1,agentWindowId:2,flags:0
08-05 15:03:49.014   451  1399 I 02800/InputManagerImpl: in PrintDisplayInfo, defaultHotAreas:x:0,y:0,width:720,height:1280
08-05 15:03:49.014   451  1399 I 02800/InputManagerImpl: in PrintDisplayInfo, pointerHotAreas:x:0,y:0,width:720,height:1280
08-05 15:03:49.014   451  1399 I 02800/InputManagerImpl: in PrintDisplayInfo, windowsInfos,id:8,pid:1535,uid:10006,area.x:0,area.y:1208,area.width:720,area.height:72,defaultHotAreas.size:1,pointerHotAreas.size:1,agentWindowId:8,flags:0
08-05 15:03:49.014   451  1399 I 02800/InputManagerImpl: in PrintDisplayInfo, defaultHotAreas:x:0,y:1208,width:720,height:72
08-05 15:03:49.014   451  1399 I 02800/InputManagerImpl: in PrintDisplayInfo, pointerHotAreas:x:0,y:1208,width:720,height:72
08-05 15:03:49.014   451  1399 I 02800/InputManagerImpl: in PrintDisplayInfo, windowsInfos,id:7,pid:1535,uid:10006,area.x:0,area.y:0,area.width:720,area.height:30,defaultHotAreas.size:1,pointerHotAreas.size:1,agentWindowId:7,flags:0
08-05 15:03:49.014  1535  1535 I 02200/JsApp: SystemUI_Default tag: StatusBarVM --> changeComponentContent, id capsule area: {"left":217.75,"top":0,"width":0,"height":36}
08-05 15:03:49.014   451  1399 I 02800/InputManagerImpl: in PrintDisplayInfo, defaultHotAreas:x:0,y:0,width:720,height:30
08-05 15:03:49.014   451  1399 I 02800/InputManagerImpl: in PrintDisplayInfo, pointerHotAreas:x:0,y:0,width:720,height:30
08-05 15:03:49.014   451  1399 I 02800/InputManagerImpl: in PrintDisplayInfo, windowsInfos,id:11,pid:2859,uid:20010035,area.x:0,area.y:30,area.width:720,area.height:1178,defaultHotAreas.size:1,pointerHotAreas.size:1,agentWindowId:11,flags:0
08-05 15:03:49.014   451  1399 I 02800/InputManagerImpl: in PrintDisplayInfo, defaultHotAreas:x:0,y:30,width:720,height:1178
08-05 15:03:49.014   451  1399 I 02800/InputManagerImpl: in PrintDisplayInfo, pointerHotAreas:x:0,y:30,width:720,height:1178
08-05 15:03:49.014   451  1399 I 02800/InputManagerImpl: in PrintDisplayInfo, windowsInfos,id:3,pid:1543,uid:20010013,area.x:0,area.y:0,area.width:720,area.height:1280,defaultHotAreas.size:1,pointerHotAreas.size:1,agentWindowId:3,flags:0
08-05 15:03:49.015   251  1466 I 02800/InputWindowsManager: in PrintDisplayInfo, logicalInfo,width:0,height:0,focusWindowId:11
08-05 15:03:49.015   251  1466 I 02800/InputWindowsManager: in PrintDisplayInfo, windowsInfos,num:5
08-05 15:03:49.015   251  1466 I 02800/InputWindowsManager: in PrintDisplayInfo, windowsInfos,id:2,pid:1516,uid:10003,area.x:0,area.y:0,area.width:720,area.height:1280,defaultHotAreas.size:1,pointerHotAreas.size:1,agentWindowId:2,flags:0
08-05 15:03:49.015   251  1466 I 02800/InputWindowsManager: in PrintDisplayInfo, defaultHotAreas:x:0,y:0,width:720,height:1280
08-05 15:03:49.015   451  1399 I 02800/InputManagerImpl: in PrintDisplayInfo, defaultHotAreas:x:0,y:0,width:720,height:1280
08-05 15:03:49.015   251  1466 I 02800/InputWindowsManager: in PrintDisplayInfo, pointerHotAreas:x:0,y:0,width:720,height:1280
08-05 15:03:49.015   451  1399 I 02800/InputManagerImpl: in PrintDisplayInfo, pointerHotAreas:x:0,y:0,width:720,height:1280
08-05 15:03:49.015   251  1466 I 02800/InputWindowsManager: in PrintDisplayInfo, windowsInfos,id:8,pid:1535,uid:10006,area.x:0,area.y:1208,area.width:720,area.height:72,defaultHotAreas.size:1,pointerHotAreas.size:1,agentWindowId:8,flags:0
08-05 15:03:49.015   451  1399 I 02800/InputManagerImpl: in PrintDisplayInfo, displayInfos,num:1
08-05 15:03:49.015   251  1466 I 02800/InputWindowsManager: in PrintDisplayInfo, defaultHotAreas:x:0,y:1208,width:720,height:72
08-05 15:03:49.015   451  1399 I 02800/InputManagerImpl: in PrintDisplayInfo, displayInfos,id:0,x:0,y:0,width:720,height:1280,name:0isplay ,uniq:default0,direction:0
08-05 15:03:49.015   251  1466 I 02800/InputWindowsManager: in PrintDisplayInfo, pointerHotAreas:x:0,y:1208,width:720,height:72
08-05 15:03:49.015   251  1466 I 02800/InputWindowsManager: in PrintDisplayInfo, windowsInfos,id:7,pid:1535,uid:10006,area.x:0,area.y:0,area.width:720,area.height:30,defaultHotAreas.size:1,pointerHotAreas.size:1,agentWindowId:7,flags:0
08-05 15:03:49.015   251  1466 I 02800/InputWindowsManager: in PrintDisplayInfo, defaultHotAreas:x:0,y:0,width:720,height:30
08-05 15:03:49.015   451  1399 I 04200/WindowController: <271>HandleTurnScreenOn: handle turn screen on: [videoplayer0, 0]
08-05 15:03:49.015   251  1466 I 02800/InputWindowsManager: in PrintDisplayInfo, pointerHotAreas:x:0,y:0,width:720,height:30
08-05 15:03:49.015   251  1466 I 02800/InputWindowsManager: in PrintDisplayInfo, windowsInfos,id:11,pid:2859,uid:20010035,area.x:0,area.y:30,area.width:720,area.height:1178,defaultHotAreas.size:1,pointerHotAreas.size:1,agentWindowId:11,flags:0
08-05 15:03:49.015   251  1466 I 02800/InputWindowsManager: in PrintDisplayInfo, defaultHotAreas:x:0,y:30,width:720,height:1178
08-05 15:03:49.015   251  1466 I 02800/InputWindowsManager: in PrintDisplayInfo, pointerHotAreas:x:0,y:30,width:720,height:1178
08-05 15:03:49.015   251  1466 I 02800/InputWindowsManager: in PrintDisplayInfo, windowsInfos,id:3,pid:1543,uid:20010013,area.x:0,area.y:0,area.width:720,area.height:1280,defaultHotAreas.size:1,pointerHotAreas.size:1,agentWindowId:3,flags:0
08-05 15:03:49.008   283  1678 I 04200/WindowManagerAgentStub: <31>OnRemoteRequest: WindowManagerAgentStub::OnRemoteRequest code is 1
08-05 15:03:49.015   283  1678 W 01510/IPCObjectProxy: create, desc: 
