08-05 15:03:54.267   431  1392 I 02d01/EventLogger: IsInterestedPipelineEvent: event coming! id:0x0, eventName:AUDIO_STREAM_CHANGE
08-05 15:03:54.267   431  1392 I 02d01/EventLogger: IsInterestedPipelineEvent: event time:1501945434267 jsonExtraInfo is {"domain_":"AUDIO","name_":"AUDIO_STREAM_CHANGE","type_":4,"time_":1501945434262,"tz_":"+0000","pid_":527,"tid_":2907,"uid_":1013,"ISOUTPUT":1,"STREAMID":83,"UID":20010035,"PID":2859,"TRANSACTIONID":2466336672,"STREAMTYPE":1,"STATE":1,"DEVICETYPE":2,"level_":"MINOR","tag_":"PowerStats","id_":"13417276541219905087","info_":""}
08-05 15:03:54.267   431  1392 W 02d01/EventLogger: IsInterestedPipelineEvent: event: id:0x0, eventName:AUDIO_STREAM_CHANGE : EventLogger don't care and don't block other processes
08-05 15:03:54.267   408   408 W 01510/IPCObjectProxy: no databus session attach to this handle, maybe need update
08-05 15:03:54.267   431  1392 I 02d10/HiView-SysEventSource: Recycle: recycle resource
08-05 15:03:54.268   527  2907 E 01510/IPCObjectStub: IPCObjectStub::ProcessProto called, type = 0, normal stub object
08-05 15:03:54.268   408   408 W 01510/IPCObjectProxy: it is normal binder, not dbinder
08-05 15:03:54.268   408   408 I 01510/IPCProcessSkeleton: sptr<OHOS::IRemoteObject> OHOS::IPCProcessSkeleton::FindOrNewObject(int) 170: handle:52, proto:0
08-05 15:03:54.268   431  1384 I 02d10/HiView-SysEventSource: Parser: parser result domain_=AUDIO eventName_=AUDIO_VOLUME_CHANGE
08-05 15:03:54.268   527  2911 I 02b2b/GstMsgConvDefault: {ConvertStateChangedMessage():91} audioserversink41 change state from NULL to READY
08-05 15:03:54.269   527  2911 I 02b2b/GstMsgConvDefault: {ConvertStateChangedMessage():91} sink change state from NULL to READY
08-05 15:03:54.269   431  1392 I 02d10/HiView-SysEventService: Convert2SysEvent: domain is AUDIO, eventName is AUDIO_VOLUME_CHANGE.
08-05 15:03:54.270   527  2911 I 02b2b/GstMsgConvDefault: {ConvertStateChangedMessage():91} uridecodebin41 change state from NULL to READY
08-05 15:03:54.271   431  1392 I 02d01/EventLogger: IsInterestedPipelineEvent: event coming! id:0x0, eventName:AUDIO_VOLUME_CHANGE
08-05 15:03:54.271   431  1392 I 02d01/EventLogger: IsInterestedPipelineEvent: event time:1501945434271 jsonExtraInfo is {"domain_":"AUDIO","name_":"AUDIO_VOLUME_CHANGE","type_":4,"time_":1501945434264,"tz_":"+0000","pid_":408,"tid_":1222,"uid_":1041,"ISOUTPUT":1,"STREAMID":83,"STREAMTYPE":1,"VOLUME":1,"level_":"MINOR","tag_":"PowerStats","id_":"14140532994263735992","info_":""}
08-05 15:03:54.271   431  1392 W 02d01/EventLogger: IsInterestedPipelineEvent: event: id:0x0, eventName:AUDIO_VOLUME_CHANGE : EventLogger don't care and don't block other processes
08-05 15:03:54.271   431  1392 I 02d10/HiView-SysEventSource: Recycle: recycle resource
08-05 15:03:54.271  2859  2860 W 01510/BinderInvoker: <private>:<private> : fd = <private>
08-05 15:03:54.272  2859  2872 I 03900/NAPI: [native_api.cpp(napi_call_function)] engine: 0000000092F64AE0, nativeRecv: 0000000000000000, nativeFunc: 000000009322A3E0, nativeArgv: 00000000935B3560
08-05 15:03:54.273   527  2911 I 02b2b/GstMsgConvDefault: {ConvertStateChangedMessage():91} typefind change state from NULL to READY
08-05 15:03:54.273  2859  2872 I 03b00/JSApp: app Log: MusicPlayer[PlayerModel] readAt: length: 81920 pos : 327680 size_ : 1894335
08-05 15:03:54.273   527  2911 I 02b2b/GstMsgConvDefault: {ConvertStateChangedMessage():91} decodebin41 change state from NULL to READY
08-05 15:03:54.273  2859  2872 I 03b00/JSApp: app Log: buf byteLength: 81920
08-05 15:03:54.273  2859  2872 I 03b00/JSApp: app Log: MusicPlayer[PlayerModel] readAt: 81920;pos: 327680
08-05 15:03:54.274   527  2911 I 02b2b/GstMsgConvDefault: {ConvertStateChangedMessage():91} typefind change state from READY to PAUSED
08-05 15:03:54.274   527  2907 I 02b2b/PlayBinCtrlerBase: {SetVolume():378} SetVolume(1.000000) to audio sink
08-05 15:03:54.274   527  2911 I 02b2b/GstMsgConvDefault: {ConvertStateChangedMessage():91} source change state from NULL to READY
08-05 15:03:54.274  2859  2872 I 03b00/JSApp: app Log: case MusicPlayer[PlayerModel] readAt end, lenReal: 81920
08-05 15:03:54.274   527  2907 I 02b00/AudioFramework: [audio_service_client.cpp] SetVolume volume: 1.000000
08-05 15:03:54.274  2859  2872 I 03b00/JSApp: app Log: playerXTS ========================================================================
08-05 15:03:54.274   527  2911 I 02b2b/GstMsgConvDefault: {ConvertStateChangedMessage():91} source change state from READY to PAUSED
08-05 15:03:54.274   527  2907 I 02b00/AudioFramework: [audio_service_client.cpp] mUnMute_ 0
08-05 15:03:54.274  2859  2872 I 03900/NAPI: [native_api.cpp(napi_call_function)] engine: 0000000092F64AE0, nativeRecv: 0000000000000000, nativeFunc: 000000009322A3E0, nativeArgv: 00000000935B3560, resultValue: 000000009322F240
08-05 15:03:54.275   318  1236 I 02b00/AudioFramework: [hdi_sink.c] SinkProcessMsg: code: 9
08-05 15:03:54.276   527  2913 I 02b00/AudioFramework: [audio_service_client.cpp] GetSinkInputInfoVolumeCb in
08-05 15:03:54.278   527  2913 I 02b00/AudioFramework: [audio_service_client.cpp] Applied volume : 1.000000, pa volume: 65536
08-05 15:03:54.278   527  2909 W 01510/BinderInvoker: <private>(<private>) write fd : <private>
08-05 15:03:54.278  2859  2860 W 01510/BinderInvoker: <private>:<private> : fd = <private>
08-05 15:03:54.278   527  2913 I 02b00/AudioFramework: [audio_service_client.cpp] GetSinkInputInfoVolumeCb in
08-05 15:03:54.279   431  1384 I 02d10/HiView-SysEventSource: Parser: parser result domain_=AUDIO eventName_=AUDIO_VOLUME_CHANGE
08-05 15:03:54.280   431  1392 I 02d10/HiView-SysEventService: Convert2SysEvent: domain is AUDIO, eventName is AUDIO_VOLUME_CHANGE.
08-05 15:03:54.280  2859  2872 I 03900/NAPI: [native_api.cpp(napi_call_function)] engine: 0000000092F64AE0, nativeRecv: 0000000000000000, nativeFunc: 00000000933A97C0, nativeArgv: 00000000935B3560
08-05 15:03:54.281  2859  2872 I 03b00/JSApp: app Log: MusicPlayer[PlayerModel] readAt: length: 81920 pos : 1894303 size_ : 1894335
08-05 15:03:54.281  2859  2872 I 03b00/JSApp: app Log: buf byteLength: 81920
08-05 15:03:54.281  2859  2872 I 03b00/JSApp: app Log: MusicPlayer[PlayerModel] readAt: 81920;pos: 1894303
08-05 15:03:54.281   431  1392 I 02d01/EventLogger: IsInterestedPipelineEvent: event coming! id:0x0, eventName:AUDIO_VOLUME_CHANGE
08-05 15:03:54.281   431  1392 I 02d01/EventLogger: IsInterestedPipelineEvent: event time:1501945434281 jsonExtraInfo is {"domain_":"AUDIO","name_":"AUDIO_VOLUME_CHANGE","type_":4,"time_":1501945434278,"tz_":"+0000","pid_":527,"tid_":2913,"uid_":1013,"ISOUTPUT":1,"STREAMID":83,"STREAMTYPE":1,"VOLUME":1,"level_":"MINOR","tag_":"PowerStats","id_":"15867853004572488481","info_":""}
08-05 15:03:54.281   431  1392 W 02d01/EventLogger: IsInterestedPipelineEvent: event: id:0x0, eventName:AUDIO_VOLUME_CHANGE : EventLogger don't care and don't block other processes
08-05 15:03:54.281   431  1392 I 02d10/HiView-SysEventSource: Recycle: recycle resource
08-05 15:03:54.281  2859  2872 I 03b00/JSApp: app Log: case MusicPlayer[PlayerModel] readAt end, lenReal: 32
08-05 15:03:54.281  2859  2872 I 03b00/JSApp: app Log: playerXTS ========================================================================
08-05 15:03:54.282  2859  2872 I 03900/NAPI: [native_api.cpp(napi_call_function)] engine: 0000000092F64AE0, nativeRecv: 0000000000000000, nativeFunc: 00000000933A97C0, nativeArgv: 00000000935B3560, resultValue: 0000000093183660
08-05 15:03:54.282   527  2909 W 01510/BinderInvoker: <private>(<private>) write fd : <private>
08-05 15:03:54.282  2859  2870 W 01510/BinderInvoker: <private>:<private> : fd = <private>
08-05 15:03:54.283  2859  2872 I 03900/NAPI: [native_api.cpp(napi_call_function)] engine: 0000000092F64AE0, nativeRecv: 0000000000000000, nativeFunc: 00000000933818E0, nativeArgv: 00000000933A9780
08-05 15:03:54.284  2859  2872 I 03b00/JSApp: app Log: MusicPlayer[PlayerModel] readAt: length: 81920 pos : 1894335 size_ : 1894335
08-05 15:03:54.284  2859  2872 I 03b00/JSApp: app Log: buf byteLength: 81920
08-05 15:03:54.284  2859  2872 I 03b00/JSApp: app Log: MusicPlayer[PlayerModel] readAt: 81920;pos: 1894335
08-05 15:03:54.284  2859  2872 I 03b00/JSApp: app Log: case MusicPlayer[PlayerModel] readAt end, lenReal: 0
08-05 15:03:54.284  2859  2872 I 03b00/JSApp: app Log: playerXTS ========================================================================
08-05 15:03:54.284  2859  2872 I 03900/NAPI: [native_api.cpp(napi_call_function)] engine: 0000000092F64AE0, nativeRecv: 0000000000000000, nativeFunc: 00000000933818E0, nativeArgv: 00000000933A9780, resultValue: 0000000093681EE0
08-05 15:03:54.284   527  2909 W 01510/BinderInvoker: <private>(<private>) write fd : <private>
08-05 15:03:54.285  2859  2870 W 01510/BinderInvoker: <private>:<private> : fd = <private>
08-05 15:03:54.285  2859  2872 I 03900/NAPI: [native_api.cpp(napi_call_function)] engine: 0000000092F64AE0, nativeRecv: 0000000000000000, nativeFunc: 00000000935BBA80, nativeArgv: 00000000933818A0
08-05 15:03:54.285  2859  2872 I 03b00/JSApp: app Log: MusicPlayer[PlayerModel] readAt: length: 81920 pos : 0 size_ : 1894335
08-05 15:03:54.286  2859  2872 I 03b00/JSApp: app Log: buf byteLength: 81920
08-05 15:03:54.286  2859  2872 I 03b00/JSApp: app Log: MusicPlayer[PlayerModel] readAt: 81920;pos: 0
08-05 15:03:54.286  2859  2872 I 03b00/JSApp: app Log: case MusicPlayer[PlayerModel] readAt end, lenReal: 81920
08-05 15:03:54.286  2859  2872 I 03b00/JSApp: app Log: playerXTS ========================================================================
08-05 15:03:54.286  2859  2872 I 03900/NAPI: [native_api.cpp(napi_call_function)] engine: 0000000092F64AE0, nativeRecv: 0000000000000000, nativeFunc: 00000000935BBA80, nativeArgv: 00000000933818A0, resultValue: 0000000093587E60
08-05 15:03:54.287   527  2909 W 01510/BinderInvoker: <private>(<private>) write fd : <private>
08-05 15:03:54.287  2859  2870 W 01510/BinderInvoker: <private>:<private> : fd = <private>
08-05 15:03:54.288  2859  2872 I 03900/NAPI: [native_api.cpp(napi_call_function)] engine: 0000000092F64AE0, nativeRecv: 0000000000000000, nativeFunc: 00000000935AA600, nativeArgv: 00000000935B2F20
08-05 15:03:54.288  2859  2872 I 03b00/JSApp: app Log: MusicPlayer[PlayerModel] readAt: length: 81920 pos : 81920 size_ : 1894335
08-05 15:03:54.288  2859  2872 I 03b00/JSApp: app Log: buf byteLength: 81920
08-05 15:03:54.288  2859  2872 I 03b00/JSApp: app Log: MusicPlayer[PlayerModel] readAt: 81920;pos: 81920
08-05 15:03:54.289  2859  2872 I 03b00/JSApp: app Log: case MusicPlayer[PlayerModel] readAt end, lenReal: 81920
08-05 15:03:54.289  2859  2872 I 03b00/JSApp: app Log: playerXTS ========================================================================
08-05 15:03:54.289  2859  2872 I 03900/NAPI: [native_api.cpp(napi_call_function)] engine: 0000000092F64AE0, nativeRecv: 0000000000000000, nativeFunc: 00000000935AA600, nativeArgv: 00000000935B2F20, resultValue: 000000009357BAA0
08-05 15:03:54.289   527  2909 W 01510/BinderInvoker: <private>(<private>) write fd : <private>
08-05 15:03:54.289  2859  2870 W 01510/BinderInvoker: <private>:<private> : fd = <private>
08-05 15:03:54.290  2859  2872 I 03900/NAPI: [native_api.cpp(napi_call_function)] engine: 0000000092F64AE0, nativeRecv: 0000000000000000, nativeFunc: 0000000093587E20, nativeArgv: 00000000935B2F20
08-05 15:03:54.290  2859  2872 I 03b00/JSApp: app Log: MusicPlayer[PlayerModel] readAt: length: 81920 pos : 163840 size_ : 1894335
08-05 15:03:54.290  2859  2872 I 03b00/JSApp: app Log: buf byteLength: 81920
08-05 15:03:54.290  2859  2872 I 03b00/JSApp: app Log: MusicPlayer[PlayerModel] readAt: 81920;pos: 163840
08-05 15:03:54.291  2859  2872 I 03b00/JSApp: app Log: case MusicPlayer[PlayerModel] readAt end, lenReal: 81920
08-05 15:03:54.291  2859  2872 I 03b00/JSApp: app Log: playerXTS ========================================================================
08-05 15:03:54.291  2859  2872 I 03900/NAPI: [native_api.cpp(napi_call_function)] engine: 0000000092F64AE0, nativeRecv: 0000000000000000, nativeFunc: 0000000093587E20, nativeArgv: 00000000935B2F20, resultValue: 000000009322F000
08-05 15:03:54.291   527  2909 W 01510/BinderInvoker: <private>(<private>) write fd : <private>
08-05 15:03:54.292  2859  2870 W 01510/BinderInvoker: <private>:<private> : fd = <private>
08-05 15:03:54.292  2859  2872 I 03900/NAPI: [native_api.cpp(napi_call_function)] engine: 0000000092F64AE0, nativeRecv: 0000000000000000, nativeFunc: 0000000093272F60, nativeArgv: 000000009312AB40
08-05 15:03:54.293  2859  2872 I 03b00/JSApp: app Log: MusicPlayer[PlayerModel] readAt: length: 81920 pos : 245760 size_ : 1894335
08-05 15:03:54.293  2859  2872 I 03b00/JSApp: app Log: buf byteLength: 81920
08-05 15:03:54.293  2859  2872 I 03b00/JSApp: app Log: MusicPlayer[PlayerModel] readAt: 81920;pos: 245760
08-05 15:03:54.293  2859  2872 I 03b00/JSApp: app Log: case MusicPlayer[PlayerModel] readAt end, lenReal: 81920
08-05 15:03:54.293  2859  2872 I 03b00/JSApp: app Log: playerXTS ========================================================================
08-05 15:03:54.293  2859  2872 I 03900/NAPI: [native_api.cpp(napi_call_function)] engine: 0000000092F64AE0, nativeRecv: 0000000000000000, nativeFunc: 0000000093272F60, nativeArgv: 000000009312AB40, resultValue: 00000000935B2DE0
08-05 15:03:54.294   527  2909 W 01510/BinderInvoker: <private>(<private>) write fd : <private>
08-05 15:03:54.294  2859  2870 W 01510/BinderInvoker: <private>:<private> : fd = <private>
08-05 15:03:54.295  2859  2872 I 03900/NAPI: [native_api.cpp(napi_call_function)] engine: 0000000092F64AE0, nativeRecv: 0000000000000000, nativeFunc: 00000000933537A0, nativeArgv: 00000000935B2DA0
08-05 15:03:54.295  2859  2872 I 03b00/JSApp: app Log: MusicPlayer[PlayerModel] readAt: length: 81920 pos : 8186 size_ : 1894335
08-05 15:03:54.295  2859  2872 I 03b00/JSApp: app Log: buf byteLength: 81920
08-05 15:03:54.295  2859  2872 I 03b00/JSApp: app Log: MusicPlayer[PlayerModel] readAt: 81920;pos: 8186
08-05 15:03:54.296  2859  2872 I 03b00/JSApp: app Log: case MusicPlayer[PlayerModel] readAt end, lenReal: 81920
08-05 15:03:54.296  2859  2872 I 03b00/JSApp: app Log: playerXTS ========================================================================
08-05 15:03:54.296  2859  2872 I 03900/NAPI: [native_api.cpp(napi_call_function)] engine: 0000000092F64AE0, nativeRecv: 0000000000000000, nativeFunc: 00000000933537A0, nativeArgv: 00000000935B2DA0, resultValue: 00000000933723A0
08-05 15:03:54.296   527  2909 W 01510/BinderInvoker: <private>(<private>) write fd : <private>
08-05 15:03:54.297  2859  2870 W 01510/BinderInvoker: <private>:<private> : fd = <private>
08-05 15:03:54.297  2859  2872 I 03900/NAPI: [native_api.cpp(napi_call_function)] engine: 0000000092F64AE0, nativeRecv: 0000000000000000, nativeFunc: 00000000931C9A80, nativeArgv: 000000009322F060
08-05 15:03:54.297  2859  2872 I 03b00/JSApp: app Log: MusicPlayer[PlayerModel] readAt: length: 81920 pos : 90106 size_ : 1894335
08-05 15:03:54.298  2859  2872 I 03b00/JSApp: app Log: buf byteLength: 81920
08-05 15:03:54.298  2859  2872 I 03b00/JSApp: app Log: MusicPlayer[PlayerModel] readAt: 81920;pos: 90106
08-05 15:03:54.298  2859  2872 I 03b00/JSApp: app Log: case MusicPlayer[PlayerModel] readAt end, lenReal: 81920
08-05 15:03:54.298  2859  2872 I 03b00/JSApp: app Log: playerXTS ========================================================================
08-05 15:03:54.298  2859  2872 I 03900/NAPI: [native_api.cpp(napi_call_function)] engine: 0000000092F64AE0, nativeRecv: 0000000000000000, nativeFunc: 00000000931C9A80, nativeArgv: 000000009322F060, resultValue: 00000000935AAD20
08-05 15:03:54.299   527  2909 W 01510/BinderInvoker: <private>(<private>) write fd : <private>
08-05 15:03:54.299  2859  2870 W 01510/BinderInvoker: <private>:<private> : fd = <private>
08-05 15:03:54.300  2859  2872 I 03900/NAPI: [native_api.cpp(napi_call_function)] engine: 0000000092F64AE0, nativeRecv: 0000000000000000, nativeFunc: 00000000935EDDE0, nativeArgv: 00000000935B2DA0
08-05 15:03:54.300  2859  2872 I 03b00/JSApp: app Log: MusicPlayer[PlayerModel] readAt: length: 81920 pos : 172026 size_ : 1894335
08-05 15:03:54.300  2859  2872 I 03b00/JSApp: app Log: buf byteLength: 81920
08-05 15:03:54.300  2859  2872 I 03b00/JSApp: app Log: MusicPlayer[PlayerModel] readAt: 81920;pos: 172026
08-05 15:03:54.300  2859  2872 I 03b00/JSApp: app Log: case MusicPlayer[PlayerModel] readAt end, lenReal: 81920
08-05 15:03:54.301  2859  2872 I 03b00/JSApp: app Log: playerXTS ========================================================================
08-05 15:03:54.301  2859  2872 I 03900/NAPI: [native_api.cpp(napi_call_function)] engine: 0000000092F64AE0, nativeRecv: 0000000000000000, nativeFunc: 00000000935EDDE0, nativeArgv: 00000000935B2DA0, resultValue: 0000000093376720
08-05 15:03:54.301   527  2909 W 01510/BinderInvoker: <private>(<private>) write fd : <private>
08-05 15:03:54.301  2859  2870 W 01510/BinderInvoker: <private>:<private> : fd = <private>
08-05 15:03:54.302  2859  2872 I 03900/NAPI: [native_api.cpp(napi_call_function)] engine: 0000000092F64AE0, nativeRecv: 0000000000000000, nativeFunc: 000000009334FC20, nativeArgv: 0000000093115E40
08-05 15:03:54.302  2859  2872 I 03b00/JSApp: app Log: MusicPlayer[PlayerModel] readAt: length: 81920 pos : 253946 size_ : 1894335
08-05 15:03:54.302  2859  2872 I 03b00/JSApp: app Log: buf byteLength: 81920
08-05 15:03:54.302  2859  2872 I 03b00/JSApp: app Log: MusicPlayer[PlayerModel] readAt: 81920;pos: 253946
08-05 15:03:54.303  2859  2872 I 03b00/JSApp: app Log: case MusicPlayer[PlayerModel] readAt end, lenReal: 81920
08-05 15:03:54.303  2859  2872 I 03b00/JSApp: app Log: playerXTS ========================================================================
08-05 15:03:54.303  2859  2872 I 03900/NAPI: [native_api.cpp(napi_call_function)] engine: 0000000092F64AE0, nativeRecv: 0000000000000000, nativeFunc: 000000009334FC20, nativeArgv: 0000000093115E40, resultValue: 00000000935E48E0
08-05 15:03:54.304   527  2909 W 01510/BinderInvoker: <private>(<private>) write fd : <private>
08-05 15:03:54.304  2859  2870 W 01510/BinderInvoker: <private>:<private> : fd = <private>
08-05 15:03:54.305  2859  2872 I 03900/NAPI: [native_api.cpp(napi_call_function)] engine: 0000000092F64AE0, nativeRecv: 0000000000000000, nativeFunc: 000000009334FC60, nativeArgv: 000000009359E900
08-05 15:03:54.305  2859  2872 I 03b00/JSApp: app Log: MusicPlayer[PlayerModel] readAt: length: 81920 pos : 335866 size_ : 1894335
08-05 15:03:54.305  2859  2872 I 03b00/JSApp: app Log: buf byteLength: 81920
08-05 15:03:54.305  2859  2872 I 03b00/JSApp: app Log: MusicPlayer[PlayerModel] readAt: 81920;pos: 335866
08-05 15:03:54.305  2859  2872 I 03b00/JSApp: app Log: case MusicPlayer[PlayerModel] readAt end, lenReal: 81920
08-05 15:03:54.305  2859  2872 I 03b00/JSApp: app Log: playerXTS ========================================================================
08-05 15:03:54.305  2859  2872 I 03900/NAPI: [native_api.cpp(napi_call_function)] engine: 0000000092F64AE0, nativeRecv: 0000000000000000, nativeFunc: 000000009334FC60, nativeArgv: 000000009359E900, resultValue: 00000000935ED000
08-05 15:03:54.306   527  2909 W 01510/BinderInvoker: <private>(<private>) write fd : <private>
08-05 15:03:54.306  2859  2860 W 01510/BinderInvoker: <private>:<private> : fd = <private>
08-05 15:03:54.307  2859  2872 I 03900/NAPI: [native_api.cpp(napi_call_function)] engine: 0000000092F64AE0, nativeRecv: 0000000000000000, nativeFunc: 000000009322F060, nativeArgv: 000000009359E900
08-05 15:03:54.307  2859  2872 I 03b00/JSApp: app Log: MusicPlayer[PlayerModel] readAt: length: 81920 pos : 417786 size_ : 1894335
08-05 15:03:54.307  2859  2872 I 03b00/JSApp: app Log: buf byteLength: 81920
08-05 15:03:54.307  2859  2872 I 03b00/JSApp: app Log: MusicPlayer[PlayerModel] readAt: 81920;pos: 417786
08-05 15:03:54.308  2859  2872 I 03b00/JSApp: app Log: case MusicPlayer[PlayerModel] readAt end, lenReal: 81920
08-05 15:03:54.308  2859  2872 I 03b00/JSApp: app Log: playerXTS ========================================================================
08-05 15:03:54.308  2859  2872 I 03900/NAPI: [native_api.cpp(napi_call_function)] engine: 0000000092F64AE0, nativeRecv: 0000000000000000, nativeFunc: 000000009322F060, nativeArgv: 000000009359E900, resultValue: 00000000931AC1E0
08-05 15:03:54.311   527  2911 I 02b2b/GstMsgConvDefault: {ConvertStateChangedMessage():91} qtdemux40 change state from NULL to READY
08-05 15:03:54.312   527  2911 I 02b2b/GstMsgConvDefault: {ConvertStateChangedMessage():91} qtdemux40 change state from READY to PAUSED
08-05 15:03:54.312   527  2909 W 01510/BinderInvoker: <private>(<private>) write fd : <private>
08-05 15:03:54.313  2859  2860 W 01510/BinderInvoker: <private>:<private> : fd = <private>
08-05 15:03:54.313  2859  2872 I 03900/NAPI: [native_api.cpp(napi_call_function)] engine: 0000000092F64AE0, nativeRecv: 0000000000000000, nativeFunc: 0000000093115E40, nativeArgv: 00000000935798C0
08-05 15:03:54.313  2859  2872 I 03b00/JSApp: app Log: MusicPlayer[PlayerModel] readAt: length: 81920 pos : 0 size_ : 1894335
08-05 15:03:54.314  2859  2872 I 03b00/JSApp: app Log: buf byteLength: 81920
08-05 15:03:54.314  2859  2872 I 03b00/JSApp: app Log: MusicPlayer[PlayerModel] readAt: 81920;pos: 0
08-05 15:03:54.314  2859  2872 I 03b00/JSApp: app Log: case MusicPlayer[PlayerModel] readAt end, lenReal: 81920
08-05 15:03:54.314  2859  2872 I 03b00/JSApp: app Log: playerXTS ========================================================================
08-05 15:03:54.314  2859  2872 I 03900/NAPI: [native_api.cpp(napi_call_function)] engine: 0000000092F64AE0, nativeRecv: 0000000000000000, nativeFunc: 0000000093115E40, nativeArgv: 00000000935798C0, resultValue: 00000000931AC140
08-05 15:03:54.314   527  2909 W 01510/BinderInvoker: <private>(<private>) write fd : <private>
08-05 15:03:54.315  2859  2860 W 01510/BinderInvoker: <private>:<private> : fd = <private>
08-05 15:03:54.315  2859  2872 I 03900/NAPI: [native_api.cpp(napi_call_function)] engine: 0000000092F64AE0, nativeRecv: 0000000000000000, nativeFunc: 00000000935ED4E0, nativeArgv: 00000000935798C0
08-05 15:03:54.316  2859  2872 I 03b00/JSApp: app Log: MusicPlayer[PlayerModel] readAt: length: 81920 pos : 81920 size_ : 1894335
08-05 15:03:54.316  2859  2872 I 03b00/JSApp: app Log: buf byteLength: 81920
08-05 15:03:54.316  2859  2872 I 03b00/JSApp: app Log: MusicPlayer[PlayerModel] readAt: 81920;pos: 81920
08-05 15:03:54.316  2859  2872 I 03b00/JSApp: app Log: case MusicPlayer[PlayerModel] readAt end, lenReal: 81920
08-05 15:03:54.316  2859  2872 I 03b00/JSApp: app Log: playerXTS ========================================================================
08-05 15:03:54.316  2859  2872 I 03900/NAPI: [native_api.cpp(napi_call_function)] engine: 0000000092F64AE0, nativeRecv: 0000000000000000, nativeFunc: 00000000935ED4E0, nativeArgv: 00000000935798C0, resultValue: 00000000935EC820
08-05 15:03:54.317   527  2909 W 01510/BinderInvoker: <private>(<private>) write fd : <private>
08-05 15:03:54.317  2859  2860 W 01510/BinderInvoker: <private>:<private> : fd = <private>
08-05 15:03:54.318  2859  2872 I 03900/NAPI: [native_api.cpp(napi_call_function)] engine: 0000000092F64AE0, nativeRecv: 0000000000000000, nativeFunc: 00000000935D2460, nativeArgv: 0000000093598A20
08-05 15:03:54.318  2859  2872 I 03b00/JSApp: app Log: MusicPlayer[PlayerModel] readAt: length: 81920 pos : 1876305 size_ : 1894335
08-05 15:03:54.318  2859  2872 I 03b00/JSApp: app Log: buf byteLength: 81920
08-05 15:03:54.318  2859  2872 I 03b00/JSApp: app Log: MusicPlayer[PlayerModel] readAt: 81920;pos: 1876305
08-05 15:03:54.318  2859  2872 I 03b00/JSApp: app Log: case MusicPlayer[PlayerModel] readAt end, lenReal: 18030
08-05 15:03:54.318  2859  2872 I 03b00/JSApp: app Log: playerXTS ========================================================================
08-05 15:03:54.318  2859  2872 I 03900/NAPI: [native_api.cpp(napi_call_function)] engine: 0000000092F64AE0, nativeRecv: 0000000000000000, nativeFunc: 00000000935D2460, nativeArgv: 0000000093598A20, resultValue: 00000000936DDB00
08-05 15:03:54.319   527  2909 W 01510/BinderInvoker: <private>(<private>) write fd : <private>
08-05 15:03:54.319  2859  2870 W 01510/BinderInvoker: <private>:<private> : fd = <private>
08-05 15:03:54.319   527  2916 W 02b2b/qtdemux: {qtdemux_type_get():240} [gst:: :0] unknown QuickTime node type sgpd
08-05 15:03:54.319   527  2916 W 02b2b/qtdemux: {qtdemux_type_get():240} [gst:: :0] unknown QuickTime node type sbgp
08-05 15:03:54.320   527  2916 W 02b2b/qtdemux: {qtdemux_parse_trex():3247} [gst::qtdemux40:88F60] failed to find fragment defaults for stream 1
08-05 15:03:54.320  2859  2872 I 03900/NAPI: [native_api.cpp(napi_call_function)] engine: 0000000092F64AE0, nativeRecv: 0000000000000000, nativeFunc: 0000000093376760, nativeArgv: 00000000935798C0
08-05 15:03:54.320  2859  2872 I 03b00/JSApp: app Log: MusicPlayer[PlayerModel] readAt: length: 81920 pos : 1894335 size_ : 1894335
08-05 15:03:54.320  2859  2872 I 03b00/JSApp: app Log: buf byteLength: 81920
08-05 15:03:54.320   527  2916 W 02b2b/qtdemux: {qtdemux_parse_trex():3247} [gst::qtdemux40:88F60] failed to find fragment defaults for stream 2
08-05 15:03:54.320  2859  2872 I 03b00/JSApp: app Log: MusicPlayer[PlayerModel] readAt: 81920;pos: 1894335
08-05 15:03:54.320  2859  2872 I 03b00/JSApp: app Log: case MusicPlayer[PlayerModel] readAt end, lenReal: 0
08-05 15:03:54.320  2859  2872 I 03b00/JSApp: app Log: playerXTS ========================================================================
08-05 15:03:54.320  2859  2872 I 03900/NAPI: [native_api.cpp(napi_call_function)] engine: 0000000092F64AE0, nativeRecv: 0000000000000000, nativeFunc: 0000000093376760, nativeArgv: 00000000935798C0, resultValue: 0000000093691900
08-05 15:03:54.321   527  2909 W 01510/BinderInvoker: <private>(<private>) write fd : <private>
08-05 15:03:54.321   527  2916 I 02b2b/GstMsgProc: {AddMsgFilter():143} add msg filter: multiqueue40
08-05 15:03:54.321  2859  2870 W 01510/BinderInvoker: <private>:<private> : fd = <private>
08-05 15:03:54.322  2859  2872 I 03900/NAPI: [native_api.cpp(napi_call_function)] engine: 0000000092F64AE0, nativeRecv: 0000000000000000, nativeFunc: 0000000093689E20, nativeArgv: 00000000931D6280
08-05 15:03:54.322  2859  2872 I 03b00/JSApp: app Log: MusicPlayer[PlayerModel] readAt: length: 81920 pos : 1894335 size_ : 1894335
08-05 15:03:54.322  2859  2872 I 03b00/JSApp: app Log: buf byteLength: 81920
08-05 15:03:54.322  2859  2872 I 03b00/JSApp: app Log: MusicPlayer[PlayerModel] readAt: 81920;pos: 1894335
08-05 15:03:54.322  2859  2872 I 03b00/JSApp: app Log: case MusicPlayer[PlayerModel] readAt end, lenReal: 0
08-05 15:03:54.322  2859  2872 I 03b00/JSApp: app Log: playerXTS ========================================================================
08-05 15:03:54.322  2859  2872 I 03900/NAPI: [native_api.cpp(napi_call_function)] engine: 0000000092F64AE0, nativeRecv: 0000000000000000, nativeFunc: 0000000093689E20, nativeArgv: 00000000931D6280, resultValue: 00000000932509C0
08-05 15:03:54.323   527  2909 W 01510/BinderInvoker: <private>(<private>) write fd : <private>
08-05 15:03:54.323  2859  2860 W 01510/BinderInvoker: <private>:<private> : fd = <private>
08-05 15:03:54.324  2859  2872 I 03900/NAPI: [native_api.cpp(napi_call_function)] engine: 0000000092F64AE0, nativeRecv: 0000000000000000, nativeFunc: 0000000093598A20, nativeArgv: 0000000093691960
08-05 15:03:54.324  2859  2872 I 03b00/JSApp: app Log: MusicPlayer[PlayerModel] readAt: length: 81920 pos : 1894335 size_ : 1894335
08-05 15:03:54.324  2859  2872 I 03b00/JSApp: app Log: buf byteLength: 81920
08-05 15:03:54.324  2859  2872 I 03b00/JSApp: app Log: MusicPlayer[PlayerModel] readAt: 81920;pos: 1894335
08-05 15:03:54.324  2859  2872 I 03b00/JSApp: app Log: case MusicPlayer[PlayerModel] readAt end, lenReal: 0
08-05 15:03:54.324  2859  2872 I 03b00/JSApp: app Log: playerXTS ========================================================================
08-05 15:03:54.324  2859  2872 I 03900/NAPI: [native_api.cpp(napi_call_function)] engine: 0000000092F64AE0, nativeRecv: 0000000000000000, nativeFunc: 0000000093598A20, nativeArgv: 0000000093691960, resultValue: 0000000093651E20
08-05 15:03:54.325   527  2909 W 01510/BinderInvoker: <private>(<private>) write fd : <private>
08-05 15:03:54.325   527  2911 I 02b2b/GstMsgConvDefault: {ConvertStateChangedMessage():91} h264parse40 change state from NULL to READY
08-05 15:03:54.325  2859  2860 W 01510/BinderInvoker: <private>:<private> : fd = <private>
08-05 15:03:54.326  2859  2872 I 03900/NAPI: [native_api.cpp(napi_call_function)] engine: 0000000092F64AE0, nativeRecv: 0000000000000000, nativeFunc: 0000000093243440, nativeArgv: 0000000092FB7BE0
08-05 15:03:54.326  2859  2872 I 03b00/JSApp: app Log: MusicPlayer[PlayerModel] readAt: length: 81920 pos : 1894335 size_ : 1894335
08-05 15:03:54.326  2859  2872 I 03b00/JSApp: app Log: buf byteLength: 81920
08-05 15:03:54.326  2859  2872 I 03b00/JSApp: app Log: MusicPlayer[PlayerModel] readAt: 81920;pos: 1894335
08-05 15:03:54.326  2859  2872 I 03b00/JSApp: app Log: case MusicPlayer[PlayerModel] readAt end, lenReal: 0
08-05 15:03:54.326  2859  2872 I 03b00/JSApp: app Log: playerXTS ========================================================================
08-05 15:03:54.326  2859  2872 I 03900/NAPI: [native_api.cpp(napi_call_function)] engine: 0000000092F64AE0, nativeRecv: 0000000000000000, nativeFunc: 0000000093243440, nativeArgv: 0000000092FB7BE0, resultValue: 00000000935A0CE0
08-05 15:03:54.327   527  2909 W 01510/BinderInvoker: <private>(<private>) write fd : <private>
08-05 15:03:54.327  2859  2870 W 01510/BinderInvoker: <private>:<private> : fd = <private>
08-05 15:03:54.327   527  2911 I 02b2b/GstMsgConvDefault: {ConvertStateChangedMessage():91} h264parse40 change state from READY to PAUSED
08-05 15:03:54.328  2859  2872 I 03900/NAPI: [native_api.cpp(napi_call_function)] engine: 0000000092F64AE0, nativeRecv: 0000000000000000, nativeFunc: 0000000093243480, nativeArgv: 0000000093229F40
08-05 15:03:54.328  2859  2872 I 03b00/JSApp: app Log: MusicPlayer[PlayerModel] readAt: length: 81920 pos : 1894335 size_ : 1894335
08-05 15:03:54.328  2859  2872 I 03b00/JSApp: app Log: buf byteLength: 81920
08-05 15:03:54.328  2859  2872 I 03b00/JSApp: app Log: MusicPlayer[PlayerModel] readAt: 81920;pos: 1894335
08-05 15:03:54.328  2859  2872 I 03b00/JSApp: app Log: case MusicPlayer[PlayerModel] readAt end, lenReal: 0
08-05 15:03:54.328  2859  2872 I 03b00/JSApp: app Log: playerXTS ========================================================================
08-05 15:03:54.328  2859  2872 I 03900/NAPI: [native_api.cpp(napi_call_function)] engine: 0000000092F64AE0, nativeRecv: 0000000000000000, nativeFunc: 0000000093243480, nativeArgv: 0000000093229F40, resultValue: 0000000093283A80
08-05 15:03:54.329   527  2909 W 01510/BinderInvoker: <private>(<private>) write fd : <private>
08-05 15:03:54.329  2859  2860 W 01510/BinderInvoker: <private>:<private> : fd = <private>
08-05 15:03:54.330  2859  2872 I 03900/NAPI: [native_api.cpp(napi_call_function)] engine: 0000000092F64AE0, nativeRecv: 0000000000000000, nativeFunc: 0000000093689E60, nativeArgv: 00000000935D15A0
08-05 15:03:54.330  2859  2872 I 03b00/JSApp: app Log: MusicPlayer[PlayerModel] readAt: length: 81920 pos : 1894335 size_ : 1894335
08-05 15:03:54.330  2859  2872 I 03b00/JSApp: app Log: buf byteLength: 81920
08-05 15:03:54.330  2859  2872 I 03b00/JSApp: app Log: MusicPlayer[PlayerModel] readAt: 81920;pos: 1894335
08-05 15:03:54.330  2859  2872 I 03b00/JSApp: app Log: case MusicPlayer[PlayerModel] readAt end, lenReal: 0
08-05 15:03:54.331  2859  2872 I 03b00/JSApp: app Log: playerXTS ========================================================================
08-05 15:03:54.331  2859  2872 I 03900/NAPI: [native_api.cpp(napi_call_function)] engine: 0000000092F64AE0, nativeRecv: 0000000000000000, nativeFunc: 0000000093689E60, nativeArgv: 00000000935D15A0, resultValue: 00000000935E5880
08-05 15:03:54.331   527  2916 I 02b2b/GstMsgProc: {AddMsgFilter():143} add msg filter: avdec_h264-40
08-05 15:03:54.331   527  2909 W 01510/BinderInvoker: <private>(<private>) write fd : <private>
08-05 15:03:54.331   527  2911 I 02b2b/GstMsgConvDefault: {ConvertStateChangedMessage():91} avdec_h264-40 change state from NULL to READY
08-05 15:03:54.331   527  2911 I 02b2b/PlayBinState: {HandleStateChange():93} state changed from NULL to READY
08-05 15:03:54.332  2859  2870 W 01510/BinderInvoker: <private>:<private> : fd = <private>
08-05 15:03:54.332   527  2911 I 02b2b/GstMsgConvDefault: {ConvertStateChangedMessage():91} avdec_h264-40 change state from READY to PAUSED
08-05 15:03:54.332   527  2911 I 02b2b/PlayBinState: {HandleStateChange():93} state changed from READY to PAUSED
08-05 15:03:54.333  2859  2872 I 03900/NAPI: [native_api.cpp(napi_call_function)] engine: 0000000092F64AE0, nativeRecv: 0000000000000000, nativeFunc: 0000000093229EC0, nativeArgv: 000000009364DCC0
08-05 15:03:54.333  2859  2872 I 03b00/JSApp: app Log: MusicPlayer[PlayerModel] readAt: length: 81920 pos : 1894335 size_ : 1894335
08-05 15:03:54.333  2859  2872 I 03b00/JSApp: app Log: buf byteLength: 81920
08-05 15:03:54.333  2859  2872 I 03b00/JSApp: app Log: MusicPlayer[PlayerModel] readAt: 81920;pos: 1894335
08-05 15:03:54.333  2859  2872 I 03b00/JSApp: app Log: case MusicPlayer[PlayerModel] readAt end, lenReal: 0
08-05 15:03:54.333  2859  2872 I 03b00/JSApp: app Log: playerXTS ========================================================================
08-05 15:03:54.334  2859  2872 I 03900/NAPI: [native_api.cpp(napi_call_function)] engine: 0000000092F64AE0, nativeRecv: 0000000000000000, nativeFunc: 0000000093229EC0, nativeArgv: 000000009364DCC0, resultValue: 00000000935D0820
08-05 15:03:54.334   527  2909 W 01510/BinderInvoker: <private>(<private>) write fd : <private>
08-05 15:03:54.334  2859  2870 W 01510/BinderInvoker: <private>:<private> : fd = <private>
08-05 15:03:54.335  2859  2872 I 03900/NAPI: [native_api.cpp(napi_call_function)] engine: 0000000092F64AE0, nativeRecv: 0000000000000000, nativeFunc: 0000000093355280, nativeArgv: 0000000093229E40
08-05 15:03:54.335  2859  2872 I 03b00/JSApp: app Log: MusicPlayer[PlayerModel] readAt: length: 81920 pos : 1894335 size_ : 1894335
08-05 15:03:54.335  2859  2872 I 03b00/JSApp: app Log: buf byteLength: 81920
08-05 15:03:54.335  2859  2872 I 03b00/JSApp: app Log: MusicPlayer[PlayerModel] readAt: 81920;pos: 1894335
08-05 15:03:54.335  2859  2872 I 03b00/JSApp: app Log: case MusicPlayer[PlayerModel] readAt end, lenReal: 0
08-05 15:03:54.335  2859  2872 I 03b00/JSApp: app Log: playerXTS ========================================================================
08-05 15:03:54.335  2859  2872 I 03900/NAPI: [native_api.cpp(napi_call_function)] engine: 0000000092F64AE0, nativeRecv: 0000000000000000, nativeFunc: 0000000093355280, nativeArgv: 0000000093229E40, resultValue: 0000000093691C00
08-05 15:03:54.336   527  2909 W 01510/BinderInvoker: <private>(<private>) write fd : <private>
08-05 15:03:54.336  2859  2870 W 01510/BinderInvoker: <private>:<private> : fd = <private>
08-05 15:03:54.337  2859  2872 I 03900/NAPI: [native_api.cpp(napi_call_function)] engine: 0000000092F64AE0, nativeRecv: 0000000000000000, nativeFunc: 00000000935D07E0, nativeArgv: 000000009364DCC0
08-05 15:03:54.337  2859  2872 I 03b00/JSApp: app Log: MusicPlayer[PlayerModel] readAt: length: 81920 pos : 1894335 size_ : 1894335
08-05 15:03:54.337  2859  2872 I 03b00/JSApp: app Log: buf byteLength: 81920
08-05 15:03:54.337  2859  2872 I 03b00/JSApp: app Log: MusicPlayer[PlayerModel] readAt: 81920;pos: 1894335
08-05 15:03:54.337  2859  2872 I 03b00/JSApp: app Log: case MusicPlayer[PlayerModel] readAt end, lenReal: 0
08-05 15:03:54.338  2859  2872 I 03b00/JSApp: app Log: playerXTS ========================================================================
08-05 15:03:54.338  2859  2872 I 03900/NAPI: [native_api.cpp(napi_call_function)] engine: 0000000092F64AE0, nativeRecv: 0000000000000000, nativeFunc: 00000000935D07E0, nativeArgv: 000000009364DCC0, resultValue: 00000000935E39C0
08-05 15:03:54.338   527  2909 W 01510/BinderInvoker: <private>(<private>) write fd : <private>
08-05 15:03:54.338  2859  2870 W 01510/BinderInvoker: <private>:<private> : fd = <private>
08-05 15:03:54.339  2859  2872 I 03900/NAPI: [native_api.cpp(napi_call_function)] engine: 0000000092F64AE0, nativeRecv: 0000000000000000, nativeFunc: 0000000093392C40, nativeArgv: 0000000093392B20
08-05 15:03:54.340  2859  2872 I 03b00/JSApp: app Log: MusicPlayer[PlayerModel] readAt: length: 81920 pos : 1894335 size_ : 1894335
08-05 15:03:54.340  2859  2872 I 03b00/JSApp: app Log: buf byteLength: 81920
08-05 15:03:54.340   527  2911 I 02b2b/GstMsgConvDefault: {ConvertStateChangedMessage():91} avdec_aac40 change state from NULL to READY
08-05 15:03:54.340  2859  2872 I 03b00/JSApp: app Log: MusicPlayer[PlayerModel] readAt: 81920;pos: 1894335
08-05 15:03:54.340  2859  2872 I 03b00/JSApp: app Log: case MusicPlayer[PlayerModel] readAt end, lenReal: 0
08-05 15:03:54.340  2859  2872 I 03b00/JSApp: app Log: playerXTS ========================================================================
08-05 15:03:54.340  2859  2872 I 03900/NAPI: [native_api.cpp(napi_call_function)] engine: 0000000092F64AE0, nativeRecv: 0000000000000000, nativeFunc: 0000000093392C40, nativeArgv: 0000000093392B20, resultValue: 0000000093636B80
08-05 15:03:54.341   527  2909 W 01510/BinderInvoker: <private>(<private>) write fd : <private>
08-05 15:03:54.341   527  2911 I 02b2b/GstMsgConvDefault: {ConvertStateChangedMessage():91} avdec_aac40 change state from READY to PAUSED
08-05 15:03:54.341  2859  2870 W 01510/BinderInvoker: <private>:<private> : fd = <private>
08-05 15:03:54.342  2859  2872 I 03900/NAPI: [native_api.cpp(napi_call_function)] engine: 0000000092F64AE0, nativeRecv: 0000000000000000, nativeFunc: 000000009334EB20, nativeArgv: 0000000093691CE0
08-05 15:03:54.343  2859  2872 I 03b00/JSApp: app Log: MusicPlayer[PlayerModel] readAt: length: 81920 pos : 1894335 size_ : 1894335
08-05 15:03:54.343   527  2916 I 02b2b/PlayerTrackParse: {ProbeCallback():126} catch caps at pad (null)
08-05 15:03:54.343   527  2916 I 02b2b/GstMetaParser: {ParseStreamCaps():194} parse mimetype video/x-h264's caps
08-05 15:03:54.343   527  2916 I 02b2b/PlayerTrackParse: {ProbeCallback():120} catch tags at pad video_0
08-05 15:03:54.344   527  2916 I 02b2b/PlayerTrackParse: {ProbeCallback():120} catch tags at pad video_0
08-05 15:03:54.343  2859  2872 I 03b00/JSApp: app Log: buf byteLength: 81920
08-05 15:03:54.344  2859  2872 I 03b00/JSApp: app Log: MusicPlayer[PlayerModel] readAt: 81920;pos: 1894335
08-05 15:03:54.344  2859  2872 I 03b00/JSApp: app Log: case MusicPlayer[PlayerModel] readAt end, lenReal: 0
08-05 15:03:54.344  2859  2872 I 03b00/JSApp: app Log: playerXTS ========================================================================
08-05 15:03:54.344  2859  2872 I 03900/NAPI: [native_api.cpp(napi_call_function)] engine: 0000000092F64AE0, nativeRecv: 0000000000000000, nativeFunc: 000000009334EB20, nativeArgv: 0000000093691CE0, resultValue: 000000009366C9A0
08-05 15:03:54.345   527  2909 W 01510/BinderInvoker: <private>(<private>) write fd : <private>
08-05 15:03:54.345  2859  2860 W 01510/BinderInvoker: <private>:<private> : fd = <private>
08-05 15:03:54.346  2859  2872 I 03900/NAPI: [native_api.cpp(napi_call_function)] engine: 0000000092F64AE0, nativeRecv: 0000000000000000, nativeFunc: 0000000093648440, nativeArgv: 0000000093392B20
08-05 15:03:54.346  2859  2872 I 03b00/JSApp: app Log: MusicPlayer[PlayerModel] readAt: length: 81920 pos : 48 size_ : 1894335
08-05 15:03:54.347  2859  2872 I 03b00/JSApp: app Log: buf byteLength: 81920
08-05 15:03:54.347  2859  2872 I 03b00/JSApp: app Log: MusicPlayer[PlayerModel] readAt: 81920;pos: 48
08-05 15:03:54.347  2859  2872 I 03b00/JSApp: app Log: case MusicPlayer[PlayerModel] readAt end, lenReal: 81920
08-05 15:03:54.347  2859  2872 I 03b00/JSApp: app Log: playerXTS ========================================================================
08-05 15:03:54.347  2859  2872 I 03900/NAPI: [native_api.cpp(napi_call_function)] engine: 0000000092F64AE0, nativeRecv: 0000000000000000, nativeFunc: 0000000093648440, nativeArgv: 0000000093392B20, resultValue: 0000000093581C00
08-05 15:03:54.348   527  2909 W 01510/BinderInvoker: <private>(<private>) write fd : <private>
08-05 15:03:54.348   527  2916 W 02b2b/qtdemux: {kpi_log_demux_push_first_frame():5833} [gst::qtdemux40:88F60] KPI-TRACE: FIRST-VIDEO-FRAME demux push first video keyframe
08-05 15:03:54.348  2859  2860 W 01510/BinderInvoker: <private>:<private> : fd = <private>
08-05 15:03:54.348   527  2916 I 02b2b/PlayerTrackParse: {ProbeCallback():126} catch caps at pad (null)
08-05 15:03:54.348   527  2916 I 02b2b/GstMetaParser: {ParseStreamCaps():194} parse mimetype audio/mpeg's caps
08-05 15:03:54.348   527  2916 I 02b2b/PlayerTrackParse: {ProbeCallback():120} catch tags at pad audio_0
08-05 15:03:54.348  2859  2872 I 03900/NAPI: [native_api.cpp(napi_call_function)] engine: 0000000092F64AE0, nativeRecv: 0000000000000000, nativeFunc: 00000000936A8960, nativeArgv: 0000000093691CE0
08-05 15:03:54.348   527  2916 I 02b2b/PlayerTrackParse: {ProbeCallback():120} catch tags at pad audio_0
08-05 15:03:54.349  2859  2872 I 03b00/JSApp: app Log: MusicPlayer[PlayerModel] readAt: length: 81920 pos : 81968 size_ : 1894335
08-05 15:03:54.349  2859  2872 I 03b00/JSApp: app Log: buf byteLength: 81920
08-05 15:03:54.349   527  2916 W 02b2b/qtdemux: {kpi_log_demux_push_first_frame():5836} [gst::qtdemux40:88F60] KPI-TRACE: demux push first audio frame
08-05 15:03:54.349  2859  2872 I 03b00/JSApp: app Log: MusicPlayer[PlayerModel] readAt: 81920;pos: 81968
08-05 15:03:54.349   527  2922 W 02b2b/audiodecoder: {GstFlowReturn gst_audio_decoder_handle_frame(GstAudioDecoder *, GstAudioDecoderClass *, GstBuffer *)():1613} [gst::avdec_aac40:D9400] KPI-TRACE: audiodecoder recv first frame
08-05 15:03:54.349  2859  2872 I 03b00/JSApp: app Log: case MusicPlayer[PlayerModel] readAt end, lenReal: 81920
08-05 15:03:54.349  2859  2872 I 03b00/JSApp: app Log: playerXTS ========================================================================
08-05 15:03:54.349  2859  2872 I 03900/NAPI: [native_api.cpp(napi_call_function)] engine: 0000000092F64AE0, nativeRecv: 0000000000000000, nativeFunc: 00000000936A8960, nativeArgv: 0000000093691CE0, resultValue: 0000000093691660
08-05 15:03:54.349   527  2909 W 01510/BinderInvoker: <private>(<private>) write fd : <private>
08-05 15:03:54.350  2859  2870 W 01510/BinderInvoker: <private>:<private> : fd = <private>
08-05 15:03:54.350  2859  2872 I 03900/NAPI: [native_api.cpp(napi_call_function)] engine: 0000000092F64AE0, nativeRecv: 0000000000000000, nativeFunc: 000000009362D160, nativeArgv: 0000000093392B20
08-05 15:03:54.351  2859  2872 I 03b00/JSApp: app Log: MusicPlayer[PlayerModel] readAt: length: 81920 pos : 163888 size_ : 1894335
08-05 15:03:54.351  2859  2872 I 03b00/JSApp: app Log: buf byteLength: 81920
08-05 15:03:54.351  2859  2872 I 03b00/JSApp: app Log: MusicPlayer[PlayerModel] readAt: 81920;pos: 163888
08-05 15:03:54.351  2859  2872 I 03b00/JSApp: app Log: case MusicPlayer[PlayerModel] readAt end, lenReal: 81920
08-05 15:03:54.351  2859  2872 I 03b00/JSApp: app Log: playerXTS ========================================================================
08-05 15:03:54.351  2859  2872 I 03900/NAPI: [native_api.cpp(napi_call_function)] engine: 0000000092F64AE0, nativeRecv: 0000000000000000, nativeFunc: 000000009362D160, nativeArgv: 0000000093392B20, resultValue: 00000000936E3AE0
08-05 15:03:54.351   527  2911 I 02b2b/GstMsgConvDefault: {ConvertToInnerMsg():205} convert gst msg type: duration-changed
08-05 15:03:54.351   527  2909 W 01510/BinderInvoker: <private>(<private>) write fd : <private>
08-05 15:03:54.351  2859  2870 W 01510/BinderInvoker: <private>:<private> : fd = <private>
08-05 15:03:54.352   527  2917 W 02b2b/videodecoder: {GstFlowReturn gst_video_decoder_decode_frame(GstVideoDecoder *, GstVideoCodecFrame *)():3418} [gst::avdec_h264-40:D783D0] KPI-TRACE: FIRST-VIDEO-FRAME videodecoder recv first key frame
08-05 15:03:54.352  2859  2872 I 03900/NAPI: [native_api.cpp(napi_call_function)] engine: 0000000092F64AE0, nativeRecv: 0000000000000000, nativeFunc: 000000009366A520, nativeArgv: 0000000093392B20
08-05 15:03:54.352  2859  2872 I 03b00/JSApp: app Log: MusicPlayer[PlayerModel] readAt: length: 81920 pos : 245808 size_ : 1894335
08-05 15:03:54.352  2859  2872 I 03b00/JSApp: app Log: buf byteLength: 81920
08-05 15:03:54.353  2859  2872 I 03b00/JSApp: app Log: MusicPlayer[PlayerModel] readAt: 81920;pos: 245808
08-05 15:03:54.353  2859  2872 I 03b00/JSApp: app Log: case MusicPlayer[PlayerModel] readAt end, lenReal: 81920
08-05 15:03:54.353  2859  2872 I 03b00/JSApp: app Log: playerXTS ========================================================================
08-05 15:03:54.353  2859  2872 I 03900/NAPI: [native_api.cpp(napi_call_function)] engine: 0000000092F64AE0, nativeRecv: 0000000000000000, nativeFunc: 000000009366A520, nativeArgv: 0000000093392B20, resultValue: 00000000936803A0
08-05 15:03:54.353   527  2909 W 01510/BinderInvoker: <private>(<private>) write fd : <private>
08-05 15:03:54.354  2859  2860 W 01510/BinderInvoker: <private>:<private> : fd = <private>
08-05 15:03:54.355  2859  2872 I 03900/NAPI: [native_api.cpp(napi_call_function)] engine: 0000000092F64AE0, nativeRecv: 0000000000000000, nativeFunc: 0000000093691CE0, nativeArgv: 0000000093392B20
08-05 15:03:54.355  2859  2872 I 03b00/JSApp: app Log: MusicPlayer[PlayerModel] readAt: length: 81920 pos : 327728 size_ : 1894335
08-05 15:03:54.355  2859  2872 I 03b00/JSApp: app Log: buf byteLength: 81920
08-05 15:03:54.356  2859  2872 I 03b00/JSApp: app Log: MusicPlayer[PlayerModel] readAt: 81920;pos: 327728
08-05 15:03:54.356  2859  2872 I 03b00/JSApp: app Log: case MusicPlayer[PlayerModel] readAt end, lenReal: 81920
08-05 15:03:54.356  2859  2872 I 03b00/JSApp: app Log: playerXTS ========================================================================
08-05 15:03:54.356  2859  2872 I 03900/NAPI: [native_api.cpp(napi_call_function)] engine: 0000000092F64AE0, nativeRecv: 0000000000000000, nativeFunc: 0000000093691CE0, nativeArgv: 0000000093392B20, resultValue: 00000000935E6060
08-05 15:03:54.378   527  2917 W 02b2b/libav: {gst_ffmpegviddec_video_frame():1584} [gst::avdec_h264-40:D783D0] KPI-TRACE: FIRST-VIDEO-FRAME decode cost 25 ms
08-05 15:03:54.378   527  2911 I 02b2b/GstMsgConvDefault: {ConvertResolutionChangedMessage():120} resolution changed to width:720 height:480
08-05 15:03:54.379  2859  2860 I 02b2b/VideoCallbackNapi: {OnInfo():137} OnInfo is called, PlayerOnInfoType: 9
08-05 15:03:54.379  2859  2872 I 03900/NAPI: [native_api.cpp(napi_call_function)] engine: 0000000092F64AE0, nativeRecv: 0000000000000000, nativeFunc: 000000009364DF40, nativeArgv: 00000000961F4ED8
08-05 15:03:54.379  2859  2872 I 03b00/JSApp: app Log: case videoSizeChanged, width: 720 ;height:480
08-05 15:03:54.379  2859  2872 I 03900/NAPI: [native_api.cpp(napi_call_function)] engine: 0000000092F64AE0, nativeRecv: 0000000000000000, nativeFunc: 000000009364DF40, nativeArgv: 00000000961F4ED8, resultValue: 00000000935EBE80
08-05 15:03:54.381   527  2911 I 02b2b/GstMsgConvDefault: {ConvertStateChangedMessage():91} audiotee change state from NULL to READY
08-05 15:03:54.382   527  2911 I 02b2b/GstMsgConvDefault: {ConvertStateChangedMessage():91} audiotee change state from READY to PAUSED
08-05 15:03:54.383   527  2911 I 02b2b/GstMsgConvDefault: {ConvertStateChangedMessage():91} decodebin41 change state from READY to PAUSED
08-05 15:03:54.384   527  2911 I 02b2b/GstMsgConvDefault: {ConvertStateChangedMessage():91} uridecodebin41 change state from READY to PAUSED
08-05 15:03:54.385   527  2917 W 02b2b/GST_ELEMENT_FACTORY: {GstElement *gst_element_factory_make(const gchar *, const gchar *)():462} [gst:: :0] no such element factory "videobalance"!
08-05 15:03:54.424   527  2917 W 02b2b/GST_ELEMENT_FACTORY: {GstElement *gst_element_factory_make(const gchar *, const gchar *)():462} [gst:: :0] no such element factory "deinterlace"!
08-05 15:03:54.424   527  2917 W 02b2b/playsink: {GstPlayVideoDeinterlaceChain *gen_video_deinterlace_chain(GstPlaySink *)():1536} [gst::playsink:2A0050] warning: Missing element 'deinterlace' - check your GStreamer installation.
08-05 15:03:54.424   527  2917 W 02b2b/playsink: {GstPlayVideoDeinterlaceChain *gen_video_deinterlace_chain(GstPlaySink *)():1536} [gst::playsink:2A0050] warning: deinterlacing won't work
08-05 15:03:54.424   527  2911 W 02b2b/GstMsgConvDefault: {ConvertWarningMessage():56} [WARNING] Missing element 'deinterlace' - check your GStreamer installation., ../../third_party/gstreamer/gstplugins_base/gst/playback/gstplaysink.c(1536): GstPlayVideoDeinterlaceChain *gen_video_deinterlace_chain(GstPlaySink *) (): /GstPlayBin:playbin/GstPlaySink:playsink:
08-05 15:03:54.424   527  2911 W 02b2b/GstMsgConvDefault: {ConvertWarningMessage():56} [WARNING] Missing element 'deinterlace' - check your GStreamer installation., ../../third_party/gstreamer/gstplugins_base/gst/playback/gstplaysink.c(1536): GstPlayVideoDeinterlaceChain *gen_video_deinterlace_chain(GstPlaySink *) (): /GstPlayBin:playbin/GstPlaySink:playsink:
08-05 15:03:54.424   527  2911 I 02b2b/GstMsgConvDefault: {ConvertStateChangedMessage():91} vdconv change state from NULL to READY
08-05 15:03:54.425   527  2911 I 02b2b/GstMsgConvDefault: {ConvertStateChangedMessage():91} vdbin change state from NULL to READY
08-05 15:03:54.425   527  2911 I 02b2b/GstMsgConvDefault: {ConvertStateChangedMessage():91} vdconv change state from READY to PAUSED
