08-05 15:03:48.739   243  2811 I 0a003/PARAM_WATCHER: [watcher_manager.cpp:77]AddWatcher debug.hitrace.tags.enableflags watcherId: 64 success
08-05 15:03:48.740   451   451 I 01000/AbilityManagerService: [ability_manager_service.cpp(StartAbility:294)]StartAbility coldStart:0
08-05 15:03:48.740   451   451 I 01000/AbilityManagerService: [ability_manager_service.cpp(GetValidUserId:4051)]GetValidUserId, validUserId = 0, CallingUid = 0.
08-05 15:03:48.740   451   451 I 01000/AbilityManagerService: [ability_manager_service.cpp(GetUserId:2747)]GetUserId, userId is 100
08-05 15:03:48.740   451   451 I 01000/AbilityManagerService: [ability_manager_service.cpp(GetUserId:2747)]GetUserId, userId is 100
08-05 15:03:48.740   451   451 I 01000/AbilityManagerService: [ability_manager_service.cpp(GetUserId:2747)]GetUserId, userId is 100
08-05 15:03:48.741   431  1384 I 02d10/HiView-SysEventSource: Parser: parser result domain_=AAFWK eventName_=START_ABILITY
08-05 15:03:48.741   451   451 E 01120/BundleMgrService: [bundle_data_mgr.cpp(GetBundleNameForUid):1039] get innerBundleInfo by uid failed.
08-05 15:03:48.741   431  1392 I 02d10/HiView-SysEventService: Convert2SysEvent: domain is AAFWK, eventName is START_ABILITY.
08-05 15:03:48.741   451   451 I 01000/AbilityManagerService: [ability_manager_service.cpp(GenerateAbilityRequest:2858)]GenerateAbilityRequest, moduleName: entry.
08-05 15:03:48.741   451   451 E 01120/BundleMgrService: [bundle_data_mgr.cpp(GetBundleNameForUid):1039] get innerBundleInfo by uid failed.
08-05 15:03:48.742   431  1392 I 02d01/EventLogger: IsInterestedPipelineEvent: event coming! id:0x0, eventName:START_ABILITY
08-05 15:03:48.742   431  1392 I 02d01/EventLogger: IsInterestedPipelineEvent: event time:1501945428742 jsonExtraInfo is {"domain_":"AAFWK","name_":"START_ABILITY","type_":4,"time_":1501945428740,"tz_":"+0000","pid_":451,"tid_":451,"uid_":5523,"USER_ID":-1,"BUNDLE_NAME":"ohos.acts.multimedia.video.videoplayer","MODULE_NAME":"","ABILITY_NAME":"ohos.acts.multimedia.video.videoplayer.MainAbility","level_":"MINOR","tag_":"PowerStats","id_":"1078445208225279770","info_":""}
08-05 15:03:48.742   451   451 I 01000/AbilityManagerService: [ability_manager_service.cpp(PreLoadAppDataAbilities:3125)]App data abilities preloading for bundle 'ohos.acts.multimedia.video.videoplayer'...
08-05 15:03:48.742   431  1392 W 02d01/EventLogger: IsInterestedPipelineEvent: event: id:0x0, eventName:START_ABILITY : EventLogger don't care and don't block other processes
08-05 15:03:48.742   451   451 I 01000/AbilityManagerService: [ability_manager_service.cpp(PreLoadAppDataAbilities:3150)]App data abilities preloading done.
08-05 15:03:48.742   431  1392 I 02d10/HiView-SysEventSource: Recycle: recycle resource
08-05 15:03:48.742   451   451 I 01000/AbilityManagerService: [mission_list_manager.cpp(GetTargetMissionAndAbility:364)]try find reused mission info. result:0
08-05 15:03:48.742   451   451 W 01510/IPCObjectStub: create, desc: ohos.aafwk.AbilityToken
08-05 15:03:48.742   451   451 I 01000/AbilityManagerService: [ability_record.cpp(SetMission:1637)]SetMission come, missionId is 2.
08-05 15:03:48.742   451   451 I 01000/AbilityManagerService: [ability_record.cpp(AddCallerRecord:1137)]Add caller record.
08-05 15:03:48.742   451   451 E 01000/AbilityManagerService: [ability_record.cpp(GetAbilityRecordByToken:99)]pointer is nullptr.
08-05 15:03:48.742   451   451 E 01000/AbilityManagerService: [ability_record.cpp(AddCallerRecord:1143)]pointer is nullptr.
08-05 15:03:48.742   451   451 I 01000/AbilityManagerService: [ability_record.cpp(ProcessForegroundAbility:281)]SUPPORT_GRAPHICS: ability record: 123/ohos.acts.multimedia.video.videoplayer/entry/ohos.acts.multimedia.video.videoplayer.MainAbility
08-05 15:03:48.742   451   451 I 01000/AbilityManagerService: [ability_record.cpp(ProcessForegroundAbility:299)]SUPPORT_GRAPHICS: to load ability.
08-05 15:03:48.742   451   451 I 01000/AbilityManagerService: [ability_record.cpp(StartingWindowTask:405)]StartingWindowTask was called.
08-05 15:03:48.742   451   451 I 01000/AbilityManagerService: [ability_record.cpp(StartingWindowCold:622)]StartingWindowCold was called.
08-05 15:03:48.742   451   451 E 00000/ResourceManager: failed to realpath the path
08-05 15:03:48.743   431  1384 I 02d10/HiView-SysEventSource: Parser: parser result domain_=GLOBAL_RESMGR eventName_=ADD_RES_PATH_FAILED
08-05 15:03:48.743   431  1392 I 02d10/HiView-SysEventService: Convert2SysEvent: domain is GLOBAL_RESMGR, eventName is ADD_RES_PATH_FAILED.
08-05 15:03:48.744   451   451 E 01000/AbilityManagerService: [ability_record.cpp(GetPixelMap:561)]GetMediaById iconPath failed
08-05 15:03:48.744   451   451 W 01000/AbilityManagerService: [ability_record.cpp(StartingWindowCold:648)]StartingWindowCold. Failed to GetColorById.
08-05 15:03:48.744   451   451 I 04200/WindowManagerService: <204>StartingWindow: cold start is called
08-05 15:03:48.744   451   451 I 01000/AbilityManagerService: [ability_record.cpp(AnimationTask:324)]AnimationTask was called.
08-05 15:03:48.744   451  1399 I 04200/WindowRoot: <160>FindWindowNodeWithToken: cannot find windowNode
08-05 15:03:48.744   451   451 I 04200/WindowManagerService: <296>NotifyWindowTransition: NotifyWindowTransition asynchronously.
08-05 15:03:48.744   451   451 I 01000/AbilityManagerService: [ability_record.cpp(CancelStartingWindowColdTask:452)]CancelStartingWindowColdTask was called.
08-05 15:03:48.744   451   451 I 01000/AbilityManagerService: [ability_record.cpp(LoadAbility:178)]Start load ability, name is ohos.acts.multimedia.video.videoplayer.MainAbility.
08-05 15:03:48.744   431  1392 I 02d01/EventLogger: IsInterestedPipelineEvent: event coming! id:0x0, eventName:ADD_RES_PATH_FAILED
08-05 15:03:48.744   431  1392 I 02d01/EventLogger: IsInterestedPipelineEvent: event time:1501945428744 jsonExtraInfo is {"domain_":"GLOBAL_RESMGR","name_":"ADD_RES_PATH_FAILED","type_":4,"time_":1501945428743,"tz_":"+0000","pid_":451,"tid_":451,"uid_":5523,"PATH":"/data/storage/el1/bundle/ohos.global.systemres/ohos.global.systemres/assets/entry/resources.index","ERROR_MSG":"AddResourcePath failed","level_":"MINOR","tag_":"app","id_":"17765772970559730483","info_":""}
08-05 15:03:48.744   431  1392 W 02d01/EventLogger: IsInterestedPipelineEvent: event: id:0x0, eventName:ADD_RES_PATH_FAILED : EventLogger don't care and don't block other processes
08-05 15:03:48.744   451  1421 I 01110/AppMgrService: [app_mgr_service_inner.cpp(LoadAbility:138)]AppMgrService start loading ability, name is ohos.acts.multimedia.video.videoplayer.MainAbility.
08-05 15:03:48.744   451  1421 I 01110/AppMgrService: [app_mgr_service_inner.cpp(GetBundleAndHapInfo:238)]GetBundleAndHapInfo come, call bms GetBundleInfo and GetHapModuleInfo, userId is 100
08-05 15:03:48.744   569  2760 I 01401/Bufferqueue: (leashWindow11) BufferQueue: ctor, Queue id: 75 isShared: 0
08-05 15:03:48.744   431  1392 I 02d10/HiView-SysEventSource: Recycle: recycle resource
08-05 15:03:48.744   569  2760 W 01510/IPCObjectStub: create, desc: surf.IBufferProducer
08-05 15:03:48.745   569  2760 E 01400/OHOS::RS: RsDebug RSRenderService::CreateNodeAndSurface node id:1937030250511 name:leashWindow11 surface id:2443836391499 name:leashWindow11
08-05 15:03:48.745  2848  2848 I 01000/AbilityManagerService: [ability_command.cpp(RunAsStartAbility:362)]start ability successfully.
08-05 15:03:48.745   451  1421 E 01120/BundleMgrService: [bundle_data_mgr.cpp(GetBundleNameForUid):1039] get innerBundleInfo by uid failed.
08-05 15:03:48.745   451  1399 W 01510/IPCObjectProxy: create, desc: 
08-05 15:03:48.745   451  1399 W 01510/IPCObjectProxy: no databus session attach to this handle, maybe need update
08-05 15:03:48.745   569  2760 E 01510/IPCObjectStub: IPCObjectStub::ProcessProto called, type = 0, normal stub object
08-05 15:03:48.745   451  1399 W 01510/IPCObjectProxy: it is normal binder, not dbinder
08-05 15:03:48.745   451  1421 I 01110/AppMgrService: [app_running_manager.cpp(CheckAppRunningRecordIsExist:81)]appName: ohos.acts.multimedia.video.videoplayer, processName: ohos.acts.multimedia.video.videoplayer, uid : 20010035
08-05 15:03:48.745   451  1399 I 01510/IPCProcessSkeleton: sptr<OHOS::IRemoteObject> OHOS::IPCProcessSkeleton::FindOrNewObject(int) 170: handle:123, proto:0
08-05 15:03:48.745   451  1421 I 01110/AppMgrService: [app_running_manager.cpp(CheckAppRunningRecordIsExist:87)]jointUserId : 
08-05 15:03:48.745   451  1421 I 01110/AppMgrService: [app_running_manager.cpp(CreateAppRunningRecord:70)]Create AppRunningRecord, processName: ohos.acts.multimedia.video.videoplayer, recordId: 10
08-05 15:03:48.745   451  1421 I 01110/AppMgrService: [app_running_record.cpp(AddModule:486)]Add module.
08-05 15:03:48.745   451  1421 I 01110/AppMgrService: [module_running_record.cpp(AddAbility:68)]Add ability.
08-05 15:03:48.746   451  1421 I 01110/AppMgrService: [app_running_record.cpp(SetDebugApp:1054)]SetDebugApp come, value is 0
08-05 15:03:48.746   569  2760 I 01401/Bufferqueue: (startingWindow11) BufferQueue: ctor, Queue id: 76 isShared: 0
08-05 15:03:48.746   569  2760 W 01510/IPCObjectStub: create, desc: surf.IBufferProducer
08-05 15:03:48.746   569  2760 E 01400/OHOS::RS: RsDebug RSRenderService::CreateNodeAndSurface node id:1937030250512 name:startingWindow11 surface id:2443836391500 name:startingWindow11
08-05 15:03:48.746   451  1399 W 01510/IPCObjectProxy: create, desc: 
08-05 15:03:48.746   451  1399 W 01510/IPCObjectProxy: no databus session attach to this handle, maybe need update
08-05 15:03:48.746  2848  2848 W 01610/ZDDS: KvStoreThreadPoolImpl::Stop: stop
08-05 15:03:48.746   569  2760 E 01510/IPCObjectStub: IPCObjectStub::ProcessProto called, type = 0, normal stub object
08-05 15:03:48.746  2848  2853 W 01610/ZDDS: KvStoreThreadPoolImpl::ScheduleTask: taskList empty. schedule empty task(pool stopping?)
08-05 15:03:48.746   451  1399 W 01510/IPCObjectProxy: it is normal binder, not dbinder
08-05 15:03:48.746  2848  2853 W 01610/ZDDS: KvStoreThread::Run: stop
08-05 15:03:48.746   451  1399 I 01510/IPCProcessSkeleton: sptr<OHOS::IRemoteObject> OHOS::IPCProcessSkeleton::FindOrNewObject(int) 170: handle:129, proto:0
08-05 15:03:48.746  2848  2854 W 01610/ZDDS: KvStoreThreadPoolImpl::ScheduleTask: taskList empty. schedule empty task(pool stopping?)
08-05 15:03:48.746  2848  2854 W 01610/ZDDS: KvStoreThread::Run: stop
08-05 15:03:48.747   451  1399 I 04200/StartingWindow: <95>CreateLeashAndStartingSurfaceNode: Create leashWinSurfaceNode and startingWinSurfaceNode success with id:11!
08-05 15:03:48.747   451  1399 I 04200/WindowRoot: <192>SaveWindow: save windowId 11
08-05 15:03:48.747   451  1399 I 04200/RemoteAnimation: <57>CheckAnimationController: RSWindowAnimation: windowAnimationController_ null!
08-05 15:03:48.747   451  1399 I 04200/WindowController: <719>UpdateWindowAnimation: windowId: 11, animationFlag: 1
08-05 15:03:48.747   451  1399 I 04200/WindowNodeContainer: <904>NotifyDockWindowStateChanged: [Immersive] begin isEnable: 0
08-05 15:03:48.747   451  1399 I 04200/WindowManagerAgentController: <48>UpdateSystemBarRegionTints: UpdateSystemBarRegionTints, tints size: 1
08-05 15:03:48.747   451  1399 I 04200/WindowPair: <323>Window id: 11 is not split related and paired.
08-05 15:03:48.747  1535  1537 I 04200/WindowManagerAgentStub: <31>OnRemoteRequest: WindowManagerAgentStub::OnRemoteRequest code is 2
08-05 15:03:48.747   451  1399 I 04200/DisplayGroupController: <235>PreProcessWindowNode: Current mode is not multi-display
08-05 15:03:48.747   451  1399 I 04200/RemoteAnimation: <57>CheckAnimationController: RSWindowAnimation: windowAnimationController_ null!
08-05 15:03:48.747  1535  1537 I 04200/WindowManager: <234>NotifySystemBarChanged: type:2116, enable:0,backgroundColor:66000000, contentColor:e5ffffff region:[2065940064, 85, -1813682960, 127]
08-05 15:03:48.747   451  1399 I 04201/DisplayManagerService: <449>UpdateRSTree
08-05 15:03:48.747   451  1399 I 04201/AbstractScreenController: <162>GetAbstractScreen: screenId: 0
08-05 15:03:48.747   451  1399 I 04201/AbstractScreenGroup: <74>UpdateRSTree: add surface: leashWindow11, 15
08-05 15:03:48.747  1535  1789 I 04200/JsWindowListener: <84>OnSystemBarPropertyChange: [NAPI]OnSystemBarPropertyChange
08-05 15:03:48.747   451  1399 I 04200/DisplayGroupController: <75>AddWindowNodeOnWindowTree: add node in node vector of root, displayId: 0 windowId: 7, rootType: 1
08-05 15:03:48.747   451  1399 I 04200/DisplayGroupController: <75>AddWindowNodeOnWindowTree: add node in node vector of root, displayId: 0 windowId: 8, rootType: 1
08-05 15:03:48.747   451  1399 I 04200/DisplayGroupController: <75>AddWindowNodeOnWindowTree: add node in node vector of root, displayId: 0 windowId: 2, rootType: 1
08-05 15:03:48.747   451  1399 I 04200/DisplayGroupController: <75>AddWindowNodeOnWindowTree: add node in node vector of root, displayId: 0 windowId: 11, rootType: 0
08-05 15:03:48.747   451  1399 I 04200/DisplayGroupController: <75>AddWindowNodeOnWindowTree: add node in node vector of root, displayId: 0 windowId: 3, rootType: 2
08-05 15:03:48.747   451  1399 I 04200/WindowLayoutPolicy: <920>GetVirtualPixelRatio: GetVirtualPixel success. displayId:0, vpr:1.500000
08-05 15:03:48.748   451  1399 I 04200/WindowLayoutPolicy: <529>GetSystemSizeLimits: maxWidth: 3840, maxHeight: 3840, minWidth: 360, minHeight: 480 maxRatio: 340282346638528859811704183484516925440.000000, minRatio: 0.000000
08-05 15:03:48.748   451  1399 I 04200/WindowLayoutPolicy: <585>UpdateWindowSizeLimits: maxWidth: 3840, maxHeight: 3840, minWidth: 360, minHeight: 480, maxRatio: 8.000000, minRatio: 0.093750
08-05 15:03:48.748   451  1399 I 04200/WindowLayoutPolicyCascade: <572>SetCascadeRect: set other app window cascade rect
08-05 15:03:48.748   451  1399 I 04200/WindowLayoutPolicyCascade: <529>GetCurCascadeRect: cascade rect is empty use first cascade rect
08-05 15:03:48.748   451  1399 I 04200/WindowLayoutPolicyCascade: <580>SetCascadeRect: set cascadeRect :[123, 218, 475, 844]
08-05 15:03:48.748   451  1399 I 04200/WindowLayoutPolicyCascade: <302>UpdateLayoutRect: Id:11, avoid:1 parLimit:0 floating:0, sub:0, deco:0, type:1, requestRect:[123, 218, 475, 844]
08-05 15:03:48.748   451  1399 I 04200/WindowLayoutPolicyCascade: <261>ApplyWindowRectConstraints: Before apply constraints winRect:[0, 30, 720, 1178]
08-05 15:03:48.748   451  1399 I 04200/WindowLayoutPolicyCascade: <276>ApplyWindowRectConstraints: After apply constraints winRect:[0, 30, 720, 1178]
08-05 15:03:48.748   451  1399 I 04200/WindowLayoutPolicy: <920>GetVirtualPixelRatio: GetVirtualPixel success. displayId:0, vpr:1.500000
08-05 15:03:48.748   451  1399 I 04200/WindowNodeContainer: <144>ShowStartingWindow: ShowStartingWindow windowId: 11 end
08-05 15:03:48.748  1535  1535 I 04200/JsWindowUtils: <297>CreateJsSystemBarRegionTintObject: [NAPI]Type 2116 [0 #66000000 #E5FFFFFF] [2065940064 85 2481284336 127]
08-05 15:03:48.748   451  1399 I 04200/RemoteAnimation: <57>CheckAnimationController: RSWindowAnimation: windowAnimationController_ null!
08-05 15:03:48.748  1535  1535 I 04200/JsWindowListener: <33>CallJsMethod: [NAPI]CallJsMethod methodName = systemBarTintChange
08-05 15:03:48.748   451  1399 I 04200/SurfaceDraw: <72>DrawBackgroundColor: DrawBackgroundColor winRect, [0, 30, 720, 1178], bkgColor:dfffffff
08-05 15:03:48.748  1535  1535 I 00000/JsDisplayManager: <87>OnGetDefaultDisplay: JsDisplayManager::OnGetDefaultDisplay is called
08-05 15:03:48.748   451  1399 W 01510/IPCObjectProxy: not databus dbinder, need do nothing
08-05 15:03:48.748   569  2760 W 01401/Bufferqueue: (startingWindow10) CheckConnectLocked: this BufferQueue has been connected by :451, you can not disconnect
08-05 15:03:48.749   451  1399 W 01510/IPCObjectProxy: destroy, desc: IPCObjectProxy104
08-05 15:03:48.749   569  2760 I 01401/Bufferqueue: (startingWindow10) ~BufferQueue: dtor, Queue id: 11
08-05 15:03:48.749   451   451 I 04201/DisplayManagerStub: <35>OnRemoteRequest: OnRemoteRequest code is 0
08-05 15:03:48.749   451   451 I 04201/AbstractScreenController: <195>GetDefaultAbstractScreenId, screen:0
08-05 15:03:48.749   451   451 I 04201/DisplayManagerService: <146>GetDefaultDisplayInfo: GetDefaultDisplayInfo 0
08-05 15:03:48.749  1535  1535 I 04201/DisplayManager: <554>UpdateDisplayInfoLocked: displayId:0.
08-05 15:03:48.749  1535  1535 I 04201/DisplayManager: <561>UpdateDisplayInfoLocked: get screen in screen map
08-05 15:03:48.749  1535  1535 I 00000/JsDisplay: <78>CreateJsDisplayObject: JsDisplay::CreateJsDisplay is called
08-05 15:03:48.749  1535  1535 I 00000/JsDisplay: <67>FindJsDisplayObject: [NAPI]Try to find display 0 in g_JsDisplayMap
08-05 15:03:48.749  1535  1535 I 00000/JsDisplay: <82>CreateJsDisplayObject: [NAPI]FindJsDisplayObject 0
08-05 15:03:48.749  1535  1535 I 02200/Runtime: [js_runtime_utils.cpp(Resolve:151)]AsyncTask::Resolve is called
08-05 15:03:48.749   451  1399 W 00000/Drawing: CreateEGLSurface: CreateEGLSurface: 000000007BFE0B20
08-05 15:03:48.749   451  1399 I 01400/OHOS::ROSEN: RSSurfaceOhosGl: create and Init EglSurface 0x557bfe0b20
08-05 15:03:48.749   451  1399 I 01400/OHOS::ROSEN: RSSurfaceOhosGl:RequestFrame, eglsurface is 0x557bfe0b20, width is 720, height is 1178
08-05 15:03:48.749   451  1399 W 00000/Drawing: SetUpGrContext: grContext has already created!!
08-05 15:03:48.749  1535  1535 I 02200/Runtime: [js_runtime_utils.cpp(Resolve:164)]AsyncTask::Resolve is called end.
08-05 15:03:48.749  1535  1535 I 00000/JsDisplayManager: <103>operator(): JsDisplayManager::OnGetDefaultDisplay success
08-05 15:03:48.750   451  1399 E 00000/Drawing: AcquireSurface: CreateCanvas successfully!!! (000000007BFDA320)
08-05 15:03:48.750   451  1399 W 00000/Drawing: RenderFrame: RenderFrame: Canvas is 000000007BFDA320
08-05 15:03:48.752   569  2760 W 01510/IPCObjectStub: destroy, desc: surf.IBufferProducer
08-05 15:03:48.754  2848  2855 W 01610/ZDDS: KvStoreThreadPoolImpl::ScheduleTask: taskList empty. schedule empty task(pool stopping?)
08-05 15:03:48.755   427  1747 W 01510/BinderInvoker: <private>(<private>) write fd : <private>
08-05 15:03:48.756   569  1769 W 01510/BinderInvoker: <private>:<private> : fd = <private>
08-05 15:03:48.756   569  1769 I 01401/Bufferqueue: (startingWindow11) AllocBuffer: Success [160], Way: Map
08-05 15:03:48.756  2848  2855 W 01610/ZDDS: KvStoreThread::Run: stop
08-05 15:03:48.757   569  1769 W 01510/BinderInvoker: <private>(<private>) write fd : <private>
08-05 15:03:48.757   569  1769 W 01510/BinderInvoker: <private>(<private>) write fd : <private>
08-05 15:03:48.757   451  1399 W 01510/BinderInvoker: <private>:<private> : fd = <private>
08-05 15:03:48.757   451  1399 W 01510/BinderInvoker: <private>:<private> : fd = <private>
08-05 15:03:48.757  2848  2848 W 01610/ZDDS: KvStoreThreadPoolImpl::Stop: stop
08-05 15:03:48.757  2848  2849 W 01610/ZDDS: KvStoreThreadPoolImpl::ScheduleTask: taskList empty. schedule empty task(pool stopping?)
08-05 15:03:48.757  2848  2849 W 01610/ZDDS: KvStoreThread::Run: stop
08-05 15:03:48.757  2848  2850 W 01610/ZDDS: KvStoreThreadPoolImpl::ScheduleTask: taskList empty. schedule empty task(pool stopping?)
08-05 15:03:48.758  2848  2850 W 01610/ZDDS: KvStoreThread::Run: stop
08-05 15:03:48.758  2848  2851 W 01610/ZDDS: KvStoreThreadPoolImpl::ScheduleTask: taskList empty. schedule empty task(pool stopping?)
08-05 15:03:48.758  2848  2851 W 01610/ZDDS: KvStoreThread::Run: stop
08-05 15:03:48.760   451  1399 W 01510/BinderInvoker: <private>(<private>) write fd : <private>
08-05 15:03:48.760   569  1769 W 01510/BinderInvoker: <private>:<private> : fd = <private>
08-05 15:03:48.760  2848  2848 I 0a002/PARAM: [param_request.c:49]ParameterDeinit 
08-05 15:03:48.760   569  1769 I 01400/OHOS::RS: RsDebug RSRenderServiceListener::OnBufferAvailable node id:1937030250512
08-05 15:03:48.760   451  1421 I 01110/AppMgrService: [app_spawn_msg_wrapper.cpp(DumpMsg:136)]************AppSpawnMsg*************
08-05 15:03:48.760   451  1421 I 01110/AppMgrService: [app_spawn_msg_wrapper.cpp(DumpMsg:137)]uid: 20010035, gid: 20010035, procName: ohos.acts.multimedia.video.videoplayer
08-05 15:03:48.760   451  1421 I 01110/AppMgrService: [app_spawn_msg_wrapper.cpp(DumpMsg:138)]************************************
08-05 15:03:48.761   242   242 I 0a011/APPSPAWN: [appspawn_service.c:399]OnConnection 
08-05 15:03:48.761   451  1399 W 00000/Drawing: SwapBuffers: SwapBuffers successfully, surface is 000000007BFE0B20
08-05 15:03:48.761   242   242 I 0a011/APPSPAWN: [appspawn_service.c:422]OnConnection client fd 8 Id 10
08-05 15:03:48.761   242   242 I 0a011/APPSPAWN: [appspawn_service.c:369]OnReceiveRequest client.id 10 appProperty 20010035 processname ohos.acts.multimedia.video.videoplayer 
08-05 15:03:48.761   451  1399 I 04200/WindowController: <88>StartingWindow: StartingWindow show success with id:11!
08-05 15:03:48.761   242   242 I 0a011/APPSPAWN: [appspawn_server.c:149]AppSpawnProcessMsg id 10 0x0
08-05 15:03:48.761   451  1399 I 04200/WindowController: <115>NotifyWindowTransition: NotifyWindowTransition begin!
08-05 15:03:48.761   451  1399 E 04200/WindowRoot: <149>FindWindowNodeWithToken: token is null
08-05 15:03:48.761   451  1399 I 04200/RemoteAnimation: <57>CheckAnimationController: RSWindowAnimation: windowAnimationController_ null!
08-05 15:03:48.763  2848  2848 I 0a002/PARAM: [param_base.c:170]CloseParamWorkSpace 0x7fa8b23f80
08-05 15:03:48.764  2848  2848 I 0a002/PARAM: [param_request.c:49]ParameterDeinit 
08-05 15:03:48.764  2848  2848 I 0a002/PARAM: [param_base.c:170]CloseParamWorkSpace 0x7fa8b23f80
08-05 15:03:48.766  2859  2859 I 0a011/APPSPAWN: [appspawn_process.c:150]ClearEnvironment id 10
08-05 15:03:48.768  2859  2859 I 0a011/APPSPAWN: [appspawn_adapter.cpp:31]AppSpawnServer::set access token id = 537732052, ret = 0 0
08-05 15:03:48.769  2859  2859 I 0a011/APPSPAWN: [appspawn_server.c:47]DoStartApp id 10 longProcNameLen 20
08-05 15:03:48.769   243  2811 W 01510/IPCObjectProxy: <private>: handle = 56 call OnRemoteDied
08-05 15:03:48.769   243  2811 I 0a003/PARAM_WATCHER: [watcher_manager.cpp:98]DelWatcher watcherId 64 prefix debug.hitrace.tags.enableflags
08-05 15:03:48.769   243  2811 W 01510/IPCObjectProxy: not databus dbinder, need do nothing
08-05 15:03:48.769   243  2811 W 01510/IPCObjectProxy: destroy, desc: IPCObjectProxy56
08-05 15:03:48.773   569   569 I 01401/Bufferqueue: (leashWindow10) ~BufferQueue: dtor, Queue id: 10
08-05 15:03:48.773   569   569 W 01510/IPCObjectStub: destroy, desc: surf.IBufferProducer
08-05 15:03:48.774   569   569 E 01400/OHOS::RS: RsDebug RSComposerAdapter::CreateLayer: node(1937030250511) has no available buffer.
08-05 15:03:48.774   569   569 E 01400/OHOS::RS: RSPhysicalScreenProcessor::ProcessSurface: failed to createLayer for node(id: 1937030250511)
08-05 15:03:48.777   569   569 E 01400/OHOS::ROSEN: RsDebug RSSurfaceOhosRaster::FlushFrame fence:62
08-05 15:03:48.777   569   569 E 01400/Composer: SetScreenClientInfo: SetScreenClientDamage failed, ret is -5
08-05 15:03:48.781  2859  2859 I 0a011/APPSPAWN: [appspawn_adapter.cpp:44]AppSpawnServer::Success to hap domain set context, ret = 0
08-05 15:03:48.781  2859  2859 I 0a011/APPSPAWN: [appspawn_service.c:433]NotifyResToParent ohos.acts.multimedia.video.videoplayer fd 10 result 0
08-05 15:03:48.782  2859  2859 I 0a011/APPSPAWN: [appspawn_ace.cpp:39]AppExecFwk::MainThread::Start
08-05 15:03:48.782   242   242 I 0a011/APPSPAWN: [appspawn_service.c:380]child process ohos.acts.multimedia.video.videoplayer success pid 2859
08-05 15:03:48.782   242   242 I 0a011/APPSPAWN: [appspawn_service.c:97]Add ohos.acts.multimedia.video.videoplayer, pid=2859 success
08-05 15:03:48.782  2859  2859 I 0a003/PARAM_WATCHER: [watcher_manager_kits.cpp:130]AddWatcher keyPrefix debug.hitrace.tags.enableflags
08-05 15:03:48.782   242   242 I 0a011/APPSPAWN: [appspawn_service.c:144]SendMessageComplete client.id 10 
08-05 15:03:48.782   451  1421 I 01110/AppMgrService: [app_mgr_service_inner.cpp(StartProcess:1256)]Start process success, pid is 2859, processName is ohos.acts.multimedia.video.videoplayer.
08-05 15:03:48.782   242   242 I 0a011/APPSPAWN: [appspawn_service.c:137]OnClose client.id 10 
08-05 15:03:48.782  2859  2859 W 01510/IPCObjectStub: create, desc: OHOS.Startup.IWatcher
08-05 15:03:48.782   451  1421 I 01000/AbilityManagerService: [ability_manager_service.cpp(OnAppStateChanged:2706)]On app state changed.
08-05 15:03:48.783   451  1422 I 01110/AppMgrService: [app_state_observer_manager.cpp(operator():96)]OnAppStateChanged come.
08-05 15:03:48.783   451  1422 I 01110/AppMgrService: [app_state_observer_manager.cpp(HandleAppStateChanged:162)]OnApplicationStateChanged, name:ohos.acts.multimedia.video.videoplayer, uid:20010035, state:0
08-05 15:03:48.783  2859  2859 I 01510/IPCWorkThreadPool: 61: SpawnThread Name= 0IPC
08-05 15:03:48.783  2859  2859 I 01510/IPCWorkThreadPool: 73: SpawnThread, now idleThreadNum_ =<private>
08-05 15:03:48.783   283  1678 I 01100/AppexecfwkCore: [application_state_observer_stub.cpp(OnRemoteRequest:57)]ApplicationStateObserverStub::OnReceived, code = 5, flags= 1.
08-05 15:03:48.783   451  1422 I 01110/AppMgrService: [app_state_observer_manager.cpp(operator():124)]OnProcessCreated come.
08-05 15:03:48.783  2859  2859 I 01510/IPCWorkThread: void OHOS::IPCWorkThread::Start(int, int, std::string) 87: create thread = 0IPC2859_2859, policy=<private>, proto=<private>
08-05 15:03:48.784  2859  2860 I 01510/IPCWorkThread: void OHOS::IPCWorkThread::ThreadHandler() 44: proto_=<private>
08-05 15:03:48.784  2859  2859 W 01510/IPCObjectProxy: create, desc: 
08-05 15:03:48.784  2859  2860 I 01510/IPCWorkThreadPool: 61: SpawnThread Name= 1IPC
08-05 15:03:48.784  2859  2860 I 01510/IPCWorkThreadPool: 73: SpawnThread, now idleThreadNum_ =<private>
08-05 15:03:48.784   284   284 I 01100/AppexecfwkCore: [application_state_observer_stub.cpp(OnRemoteRequest:57)]ApplicationStateObserverStub::OnReceived, code = 5, flags= 1.
08-05 15:03:48.784  2859  2859 W 01510/IPCObjectProxy: no databus session attach to this handle, maybe need update
08-05 15:03:48.784   244   244 E 01510/IPCObjectStub: IPCObjectStub::ProcessProto called, type = 0, normal stub object
08-05 15:03:48.784   284   284 I 01100/AppexecfwkCore: [application_state_observer_stub.cpp(OnRemoteRequest:57)]ApplicationStateObserverStub::OnReceived, code = 3, flags= 1.
08-05 15:03:48.784   284   284 I 01100/MemMgr: AppStateObserver::OnProcessCreated uid=20010035, pid=2859, bundleName=ohos.acts.multimedia.video.videoplayer
08-05 15:03:48.784  2859  2859 W 01510/IPCObjectProxy: it is normal binder, not dbinder
08-05 15:03:48.784  2859  2860 I 01510/IPCWorkThread: void OHOS::IPCWorkThread::Start(int, int, std::string) 87: create thread = 1IPC2859_2860, policy=<private>, proto=<private>
08-05 15:03:48.784  2859  2859 I 01510/IPCProcessSkeleton: sptr<OHOS::IRemoteObject> OHOS::IPCProcessSkeleton::FindOrNewObject(int) 170: handle:0, proto:0
08-05 15:03:48.784   244   244 I 01800/SAMGR: SystemAbilityManagerStub::OnReceived, code = 12, callerPid = 2859, flags= 0
08-05 15:03:48.785   451  1421 I 01120/BundleMgrService: [perf_profile.cpp(Dump):276] start
08-05 15:03:48.785   451  1421 I 01120/BundleMgrService: [perf_profile.cpp(Dump):278] *************************
08-05 15:03:48.785   451  1421 I 01120/BundleMgrService: [perf_profile.cpp(Dump):299] AbilityLoadTime: 40(ms) 
08-05 15:03:48.785   451  1421 I 01120/BundleMgrService: [perf_profile.cpp(Dump):300]     AppForkTime: 22(ms) 
08-05 15:03:48.785   451  1421 I 01120/BundleMgrService: [perf_profile.cpp(Dump):303] *************************
08-05 15:03:48.785   451  1421 I 01120/BundleMgrService: [perf_profile.cpp(Dump):305] end
08-05 15:03:48.785   366  1668 I 01100/AppexecfwkCore: [application_state_observer_stub.cpp(OnRemoteRequest:57)]ApplicationStateObserverStub::OnReceived, code = 5, flags= 1.
08-05 15:03:48.785   366  1668 I 01100/AppexecfwkCore: [application_state_observer_stub.cpp(OnRemoteRequest:57)]ApplicationStateObserverStub::OnReceived, code = 3, flags= 1.
08-05 15:03:48.785   366  1807 I 01100/AppexecfwkCore: [application_state_observer_stub.cpp(OnRemoteRequest:57)]ApplicationStateObserverStub::OnReceived, code = 5, flags= 1.
08-05 15:03:48.785   366  1807 I 01100/AppexecfwkCore: [application_state_observer_stub.cpp(OnRemoteRequest:57)]ApplicationStateObserverStub::OnReceived, code = 3, flags= 1.
08-05 15:03:48.785   283   622 I 01700/RSS: SocPerfPlugin: socperf->APP_COLD_START
08-05 15:03:48.785   244   244 I 01800/SAMGR: found service : 3901.
08-05 15:03:48.785   283  1678 I 01100/AppexecfwkCore: [application_state_observer_stub.cpp(OnRemoteRequest:57)]ApplicationStateObserverStub::OnReceived, code = 3, flags= 1.
08-05 15:03:48.785   284  1104 I 01100/MemMgr: ReclaimPriorityManager::UpdateReclaimPriorityInner called, pid=2859, bundleUid=20010035, bundleName=ohos.acts.multimedia.video.videoplayer, reason=CREATE_PROCESS
08-05 15:03:48.785   284  1104 I 01100/MemMgr: BundlePriorityInfo::UpdatePriority bundleName=ohos.acts.multimedia.video.videoplayer, priority=0
08-05 15:03:48.785  2859  2861 I 01510/IPCWorkThread: void OHOS::IPCWorkThread::ThreadHandler() 44: proto_=<private>
08-05 15:03:48.786  2859  2859 W 01510/IPCObjectProxy: create, desc: 
08-05 15:03:48.786   284  1104 I 01100/MemMgr: KernelInterface::EchoToPath echo 0 > /proc/2859/oom_score_adj
08-05 15:03:48.786   284  1104 I 01100/MemMgr: ReclaimPriorityManager::HandleCreateProcess create: bundleName=ohos.acts.multimedia.video.videoplayer, prio=0
08-05 15:03:48.786  2859  2859 W 01510/IPCObjectProxy: no databus session attach to this handle, maybe need update
08-05 15:03:48.786   284  1324 I 01100/MemMgr: ReclaimStrategyManager::HandleAppStateChanged_ pid:2859 bundle:20010035 ohos.acts.multimedia.video.videoplayer userId:100 score:0 action:CREATE_PROCESS_AND_APP
08-05 15:03:48.786   243  2811 E 01510/IPCObjectStub: IPCObjectStub::ProcessProto called, type = 0, normal stub object
08-05 15:03:48.786   284  1324 I 01100/MemMgr: MemcgMgr::AddProcToMemcg pid=2859 userId=100
08-05 15:03:48.786  2859  2859 W 01510/IPCObjectProxy: it is normal binder, not dbinder
08-05 15:03:48.786  2859  2859 I 01510/IPCProcessSkeleton: sptr<OHOS::IRemoteObject> OHOS::IPCProcessSkeleton::FindOrNewObject(int) 170: handle:1, proto:0
08-05 15:03:48.786   284  1324 I 01100/MemMgr: Memcg::WriteToFile_ success. 2859 >> /dev/memcg/100/cgroup.procs
08-05 15:03:48.786   283   622 E 01703/socperf: PerfRequest, Invalid PerfRequest cmdId[10001]
08-05 15:03:48.786   243  2811 W 01510/IPCObjectProxy: create, desc: 
08-05 15:03:48.786   284  1324 I 01100/MemMgr: Memcg::AddProc dir:/dev/memcg/100 exist=1. file:/dev/memcg/100/cgroup.procs exist=1 content=*1543 1582 2859 * ret=1
08-05 15:03:48.786   284  1324 I 01100/MemMgr: ReclaimStrategyManager::HandleProcessCreate_ succ, pid:2859 bundle:20010035 ohos.acts.multimedia.video.videoplayer userId:100 score:0 action:CREATE_PROCESS_AND_APP
08-05 15:03:48.786   243  2811 W 01510/IPCObjectProxy: no databus session attach to this handle, maybe need update
08-05 15:03:48.786  2859  2859 E 01510/IPCObjectStub: IPCObjectStub::ProcessProto called, type = 0, normal stub object
08-05 15:03:48.784   292   292 I 01100/AppexecfwkCore: [application_state_observer_stub.cpp(OnRemoteRequest:57)]ApplicationStateObserverStub::OnReceived, code = 5, flags= 1.
08-05 15:03:48.787   283   627 I 01700/RSS: FrameAwarePlugin:DispatchResource type:1, value:0
08-05 15:03:48.787   243  2811 W 01510/IPCObjectProxy: it is normal binder, not dbinder
08-05 15:03:48.787   243  2811 I 01510/IPCProcessSkeleton: sptr<OHOS::IRemoteObject> OHOS::IPCProcessSkeleton::FindOrNewObject(int) 170: handle:56, proto:0
08-05 15:03:48.787   283   627 I 01700/RSS: FrameAwarePlugin::OnDispatchResource success.
08-05 15:03:48.787   283   627 I 01700/RSS: FrameAwarePlugin:DispatchResource type:4, value:0
08-05 15:03:48.787   292   292 I 01100/AppexecfwkCore: [application_state_observer_stub.cpp(OnRemoteRequest:57)]ApplicationStateObserverStub::OnReceived, code = 3, flags= 1.
08-05 15:03:48.787   283   626 I 06604/ueaServer-IntelliSenseServer: Get app info:2859 20010035 ohos.acts.multimedia.video.videoplayer 0
08-05 15:03:48.787   283   627 I 01700/RSS: FrameAwarePlugin::OnDispatchResource success.
08-05 15:03:48.787   283   632 I 01702/CgroupAdjuster: AdjustProcessGroup for 2859, source : 3
08-05 15:03:48.787  2859  2861 I 03301/HitraceMeter: ParameterChange enableflags 0
08-05 15:03:48.787   243  2811 I 0a003/PARAM_WATCHER: [watcher_manager.cpp:77]AddWatcher debug.hitrace.tags.enableflags watcherId: 65 success
08-05 15:03:48.787  2859  2859 I 01150/AppkitNative: [main_thread.cpp(Start:1646)]MainThread start come.
08-05 15:03:48.787   431  1384 I 02d10/HiView-SysEventSource: Parser: parser result domain_=SAMGR eventName_=SAMGR_GETSA_FREQUENCY
08-05 15:03:48.788   431  1392 I 02d10/HiView-SysEventService: Convert2SysEvent: domain is SAMGR, eventName is SAMGR_GETSA_FREQUENCY.
08-05 15:03:48.788   569   569 E 01400/OHOS::RS: RsDebug RSComposerAdapter::CreateLayer: node(1937030250511) has no available buffer.
08-05 15:03:48.788   569   569 E 01400/OHOS::RS: RSPhysicalScreenProcessor::ProcessSurface: failed to createLayer for node(id: 1937030250511)
08-05 15:03:48.788  2859  2859 W 01510/IPCObjectStub: create, desc: ohos.appexecfwk.AppScheduler
08-05 15:03:48.788  2859  2859 I 01150/AppkitNative: [main_thread.cpp(Init:1554)]MainThread:Init Start
08-05 15:03:48.788   431  1392 I 02d01/EventLogger: IsInterestedPipelineEvent: event coming! id:0x0, eventName:SAMGR_GETSA_FREQUENCY
08-05 15:03:48.788   431  1392 I 02d01/EventLogger: IsInterestedPipelineEvent: event time:1501945428788 jsonExtraInfo is {"domain_":"SAMGR","name_":"SAMGR_GETSA_FREQUENCY","type_":2,"time_":1501945428785,"tz_":"+0000","pid_":244,"tid_":244,"uid_":5555,"CALLER_PID":2859,"SAID":3901,"level_":"MINOR","tag_":"statistic","id_":"10264122998297393518","info_":""}
08-05 15:03:48.788   431  1392 W 02d01/EventLogger: IsInterestedPipelineEvent: event: id:0x0, eventName:SAMGR_GETSA_FREQUENCY : EventLogger don't care and don't block other processes
08-05 15:03:48.788   431  1392 I 02d10/HiView-SysEventSource: Recycle: recycle resource
08-05 15:03:48.789  2859  2862 I 01150/AppkitNative: [main_thread.cpp(operator():1568)]MainThread:WatchDogHandler Start
08-05 15:03:48.789  2859  2859 I 01150/AppkitNative: [main_thread.cpp(TaskTimeoutDetected:1532)]MainThread::TaskTimeoutDetected called start.
08-05 15:03:48.789  2859  2859 I 01150/AppkitNative: [main_thread.cpp(TaskTimeoutDetected:1548)]MainThread::TaskTimeoutDetected called end.
08-05 15:03:48.789  2859  2859 I 01150/AppkitNative: [watchdog.cpp(Init:64)]Watchdog is running!
08-05 15:03:48.789  2859  2859 I 01150/AppkitNative: [main_thread.cpp(Init:1580)]MainThread:Init end.
08-05 15:03:48.789  2859  2859 I 01150/AppkitNative: [main_thread.cpp(Attach:248)]MainThread attach called.
08-05 15:03:48.789  2859  2859 I 01150/AppkitNative: [main_thread.cpp(ConnectToAppMgr:213)]MainThread ConnectToAppMgr start.
08-05 15:03:48.789   244   244 I 01800/SAMGR: SystemAbilityManagerStub::OnReceived, code = 12, callerPid = 2859, flags= 0
08-05 15:03:48.790   244   244 I 01800/SAMGR: found service : 501.
08-05 15:03:48.790  2859  2859 W 01510/IPCObjectProxy: create, desc: 
08-05 15:03:48.790   431  1384 I 02d10/HiView-SysEventSource: Parser: parser result domain_=SAMGR eventName_=SAMGR_GETSA_FREQUENCY
08-05 15:03:48.790  2859  2859 W 01510/IPCObjectProxy: no databus session attach to this handle, maybe need update
08-05 15:03:48.791   431  1392 I 02d10/HiView-SysEventService: Convert2SysEvent: domain is SAMGR, eventName is SAMGR_GETSA_FREQUENCY.
08-05 15:03:48.791   451   451 E 01510/IPCObjectStub: IPCObjectStub::ProcessProto called, type = 0, normal stub object
08-05 15:03:48.791  2859  2859 W 01510/IPCObjectProxy: it is normal binder, not dbinder
08-05 15:03:48.791  2859  2859 I 01510/IPCProcessSkeleton: sptr<OHOS::IRemoteObject> OHOS::IPCProcessSkeleton::FindOrNewObject(int) 170: handle:2, proto:0
08-05 15:03:48.791   569   569 E 01400/OHOS::ROSEN: RsDebug RSSurfaceOhosRaster::FlushFrame fence:55
08-05 15:03:48.791   451   451 I 01100/AppexecfwkCore: [app_mgr_stub.cpp(OnRemoteRequest:102)]AppMgrStub::OnReceived, code = 0, flags= 0.
08-05 15:03:48.791   569   569 E 01400/Composer: SetScreenClientInfo: SetScreenClientDamage failed, ret is -5
08-05 15:03:48.791   451   451 W 01510/IPCObjectProxy: create, desc: 
08-05 15:03:48.791   431  1392 I 02d01/EventLogger: IsInterestedPipelineEvent: event coming! id:0x0, eventName:SAMGR_GETSA_FREQUENCY
08-05 15:03:48.791   431  1392 I 02d01/EventLogger: IsInterestedPipelineEvent: event time:1501945428791 jsonExtraInfo is {"domain_":"SAMGR","name_":"SAMGR_GETSA_FREQUENCY","type_":2,"time_":1501945428790,"tz_":"+0000","pid_":244,"tid_":244,"uid_":5555,"CALLER_PID":2859,"SAID":501,"level_":"MINOR","tag_":"statistic","id_":"14166362993498597292","info_":""}
08-05 15:03:48.791   431  1392 W 02d01/EventLogger: IsInterestedPipelineEvent: event: id:0x0, eventName:SAMGR_GETSA_FREQUENCY : EventLogger don't care and don't block other processes
08-05 15:03:48.791   431  1392 I 02d10/HiView-SysEventSource: Recycle: recycle resource
08-05 15:03:48.791   451   451 W 01510/IPCObjectProxy: no databus session attach to this handle, maybe need update
08-05 15:03:48.791  2859  2859 E 01510/IPCObjectStub: IPCObjectStub::ProcessProto called, type = 0, normal stub object
08-05 15:03:48.791   451   451 W 01510/IPCObjectProxy: it is normal binder, not dbinder
08-05 15:03:48.791   451   451 I 01510/IPCProcessSkeleton: sptr<OHOS::IRemoteObject> OHOS::IPCProcessSkeleton::FindOrNewObject(int) 170: handle:104, proto:0
08-05 15:03:48.792   451  1421 I 01110/AppMgrService: [app_mgr_service_inner.cpp(AttachApplication:265)]AppMgrService attach application come, pid is 2859.
08-05 15:03:48.792  2859  2859 I 01150/AppkitNative: [main_thread.cpp(ConnectToAppMgr:236)]MainThread::connectToAppMgr end
08-05 15:03:48.792  2859  2859 I 01150/AppkitNative: [main_thread.cpp(Attach:254)]MainThread::attach mainThreadState: 1
08-05 15:03:48.792   451  1421 I 01110/AppMgrService: [app_running_record.cpp(LaunchApplication:331)]Schedule launch application, app is ohos.acts.multimedia.video.videoplayer.
08-05 15:03:48.792   451  1421 I 01110/AppMgrService: [app_lifecycle_deal.cpp(LaunchApplication:31)]AppLifeCycleDeal ScheduleLaunchApplication
08-05 15:03:48.792   451  1421 I 01100/AppexecfwkCore: [app_scheduler_proxy.cpp(ScheduleLaunchApplication:211)]AppSchedulerProxy ScheduleLaunchApplication start
08-05 15:03:48.792   451  1421 W 02200/Configuration: [configuration.cpp(Marshalling:247)]Marshalling
08-05 15:03:48.792   451  1421 I 01100/AppexecfwkCore: [app_scheduler_proxy.cpp(ScheduleLaunchApplication:240)]AppSchedulerProxy ScheduleLaunchApplication end
08-05 15:03:48.792   451  1421 I 01110/AppMgrService: [app_running_record.cpp(LaunchPendingAbilities:420)]Launch pending abilities.
08-05 15:03:48.792   451  1421 I 01110/AppMgrService: [module_running_record.cpp(LaunchPendingAbilities:208)]Launch pending abilities.
08-05 15:03:48.792   451  1421 I 01110/AppMgrService: [module_running_record.cpp(LaunchPendingAbilities:216)]state : 0
08-05 15:03:48.792   451  1421 I 01110/AppMgrService: [module_running_record.cpp(LaunchAbility:193)]Launch ability.
08-05 15:03:48.792   451  1421 I 01110/AppMgrService: [module_running_record.cpp(LaunchAbility:200)]Schedule launch ability, name is ohos.acts.multimedia.video.videoplayer.MainAbility.
08-05 15:03:48.792  2859  2861 I 01100/AppexecfwkCore: [app_scheduler_host.cpp(OnRemoteRequest:62)]AppSchedulerHost::OnReceived, code = 7, flags= 1.
08-05 15:03:48.793  2859  2861 W 02200/Configuration: [configuration.cpp(ReadFromParcel:204)]ReadFromParcel
08-05 15:03:48.793  2859  2861 I 01150/AppkitNative: [main_thread.cpp(ScheduleLaunchApplication:438)]MainThread schedule launch application start.
08-05 15:03:48.793  2859  2859 I 01150/AppkitNative: [main_thread.cpp(HandleLaunchApplication:826)]MainThread handle launch application start.
08-05 15:03:48.793  2859  2861 I 01100/AppexecfwkCore: [app_scheduler_host.cpp(OnRemoteRequest:62)]AppSchedulerHost::OnReceived, code = 5, flags= 1.
08-05 15:03:48.793  2859  2859 I 01150/AppkitNative: [context_deal.cpp(SetProcessInfo:81)]ContextDeal::SetProcessInfo
08-05 15:03:48.793  2859  2859 I 01150/AppkitNative: [context_deal.cpp(SetApplicationInfo:107)]ContextDeal::SetApplicationInfo
08-05 15:03:48.793  2859  2859 I 01150/AppkitNative: [context_deal.cpp(SetProfile:259)]ContextDeal::SetProfile
08-05 15:03:48.793  2859  2861 W 01510/IPCObjectProxy: create, desc: 
08-05 15:03:48.794  2859  2861 W 01510/IPCObjectProxy: no databus session attach to this handle, maybe need update
08-05 15:03:48.794   431  1384 I 02d10/HiView-SysEventSource: Parser: parser result domain_=AAFWK eventName_=APP_LAUNCH
08-05 15:03:48.794   431  1384 I 02d10/HiView-SysEventSource: Parser: parser result domain_=AAFWK eventName_=APP_ATTACH
08-05 15:03:48.794   451   451 E 01510/IPCObjectStub: IPCObjectStub::ProcessProto called, type = 0, normal stub object
08-05 15:03:48.795  2859  2861 W 01510/IPCObjectProxy: it is normal binder, not dbinder
08-05 15:03:48.795   431  1392 I 02d10/HiView-SysEventService: Convert2SysEvent: domain is AAFWK, eventName is APP_LAUNCH.
08-05 15:03:48.795  2859  2861 I 01510/IPCProcessSkeleton: sptr<OHOS::IRemoteObject> OHOS::IPCProcessSkeleton::FindOrNewObject(int) 170: handle:3, proto:0
08-05 15:03:48.795  2859  2861 I 01150/AppkitNative: [main_thread.cpp(ScheduleLaunchAbility:476)]MainThread schedule launch ability, name is ohos.acts.multimedia.video.videoplayer.MainAbility, type is 1.
08-05 15:03:48.795  2859  2861 I 01150/AppkitNative: [context_deal.cpp(GetBundleManager:231)]ContextDeal::GetBundleManager
08-05 15:03:48.795   431  1392 I 02d01/EventLogger: IsInterestedPipelineEvent: event coming! id:0x0, eventName:APP_LAUNCH
08-05 15:03:48.795   431  1392 I 02d01/EventLogger: IsInterestedPipelineEvent: event time:1501945428795 jsonExtraInfo is {"domain_":"AAFWK","name_":"APP_LAUNCH","type_":4,"time_":1501945428793,"tz_":"+0000","pid_":451,"tid_":1421,"uid_":5523,"APP_PID":2859,"BUNDLE_NAME":"ohos.acts.multimedia.video.videoplayer","VERSION_NAME":"1.0.0","VERSION_CODE":1000000,"PROCESS_NAME":"ohos.acts.multimedia.video.videoplayer","level_":"MINOR","tag_":"app","id_":"16465093340875043076","info_":""}
08-05 15:03:48.795   244   244 I 01800/SAMGR: SystemAbilityManagerStub::OnReceived, code = 12, callerPid = 2859, flags= 0
08-05 15:03:48.795   431  1392 W 02d01/EventLogger: IsInterestedPipelineEvent: event: id:0x0, eventName:APP_LAUNCH : EventLogger don't care and don't block other processes
08-05 15:03:48.796   431  1392 I 02d10/HiView-SysEventSource: Recycle: recycle resource
08-05 15:03:48.796   431  1392 I 02d10/HiView-SysEventService: Convert2SysEvent: domain is AAFWK, eventName is APP_ATTACH.
08-05 15:03:48.796   244   244 I 01800/SAMGR: found service : 401.
08-05 15:03:48.796   431  1392 I 02d01/EventLogger: IsInterestedPipelineEvent: event coming! id:0x0, eventName:APP_ATTACH
08-05 15:03:48.796   431  1392 I 02d01/EventLogger: IsInterestedPipelineEvent: event time:1501945428796 jsonExtraInfo is {"domain_":"AAFWK","name_":"APP_ATTACH","type_":4,"time_":1501945428793,"tz_":"+0000","pid_":451,"tid_":1421,"uid_":5523,"APP_PID":2859,"BUNDLE_NAME":"ohos.acts.multimedia.video.videoplayer","VERSION_NAME":"1.0.0","VERSION_CODE":1000000,"PROCESS_NAME":"ohos.acts.multimedia.video.videoplayer","level_":"MINOR","tag_":"app","id_":"6518213191789482821","info_":""}
08-05 15:03:48.797   431  1392 W 02d01/EventLogger: IsInterestedPipelineEvent: event: id:0x0, eventName:APP_ATTACH : EventLogger don't care and don't block other processes
08-05 15:03:48.797   431  1392 I 02d10/HiView-SysEventSource: Recycle: recycle resource
08-05 15:03:48.797  2859  2861 W 01510/IPCObjectProxy: create, desc: 
08-05 15:03:48.797   431  1384 I 02d10/HiView-SysEventSource: Parser: parser result domain_=SAMGR eventName_=SAMGR_GETSA_FREQUENCY
08-05 15:03:48.797  2859  2861 W 01510/IPCObjectProxy: no databus session attach to this handle, maybe need update
08-05 15:03:48.798   451   451 E 01510/IPCObjectStub: IPCObjectStub::ProcessProto called, type = 0, normal stub object
08-05 15:03:48.798  2859  2861 W 01510/IPCObjectProxy: it is normal binder, not dbinder
08-05 15:03:48.798  2859  2861 I 01510/IPCProcessSkeleton: sptr<OHOS::IRemoteObject> OHOS::IPCProcessSkeleton::FindOrNewObject(int) 170: handle:4, proto:0
08-05 15:03:48.798   431  1392 I 02d10/HiView-SysEventService: Convert2SysEvent: domain is SAMGR, eventName is SAMGR_GETSA_FREQUENCY.
08-05 15:03:48.798  2859  2861 I 01120/BundleMgrService: [bundle_mgr_proxy.cpp(BundleMgrProxy):66] create bundle mgr proxy instance
08-05 15:03:48.798   451   451 I 01120/BundleMgrService: [bundle_mgr_host.cpp(HandleGetBundleInfo):293] name ohos.acts.multimedia.video.videoplayer, flag 0
08-05 15:03:48.799   431  1392 I 02d01/EventLogger: IsInterestedPipelineEvent: event coming! id:0x0, eventName:SAMGR_GETSA_FREQUENCY
08-05 15:03:48.799   431  1392 I 02d01/EventLogger: IsInterestedPipelineEvent: event time:1501945428799 jsonExtraInfo is {"domain_":"SAMGR","name_":"SAMGR_GETSA_FREQUENCY","type_":2,"time_":1501945428796,"tz_":"+0000","pid_":244,"tid_":244,"uid_":5555,"CALLER_PID":2859,"SAID":401,"level_":"MINOR","tag_":"statistic","id_":"7406244329763211222","info_":""}
08-05 15:03:48.799   431  1392 W 02d01/EventLogger: IsInterestedPipelineEvent: event: id:0x0, eventName:SAMGR_GETSA_FREQUENCY : EventLogger don't care and don't block other processes
08-05 15:03:48.799   431  1392 I 02d10/HiView-SysEventSource: Recycle: recycle resource
08-05 15:03:48.799   451   451 I 01120/BundleMgrService: [bundle_util.cpp(GetUserIdByCallingUid):249] get calling uid(20010035)
08-05 15:03:48.800  2859  2861 I 01120/BundleMgrService: [bundle_mgr_proxy.cpp(~BundleMgrProxy):71] destroy create bundle mgr proxy instance
08-05 15:03:48.800  2859  2861 W 01510/IPCObjectProxy: not databus dbinder, need do nothing
08-05 15:03:48.801  2859  2861 W 01510/IPCObjectProxy: destroy, desc: IPCObjectProxy4
08-05 15:03:48.802  2859  2859 I 01150/AppkitNative: [context_deal.cpp(GetBundleManager:231)]ContextDeal::GetBundleManager
08-05 15:03:48.802   244   244 I 01800/SAMGR: SystemAbilityManagerStub::OnReceived, code = 12, callerPid = 2859, flags= 0
08-05 15:03:48.802   569   569 E 01400/OHOS::RS: RsDebug RSComposerAdapter::CreateLayer: node(1937030250511) has no available buffer.
08-05 15:03:48.802   569   569 E 01400/OHOS::RS: RSPhysicalScreenProcessor::ProcessSurface: failed to createLayer for node(id: 1937030250511)
08-05 15:03:48.803   244   244 I 01800/SAMGR: found service : 401.
08-05 15:03:48.803  2859  2859 W 01510/IPCObjectProxy: create, desc: 
08-05 15:03:48.803  2859  2859 W 01510/IPCObjectProxy: no databus session attach to this handle, maybe need update
08-05 15:03:48.803   431  1384 I 02d10/HiView-SysEventSource: Parser: parser result domain_=SAMGR eventName_=SAMGR_GETSA_FREQUENCY
08-05 15:03:48.803   451   451 E 01510/IPCObjectStub: IPCObjectStub::ProcessProto called, type = 0, normal stub object
08-05 15:03:48.804   431  1392 I 02d10/HiView-SysEventService: Convert2SysEvent: domain is SAMGR, eventName is SAMGR_GETSA_FREQUENCY.
08-05 15:03:48.804  2859  2859 W 01510/IPCObjectProxy: it is normal binder, not dbinder
08-05 15:03:48.804  2859  2859 I 01510/IPCProcessSkeleton: sptr<OHOS::IRemoteObject> OHOS::IPCProcessSkeleton::FindOrNewObject(int) 170: handle:4, proto:0
08-05 15:03:48.804  2859  2859 I 01120/BundleMgrService: [bundle_mgr_proxy.cpp(BundleMgrProxy):66] create bundle mgr proxy instance
08-05 15:03:48.804   451   451 I 01120/BundleMgrService: [bundle_mgr_host.cpp(HandleGetBundleInfo):293] name ohos.acts.multimedia.video.videoplayer, flag 0
08-05 15:03:48.804   431  1392 I 02d01/EventLogger: IsInterestedPipelineEvent: event coming! id:0x0, eventName:SAMGR_GETSA_FREQUENCY
08-05 15:03:48.804   431  1392 I 02d01/EventLogger: IsInterestedPipelineEvent: event time:1501945428804 jsonExtraInfo is {"domain_":"SAMGR","name_":"SAMGR_GETSA_FREQUENCY","type_":2,"time_":1501945428803,"tz_":"+0000","pid_":244,"tid_":244,"uid_":5555,"CALLER_PID":2859,"SAID":401,"level_":"MINOR","tag_":"statistic","id_":"12496438405264982927","info_":""}
08-05 15:03:48.804   431  1392 W 02d01/EventLogger: IsInterestedPipelineEvent: event: id:0x0, eventName:SAMGR_GETSA_FREQUENCY : EventLogger don't care and don't block other processes
08-05 15:03:48.804   451   451 I 01120/BundleMgrService: [bundle_util.cpp(GetUserIdByCallingUid):249] get calling uid(20010035)
08-05 15:03:48.804   431  1392 I 02d10/HiView-SysEventSource: Recycle: recycle resource
08-05 15:03:48.805   569   569 E 01400/OHOS::ROSEN: RsDebug RSSurfaceOhosRaster::FlushFrame fence:79
08-05 15:03:48.805  2859  2859 I 01150/AppkitNative: [main_thread.cpp(HandleLaunchApplication:888)]stageBased:0 moduleJson:0 size:1
08-05 15:03:48.805  2859  2859 I 01150/AppkitNative: [main_thread.cpp(InitResourceManager:760)]MainThread::handleLaunchApplication length: 92, moduleResPath: /data/storage/el1/bundle/ohos.acts.multimedia.video.videoplayer/assets/entry/resources.index
08-05 15:03:48.806   569   569 E 01400/Composer: SetScreenClientInfo: SetScreenClientDamage failed, ret is -5
08-05 15:03:48.806  2859  2859 I 01150/AppkitNative: [main_thread.cpp(InitResourceManager:776)]MainThread::handleLaunchApplication language: zh, script: Hans, region: ,
08-05 15:03:48.806  2859  2859 W 02200/Configuration: [configuration.cpp(MakeTheKey:65)] getKey [0#ohos.system.colorMode]
08-05 15:03:48.806  2859  2859 I 01150/AppkitNative: [main_thread.cpp(InitResourceManager:782)]colormode is light.
08-05 15:03:48.817  2859  2859 I 01150/AppkitNative: [ohos_application.cpp(SetApplicationContext:157)]OHOSApplication::SetApplicationContext
